******************************************************************************
                  MSP430 Linker Unix v4.4.3                    
******************************************************************************
>> Linked Tue May  3 09:11:52 2016

OUTPUT FILE NAME:   <MainController_v1a.out>
ENTRY POINT SYMBOL: "_c_int00_noargs_noexit"  address: 0000c380


MEMORY CONFIGURATION

         name            origin    length      used     unused   attr    fill
----------------------  --------  ---------  --------  --------  ----  --------
  SFR                   00000000   00000010  00000000  00000010  RWIX
  PERIPHERALS_8BIT      00000010   000000f0  00000000  000000f0  RWIX
  PERIPHERALS_16BIT     00000100   00000100  00000000  00000100  RWIX
  INFOD                 00001800   00000080  00000000  00000080  RWIX
  INFOC                 00001880   00000080  00000000  00000080  RWIX
  INFOB                 00001900   00000080  00000000  00000080  RWIX
  INFOA                 00001980   00000080  00000000  00000080  RWIX
  USBRAM                00001c00   00000800  00000000  00000800  RWIX
  RAM                   00002400   00001800  000008dc  00000f24  RWIX
  FLASH                 00008000   00007f80  00004888  000036f8  RWIX
  INT00                 0000ff80   00000002  00000000  00000002  RWIX
  INT01                 0000ff82   00000002  00000000  00000002  RWIX
  INT02                 0000ff84   00000002  00000000  00000002  RWIX
  INT03                 0000ff86   00000002  00000000  00000002  RWIX
  INT04                 0000ff88   00000002  00000000  00000002  RWIX
  INT05                 0000ff8a   00000002  00000000  00000002  RWIX
  INT06                 0000ff8c   00000002  00000000  00000002  RWIX
  INT07                 0000ff8e   00000002  00000000  00000002  RWIX
  INT08                 0000ff90   00000002  00000000  00000002  RWIX
  INT09                 0000ff92   00000002  00000000  00000002  RWIX
  INT10                 0000ff94   00000002  00000000  00000002  RWIX
  INT11                 0000ff96   00000002  00000000  00000002  RWIX
  INT12                 0000ff98   00000002  00000000  00000002  RWIX
  INT13                 0000ff9a   00000002  00000000  00000002  RWIX
  INT14                 0000ff9c   00000002  00000000  00000002  RWIX
  INT15                 0000ff9e   00000002  00000000  00000002  RWIX
  INT16                 0000ffa0   00000002  00000000  00000002  RWIX
  INT17                 0000ffa2   00000002  00000000  00000002  RWIX
  INT18                 0000ffa4   00000002  00000000  00000002  RWIX
  INT19                 0000ffa6   00000002  00000000  00000002  RWIX
  INT20                 0000ffa8   00000002  00000000  00000002  RWIX
  INT21                 0000ffaa   00000002  00000000  00000002  RWIX
  INT22                 0000ffac   00000002  00000000  00000002  RWIX
  INT23                 0000ffae   00000002  00000000  00000002  RWIX
  INT24                 0000ffb0   00000002  00000000  00000002  RWIX
  INT25                 0000ffb2   00000002  00000000  00000002  RWIX
  INT26                 0000ffb4   00000002  00000000  00000002  RWIX
  INT27                 0000ffb6   00000002  00000000  00000002  RWIX
  INT28                 0000ffb8   00000002  00000000  00000002  RWIX
  INT29                 0000ffba   00000002  00000000  00000002  RWIX
  INT30                 0000ffbc   00000002  00000000  00000002  RWIX
  INT31                 0000ffbe   00000002  00000000  00000002  RWIX
  INT32                 0000ffc0   00000002  00000000  00000002  RWIX
  INT33                 0000ffc2   00000002  00000000  00000002  RWIX
  INT34                 0000ffc4   00000002  00000000  00000002  RWIX
  INT35                 0000ffc6   00000002  00000000  00000002  RWIX
  INT36                 0000ffc8   00000002  00000000  00000002  RWIX
  INT37                 0000ffca   00000002  00000000  00000002  RWIX
  INT38                 0000ffcc   00000002  00000000  00000002  RWIX
  INT39                 0000ffce   00000002  00000000  00000002  RWIX
  INT40                 0000ffd0   00000002  00000000  00000002  RWIX
  INT41                 0000ffd2   00000002  00000002  00000000  RWIX
  INT42                 0000ffd4   00000002  00000002  00000000  RWIX
  INT43                 0000ffd6   00000002  00000002  00000000  RWIX
  INT44                 0000ffd8   00000002  00000002  00000000  RWIX
  INT45                 0000ffda   00000002  00000002  00000000  RWIX
  INT46                 0000ffdc   00000002  00000002  00000000  RWIX
  INT47                 0000ffde   00000002  00000002  00000000  RWIX
  INT48                 0000ffe0   00000002  00000002  00000000  RWIX
  INT49                 0000ffe2   00000002  00000002  00000000  RWIX
  INT50                 0000ffe4   00000002  00000002  00000000  RWIX
  INT51                 0000ffe6   00000002  00000002  00000000  RWIX
  INT52                 0000ffe8   00000002  00000002  00000000  RWIX
  INT53                 0000ffea   00000002  00000002  00000000  RWIX
  INT54                 0000ffec   00000002  00000002  00000000  RWIX
  INT55                 0000ffee   00000002  00000002  00000000  RWIX
  INT56                 0000fff0   00000002  00000002  00000000  RWIX
  INT57                 0000fff2   00000002  00000002  00000000  RWIX
  INT58                 0000fff4   00000002  00000002  00000000  RWIX
  INT59                 0000fff6   00000002  00000002  00000000  RWIX
  INT60                 0000fff8   00000002  00000002  00000000  RWIX
  INT61                 0000fffa   00000002  00000002  00000000  RWIX
  INT62                 0000fffc   00000002  00000002  00000000  RWIX
  RESET                 0000fffe   00000002  00000002  00000000  RWIX


SECTION ALLOCATION MAP

 output                                  attributes/
section   page    origin      length       input sections
--------  ----  ----------  ----------   ----------------
.data      0    00002400    000004fa     UNINITIALIZED
                  00002400    000001f8     dbg_uart_uscia0.obj (.data)
                  000025f8    000000b7     main.obj (.data)
                  000026af    000000b6     i2c_uscib1.obj (.data)
                  00002765    00000001     --HOLE--
                  00002766    00000056     main.obj (.data:adc_internal_buffer)
                  000027bc    00000056     main.obj (.data:adc_output_buffer)
                  00002812    00000040     main.obj (.data:mass_hist_buf)
                  00002852    0000002b     main.obj (.data:adc_data_ready_flags)
                  0000287d    00000001     --HOLE--
                  0000287e    00000018     main.obj (.data:warn_log)
                  00002896    00000016     ldc_spi_uscib0.obj (.data)
                  000028ac    00000016     motor_spi_uscia1.obj (.data)
                  000028c2    00000014     main.obj (.data:err_log)
                  000028d6    00000010     main.obj (.data:opt_data_low_buf)
                  000028e6    00000010     main.obj (.data:opt_data_time_buf)
                  000028f6    00000004     main.obj (.data:ldc_data_buf)

.bss       0    000028fa    00000342     UNINITIALIZED
                  000028fa    00000320     (.common:mass_data_buf)
                  00002c1a    00000020     (.common:debug_cmd_buf)
                  00002c3a    00000002     (.common:up_counter$22)

.stack     0    00003b60    000000a0     UNINITIALIZED
                  00003b60    00000002     rts430x_lc_sd_eabi.lib : boot.obj (.stack)
                  00003b62    0000009e     --HOLE--

.text      0    00008000    000045c4     
                  00008000    00000f7a     main.obj (.text:debug_task)
                  00008f7a    000004e8     main.obj (.text:mass_task)
                  00009462    000003a8     main.obj (.text:ldc_task)
                  0000980a    000002b8     main.obj (.text:chimney_task)
                  00009ac2    00000260     main.obj (.text:bin_task)
                  00009d22    0000021a     main.obj (.text:opt_task)
                  00009f3c    00000206     main.obj (.text:i2c_task)
                  0000a142    000001da     main.obj (.text:compact_task)
                  0000a31c    000001a8     main.obj (.text:step_task)
                  0000a4c4    0000013a     main.obj (.text:adc_task)
                  0000a5fe    0000011c     main.obj (.text:ldc_setup)
                  0000a71a    000000f0     main.obj (.text:motor_spi_task)
                  0000a80a    000000ee     main.obj (.text:check_bin_request_pos_compensated)
                  0000a8f8    000000e2     utils.obj (.text:error_dump)
                  0000a9da    000000e2     main.obj (.text:reset_isr)
                  0000aabc    000000e2     utils.obj (.text:warning_dump)
                  0000ab9e    000000d6     rts430x_lc_sd_eabi.lib : copy_decompress_rle.obj (.text:__TI_decompress_rle_core)
                  0000ac74    000000d2     main.obj (.text:_isr:ADC12_ISR)
                  0000ad46    000000b8     utils.obj (.text:hex2ascii_int)
                  0000adfe    000000b0     main.obj (.text:main)
                  0000aeae    000000a8     main.obj (.text:check_bin_resp)
                  0000af56    000000a8     main.obj (.text:check_chimney_resp)
                  0000affe    000000a8     main.obj (.text:check_compact_resp)
                  0000b0a6    000000a2     main.obj (.text:get_bin_motor_dir)
                  0000b148    00000096     main.obj (.text:_isr:USCIA1_ISR)
                  0000b1de    00000092     main.obj (.text:_isr:USCIB0_ISR)
                  0000b270    00000092     main.obj (.text:ldc_sensor_data_check_outside)
                  0000b302    0000008e     main.obj (.text:check_chim_next_pos)
                  0000b390    00000084     main.obj (.text:opt_sensor_data_check_outside)
                  0000b414    00000082     utils.obj (.text:ascii2hex_byte)
                  0000b496    00000080     rts430x_lc_sd_eabi.lib : autoinit_wdt.obj (.text:_auto_init_hold_wdt)
                  0000b516    00000080     main.obj (.text:check_bin_pos)
                  0000b596    00000080     main.obj (.text:check_bin_request_pos)
                  0000b616    00000078     main.obj (.text:_isr:USCIA0_ISR)
                  0000b68e    00000078     main.obj (.text:mass_sensor_data_check_outside)
                  0000b706    00000072     main.obj (.text:ldc_write_reg)
                  0000b778    00000070     main.obj (.text:_isr:USCI_B1_ISR)
                  0000b7e8    00000068     main.obj (.text:check_chim_paddle_pos)
                  0000b850    00000066     main.obj (.text:ldc_sensor_data_check_inside)
                  0000b8b6    00000064     main.obj (.text:check_chim_full_rot)
                  0000b91a    00000062     main.obj (.text:mass_sensor_data_check_inside)
                  0000b97c    00000062     main.obj (.text:opt_sensor_data_check_inside)
                  0000b9de    0000005e     main.obj (.text:check_compact_pos)
                  0000ba3c    0000005c     main.obj (.text:_isr:unmi_isr)
                  0000ba98    0000005a     ldc_spi_uscib0.obj (.text:init_LDC_SPI_transac)
                  0000baf2    00000058     motor_spi_uscia1.obj (.text:init_motor_SPI_transac)
                  0000bb4a    00000056     utils.obj (.text:hex2ascii_byte)
                  0000bba0    00000054     motor_spi_uscia1.obj (.text:MOTOR_SPI_setup)
                  0000bbf4    00000050     motor.obj (.text:motor_pwm_setup)
                  0000bc44    0000004e     clock_f5.obj (.text:SetVCoreUp)
                  0000bc92    0000004e     main.obj (.text:check_bin_nearest_pos)
                  0000bce0    0000004c     utils.obj (.text:dec2ascii_byte)
                  0000bd2c    0000004c     main.obj (.text:motor_enable_setup)
                  0000bd78    0000004c     clock_f5.obj (.text:setup_clock)
                  0000bdc4    00000048     ldc_spi_uscib0.obj (.text:LDC_SPI_setup)
                  0000be0c    00000044     dbg_uart_uscia0.obj (.text:dbg_uart_send_string)
                  0000be50    00000040     rts430x_lc_sd_eabi.lib : cpy_util.obj (.text:__memcpy_far)
                  0000be90    00000040     i2c_uscib1.obj (.text:i2c_uscib1_setup)
                  0000bed0    0000003e     rts430x_lc_sd_eabi.lib : copy_zero_init.obj (.text:decompress:ZI:__TI_zero_init)
                  0000bf0e    0000003e     i2c_uscib1.obj (.text:init_I2C_transac)
                  0000bf4c    0000003c     utils.obj (.text:clear_warnings)
                  0000bf88    0000003c     rts430x_lc_sd_eabi.lib : copy_decompress_none.obj (.text:decompress:none:__TI_decompress_none)
                  0000bfc4    00000038     utils.obj (.text:clear_errors)
                  0000bffc    00000038     utils.obj (.text:issue_warning)
                  0000c034    0000002e     ldc_spi_uscib0.obj (.text:get_LDC_SPI_rx_data)
                  0000c062    0000002e     utils.obj (.text:issue_error)
                  0000c090    0000002c     main.obj (.text:_isr:TimerA0)
                  0000c0bc    0000002c     main.obj (.text:adc_setup)
                  0000c0e8    0000002c     dbg_uart_uscia0.obj (.text:dbg_uart_send_byte)
                  0000c114    0000002c     rts430x_lc_sd_eabi.lib : div16s.obj (.text)
                  0000c140    00000028     dbg_uart_uscia0.obj (.text:setup_dbg_uart)
                  0000c168    00000026     main.obj (.text:led_task)
                  0000c18e    00000024     main.obj (.text:stepper_setup)
                  0000c1b2    00000024     utils.obj (.text:strncmp)
                  0000c1d6    00000022     utils.obj (.text:P1_get)
                  0000c1f8    00000022     utils.obj (.text:P2_get)
                  0000c21a    00000022     utils.obj (.text:P3_get)
                  0000c23c    00000022     utils.obj (.text:P4_get)
                  0000c25e    00000022     utils.obj (.text:P5_get)
                  0000c280    00000022     utils.obj (.text:P6_get)
                  0000c2a2    00000022     utils.obj (.text:P7_get)
                  0000c2c4    00000022     utils.obj (.text:P8_get)
                  0000c2e6    00000020     motor_spi_uscia1.obj (.text:get_motor_SPI_rx_data)
                  0000c306    00000020     main.obj (.text:is_inside_interval)
                  0000c326    00000020     main.obj (.text:stepper_enable)
                  0000c346    0000001e     main.obj (.text:sys_task)
                  0000c364    0000001c     main.obj (.text:bin_full_setup)
                  0000c380    0000001a     rts430x_lc_sd_eabi.lib : boot_special.obj (.text:_isr:_c_int00_noargs_noexit)
                  0000c39a    0000001a     main.obj (.text:compact_setup)
                  0000c3b4    0000001a     dbg_uart_uscia0.obj (.text:dbg_uart_get_byte)
                  0000c3ce    00000016     main.obj (.text:led_setup)
                  0000c3e4    00000016     rts430x_lc_sd_eabi.lib : div16u.obj (.text)
                  0000c3fa    00000016                            : mult16_f5hw.obj (.text)
                  0000c410    00000014                            : memset.obj (.text:memset)
                  0000c424    00000014     motor.obj (.text:set_bin_direction)
                  0000c438    00000014     motor.obj (.text:set_compact_direction)
                  0000c44c    00000012     main.obj (.text:check_compact_timeout)
                  0000c45e    00000012     i2c_uscib1.obj (.text:end_I2C_transac)
                  0000c470    00000012     ldc_spi_uscib0.obj (.text:end_LDC_SPI_transac)
                  0000c482    00000012     main.obj (.text:get_curr_bin_pos)
                  0000c494    00000012     main.obj (.text:get_curr_chimney_pos)
                  0000c4a6    00000012     main.obj (.text:get_curr_compact_pos)
                  0000c4b8    00000010     motor.obj (.text:set_bin_speed)
                  0000c4c8    00000010     motor.obj (.text:set_chimney_direction)
                  0000c4d8    00000010     motor.obj (.text:set_chimney_speed)
                  0000c4e8    00000010     motor.obj (.text:set_compact_speed)
                  0000c4f8    0000000e     rts430x_lc_sd_eabi.lib : copy_decompress_rle.obj (.text:decompress:rle24:__TI_decompress_rle24)
                  0000c506    0000000e     main.obj (.text:is_bin_door_open)
                  0000c514    0000000e     dbg_uart_uscia0.obj (.text:is_dbg_uart_rx_data_ready)
                  0000c522    0000000e     main.obj (.text:is_entry_door_open)
                  0000c530    0000000e     main.obj (.text:is_step_switch_pressed)
                  0000c53e    0000000c     main.obj (.text:_isr:TimerA1)
                  0000c54a    0000000a     main.obj (.text:reset_compact_timer)
                  0000c554    00000008     utils.obj (.text:led_P5_6_off)
                  0000c55c    00000008     utils.obj (.text:led_P5_6_on)
                  0000c564    00000008     utils.obj (.text:led_P7_7_off)
                  0000c56c    00000008     utils.obj (.text:led_P7_7_on)
                  0000c574    00000006     rts430x_lc_sd_eabi.lib : isr_trap.obj (.text:_isr:__TI_ISR_TRAP)
                  0000c57a    00000006     dbg_uart_uscia0.obj (.text:disable_dbg_uart_txint)
                  0000c580    00000006     dbg_uart_uscia0.obj (.text:enable_dbg_uart_txint)
                  0000c586    00000006     i2c_uscib1.obj (.text:is_I2C_rx_ready)
                  0000c58c    00000006     ldc_spi_uscib0.obj (.text:is_LDC_spi_rx_ready)
                  0000c592    00000006     utils.obj (.text:is_error)
                  0000c598    00000006     motor_spi_uscia1.obj (.text:is_motor_spi_rx_ready)
                  0000c59e    00000006     utils.obj (.text:led_P1_0_off)
                  0000c5a4    00000006     utils.obj (.text:led_P1_0_on)
                  0000c5aa    00000006     utils.obj (.text:led_P2_2_off)
                  0000c5b0    00000006     utils.obj (.text:led_P2_2_on)
                  0000c5b6    00000006     main.obj (.text:stepper_disable)
                  0000c5bc    00000004     rts430x_lc_sd_eabi.lib : pre_init.obj (.text:_system_pre_init)
                  0000c5c0    00000004                            : exit.obj (.text:abort)

.const     0    0000c5c4    0000027c     
                  0000c5c4    0000022a     main.obj (.const:.string)
                  0000c7ee    00000050     main.obj (.const:.string:ui_buf)
                  0000c83e    00000002     main.obj (.const:.string:$P$T0$1)

.cinit     0    0000c840    00000048     
                  0000c840    00000025     (.cinit..data.load) [load image, compression = rle]
                  0000c865    00000001     --HOLE-- [fill = 0]
                  0000c866    0000000c     (__TI_handler_table)
                  0000c872    00000006     (.cinit..bss.load) [load image, compression = zero_init]
                  0000c878    00000010     (__TI_cinit_table)

.init_array 
*          0    00008000    00000000     UNINITIALIZED

.TI.persistent 
*          0    00002400    00000000     UNINITIALIZED

RTC        0    0000ffd2    00000002     
                  0000ffd2    00000002     rts430x_lc_sd_eabi.lib : int41.obj (.int41)

PORT2      0    0000ffd4    00000002     
                  0000ffd4    00000002     rts430x_lc_sd_eabi.lib : int42.obj (.int42)

TIMER2_A1 
*          0    0000ffd6    00000002     
                  0000ffd6    00000002     rts430x_lc_sd_eabi.lib : int43.obj (.int43)

TIMER2_A0 
*          0    0000ffd8    00000002     
                  0000ffd8    00000002     rts430x_lc_sd_eabi.lib : int44.obj (.int44)

USCI_B1    0    0000ffda    00000002     
                  0000ffda    00000002     main.obj (.int45)

USCI_A1    0    0000ffdc    00000002     
                  0000ffdc    00000002     main.obj (.int46)

PORT1      0    0000ffde    00000002     
                  0000ffde    00000002     rts430x_lc_sd_eabi.lib : int47.obj (.int47)

TIMER1_A1 
*          0    0000ffe0    00000002     
                  0000ffe0    00000002     rts430x_lc_sd_eabi.lib : int48.obj (.int48)

TIMER1_A0 
*          0    0000ffe2    00000002     
                  0000ffe2    00000002     main.obj (.int49)

DMA        0    0000ffe4    00000002     
                  0000ffe4    00000002     rts430x_lc_sd_eabi.lib : int50.obj (.int50)

USB_UBM    0    0000ffe6    00000002     
                  0000ffe6    00000002     rts430x_lc_sd_eabi.lib : int51.obj (.int51)

TIMER0_A1 
*          0    0000ffe8    00000002     
                  0000ffe8    00000002     main.obj (.int52)

TIMER0_A0 
*          0    0000ffea    00000002     
                  0000ffea    00000002     rts430x_lc_sd_eabi.lib : int53.obj (.int53)

ADC12      0    0000ffec    00000002     
                  0000ffec    00000002     main.obj (.int54)

USCI_B0    0    0000ffee    00000002     
                  0000ffee    00000002     main.obj (.int55)

USCI_A0    0    0000fff0    00000002     
                  0000fff0    00000002     main.obj (.int56)

WDT        0    0000fff2    00000002     
                  0000fff2    00000002     rts430x_lc_sd_eabi.lib : int57.obj (.int57)

TIMER0_B1 
*          0    0000fff4    00000002     
                  0000fff4    00000002     rts430x_lc_sd_eabi.lib : int58.obj (.int58)

TIMER0_B0 
*          0    0000fff6    00000002     
                  0000fff6    00000002     rts430x_lc_sd_eabi.lib : int59.obj (.int59)

COMP_B     0    0000fff8    00000002     
                  0000fff8    00000002     rts430x_lc_sd_eabi.lib : int60.obj (.int60)

UNMI       0    0000fffa    00000002     
                  0000fffa    00000002     main.obj (.int61)

SYSNMI     0    0000fffc    00000002     
                  0000fffc    00000002     rts430x_lc_sd_eabi.lib : int62.obj (.int62)

.reset     0    0000fffe    00000002     
                  0000fffe    00000002     rts430x_lc_sd_eabi.lib : boot.obj (.reset)


LINKER GENERATED COPY TABLES

__TI_cinit_table @ 0000c878 records: 2, size/record: 8, table size: 16
	.data: load addr=0000c840, load size=00000025 bytes, run addr=00002400, run size=000004fa bytes, compression=rle
	.bss: load addr=0000c872, load size=00000006 bytes, run addr=000028fa, run size=00000342 bytes, compression=zero_init


LINKER GENERATED HANDLER TABLE

__TI_handler_table @ 0000c866 records: 3, size/record: 4, table size: 12
	index: 0, handler: __TI_zero_init
	index: 1, handler: __TI_decompress_rle24
	index: 2, handler: __TI_decompress_none


GLOBAL SYMBOLS: SORTED ALPHABETICALLY BY Name 

address   name                             
-------   ----                             
00000700  ADC12CTL0                        
00000701  ADC12CTL0_H                      
00000700  ADC12CTL0_L                      
00000702  ADC12CTL1                        
00000703  ADC12CTL1_H                      
00000702  ADC12CTL1_L                      
00000704  ADC12CTL2                        
00000705  ADC12CTL2_H                      
00000704  ADC12CTL2_L                      
0000070c  ADC12IE                          
0000070d  ADC12IE_H                        
0000070c  ADC12IE_L                        
0000070a  ADC12IFG                         
0000070b  ADC12IFG_H                       
0000070a  ADC12IFG_L                       
0000070e  ADC12IV                          
0000070f  ADC12IV_H                        
0000070e  ADC12IV_L                        
00000710  ADC12MCTL0                       
00000711  ADC12MCTL1                       
0000071a  ADC12MCTL10                      
0000071b  ADC12MCTL11                      
0000071c  ADC12MCTL12                      
0000071d  ADC12MCTL13                      
0000071e  ADC12MCTL14                      
0000071f  ADC12MCTL15                      
00000712  ADC12MCTL2                       
00000713  ADC12MCTL3                       
00000714  ADC12MCTL4                       
00000715  ADC12MCTL5                       
00000716  ADC12MCTL6                       
00000717  ADC12MCTL7                       
00000718  ADC12MCTL8                       
00000719  ADC12MCTL9                       
00000720  ADC12MEM0                        
00000721  ADC12MEM0_H                      
00000720  ADC12MEM0_L                      
00000722  ADC12MEM1                        
00000734  ADC12MEM10                       
00000735  ADC12MEM10_H                     
00000734  ADC12MEM10_L                     
00000736  ADC12MEM11                       
00000737  ADC12MEM11_H                     
00000736  ADC12MEM11_L                     
00000738  ADC12MEM12                       
00000739  ADC12MEM12_H                     
00000738  ADC12MEM12_L                     
0000073a  ADC12MEM13                       
0000073b  ADC12MEM13_H                     
0000073a  ADC12MEM13_L                     
0000073c  ADC12MEM14                       
0000073d  ADC12MEM14_H                     
0000073c  ADC12MEM14_L                     
0000073e  ADC12MEM15                       
0000073f  ADC12MEM15_H                     
0000073e  ADC12MEM15_L                     
00000723  ADC12MEM1_H                      
00000722  ADC12MEM1_L                      
00000724  ADC12MEM2                        
00000725  ADC12MEM2_H                      
00000724  ADC12MEM2_L                      
00000726  ADC12MEM3                        
00000727  ADC12MEM3_H                      
00000726  ADC12MEM3_L                      
00000728  ADC12MEM4                        
00000729  ADC12MEM4_H                      
00000728  ADC12MEM4_L                      
0000072a  ADC12MEM5                        
0000072b  ADC12MEM5_H                      
0000072a  ADC12MEM5_L                      
0000072c  ADC12MEM6                        
0000072d  ADC12MEM6_H                      
0000072c  ADC12MEM6_L                      
0000072e  ADC12MEM7                        
0000072f  ADC12MEM7_H                      
0000072e  ADC12MEM7_L                      
00000730  ADC12MEM8                        
00000731  ADC12MEM8_H                      
00000730  ADC12MEM8_L                      
00000732  ADC12MEM9                        
00000733  ADC12MEM9_H                      
00000732  ADC12MEM9_L                      
0000ac74  ADC12_ISR                        
0000c5c0  C$$EXIT                          
000008c0  CBCTL0                           
000008c1  CBCTL0_H                         
000008c0  CBCTL0_L                         
000008c2  CBCTL1                           
000008c3  CBCTL1_H                         
000008c2  CBCTL1_L                         
000008c4  CBCTL2                           
000008c5  CBCTL2_H                         
000008c4  CBCTL2_L                         
000008c6  CBCTL3                           
000008c7  CBCTL3_H                         
000008c6  CBCTL3_L                         
000008cc  CBINT                            
000008cd  CBINT_H                          
000008cc  CBINT_L                          
000008ce  CBIV                             
00000150  CRCDI                            
00000152  CRCDIRB                          
00000153  CRCDIRB_H                        
00000152  CRCDIRB_L                        
00000151  CRCDI_H                          
00000150  CRCDI_L                          
00000154  CRCINIRES                        
00000155  CRCINIRES_H                      
00000154  CRCINIRES_L                      
00000156  CRCRESR                          
00000157  CRCRESR_H                        
00000156  CRCRESR_L                        
00002400  DBG_UART_data                    
00000510  DMA0CTL                          
00000511  DMA0CTL_H                        
00000510  DMA0CTL_L                        
00000516  DMA0DA                           
00000518  DMA0DAH                          
00000516  DMA0DAL                          
00000512  DMA0SA                           
00000514  DMA0SAH                          
00000512  DMA0SAL                          
0000051a  DMA0SZ                           
00000520  DMA1CTL                          
00000521  DMA1CTL_H                        
00000520  DMA1CTL_L                        
00000526  DMA1DA                           
00000528  DMA1DAH                          
00000526  DMA1DAL                          
00000522  DMA1SA                           
00000524  DMA1SAH                          
00000522  DMA1SAL                          
0000052a  DMA1SZ                           
00000530  DMA2CTL                          
00000531  DMA2CTL_H                        
00000530  DMA2CTL_L                        
00000536  DMA2DA                           
00000538  DMA2DAH                          
00000536  DMA2DAL                          
00000532  DMA2SA                           
00000534  DMA2SAH                          
00000532  DMA2SAL                          
0000053a  DMA2SZ                           
00000500  DMACTL0                          
00000501  DMACTL0_H                        
00000500  DMACTL0_L                        
00000502  DMACTL1                          
00000503  DMACTL1_H                        
00000502  DMACTL1_L                        
00000504  DMACTL2                          
00000505  DMACTL2_H                        
00000504  DMACTL2_L                        
00000506  DMACTL3                          
00000507  DMACTL3_H                        
00000506  DMACTL3_L                        
00000508  DMACTL4                          
00000509  DMACTL4_H                        
00000508  DMACTL4_L                        
0000050e  DMAIV                            
0000050f  DMAIV_H                          
0000050e  DMAIV_L                          
00000140  FCTL1                            
00000141  FCTL1_H                          
00000140  FCTL1_L                          
00000144  FCTL3                            
00000145  FCTL3_H                          
00000144  FCTL3_L                          
00000146  FCTL4                            
00000147  FCTL4_H                          
00000146  FCTL4_L                          
000026af  I2C_data                         
00002896  LDC_SPI_data                     
0000bdc4  LDC_SPI_setup                    
000004c4  MAC                              
000004da  MAC32H                           
000004db  MAC32H_H                         
000004da  MAC32H_L                         
000004d8  MAC32L                           
000004d9  MAC32L_H                         
000004d8  MAC32L_L                         
000004c6  MACS                             
000004de  MACS32H                          
000004df  MACS32H_H                        
000004de  MACS32H_L                        
000004dc  MACS32L                          
000004dd  MACS32L_H                        
000004dc  MACS32L_L                        
000004c7  MACS_H                           
000004c6  MACS_L                           
000004c5  MAC_H                            
000004c4  MAC_L                            
000028ac  MOTOR_SPI_data                   
0000bba0  MOTOR_SPI_setup                  
000004c0  MPY                              
000004ec  MPY32CTL0                        
000004ed  MPY32CTL0_H                      
000004ec  MPY32CTL0_L                      
000004d2  MPY32H                           
000004d3  MPY32H_H                         
000004d2  MPY32H_L                         
000004d0  MPY32L                           
000004d1  MPY32L_H                         
000004d0  MPY32L_L                         
000004c2  MPYS                             
000004d6  MPYS32H                          
000004d7  MPYS32H_H                        
000004d6  MPYS32H_L                        
000004d4  MPYS32L                          
000004d5  MPYS32L_H                        
000004d4  MPYS32L_L                        
000004c3  MPYS_H                           
000004c2  MPYS_L                           
000004c1  MPY_H                            
000004c0  MPY_L                            
000004c8  OP2                              
000004e2  OP2H                             
000004e3  OP2H_H                           
000004e2  OP2H_L                           
000004e0  OP2L                             
000004e1  OP2L_H                           
000004e0  OP2L_L                           
000004c9  OP2_H                            
000004c8  OP2_L                            
0000020e  P1IV                             
0000c1d6  P1_get                           
0000021e  P2IV                             
0000c1f8  P2_get                           
0000c21a  P3_get                           
000001e0  P4MAP01                          
000001e1  P4MAP01_H                        
000001e0  P4MAP01_L                        
000001e2  P4MAP23                          
000001e3  P4MAP23_H                        
000001e2  P4MAP23_L                        
000001e4  P4MAP45                          
000001e5  P4MAP45_H                        
000001e4  P4MAP45_L                        
000001e6  P4MAP67                          
000001e7  P4MAP67_H                        
000001e6  P4MAP67_L                        
0000c23c  P4_get                           
0000c25e  P5_get                           
0000c280  P6_get                           
0000c2a2  P7_get                           
0000c2c4  P8_get                           
00000204  PADIR                            
00000205  PADIR_H                          
00000204  PADIR_L                          
00000208  PADS                             
00000209  PADS_H                           
00000208  PADS_L                           
0000021a  PAIE                             
00000218  PAIES                            
00000219  PAIES_H                          
00000218  PAIES_L                          
0000021b  PAIE_H                           
0000021a  PAIE_L                           
0000021c  PAIFG                            
0000021d  PAIFG_H                          
0000021c  PAIFG_L                          
00000200  PAIN                             
00000201  PAIN_H                           
00000200  PAIN_L                           
00000202  PAOUT                            
00000203  PAOUT_H                          
00000202  PAOUT_L                          
00000206  PAREN                            
00000207  PAREN_H                          
00000206  PAREN_L                          
0000020a  PASEL                            
0000020b  PASEL_H                          
0000020a  PASEL_L                          
00000224  PBDIR                            
00000225  PBDIR_H                          
00000224  PBDIR_L                          
00000228  PBDS                             
00000229  PBDS_H                           
00000228  PBDS_L                           
00000220  PBIN                             
00000221  PBIN_H                           
00000220  PBIN_L                           
00000222  PBOUT                            
00000223  PBOUT_H                          
00000222  PBOUT_L                          
00000226  PBREN                            
00000227  PBREN_H                          
00000226  PBREN_L                          
0000022a  PBSEL                            
0000022b  PBSEL_H                          
0000022a  PBSEL_L                          
00000244  PCDIR                            
00000245  PCDIR_H                          
00000244  PCDIR_L                          
00000248  PCDS                             
00000249  PCDS_H                           
00000248  PCDS_L                           
00000240  PCIN                             
00000241  PCIN_H                           
00000240  PCIN_L                           
00000242  PCOUT                            
00000243  PCOUT_H                          
00000242  PCOUT_L                          
00000246  PCREN                            
00000247  PCREN_H                          
00000246  PCREN_L                          
0000024a  PCSEL                            
0000024b  PCSEL_H                          
0000024a  PCSEL_L                          
00000264  PDDIR                            
00000265  PDDIR_H                          
00000264  PDDIR_L                          
00000268  PDDS                             
00000269  PDDS_H                           
00000268  PDDS_L                           
00000260  PDIN                             
00000261  PDIN_H                           
00000260  PDIN_L                           
00000262  PDOUT                            
00000263  PDOUT_H                          
00000262  PDOUT_L                          
00000266  PDREN                            
00000267  PDREN_H                          
00000266  PDREN_L                          
0000026a  PDSEL                            
0000026b  PDSEL_H                          
0000026a  PDSEL_L                          
00000324  PJDIR                            
00000325  PJDIR_H                          
00000324  PJDIR_L                          
00000328  PJDS                             
00000329  PJDS_H                           
00000328  PJDS_L                           
00000320  PJIN                             
00000321  PJIN_H                           
00000320  PJIN_L                           
00000322  PJOUT                            
00000323  PJOUT_H                          
00000322  PJOUT_L                          
00000326  PJREN                            
00000327  PJREN_H                          
00000326  PJREN_L                          
00000130  PM5CTL0                          
00000131  PM5CTL0_H                        
00000130  PM5CTL0_L                        
000001c2  PMAPCTL                          
000001c3  PMAPCTL_H                        
000001c2  PMAPCTL_L                        
000001c0  PMAPKEYID                        
000001c1  PMAPKEYID_H                      
000001c0  PMAPKEYID_L                      
00000120  PMMCTL0                          
00000121  PMMCTL0_H                        
00000120  PMMCTL0_L                        
00000122  PMMCTL1                          
00000123  PMMCTL1_H                        
00000122  PMMCTL1_L                        
0000012c  PMMIFG                           
0000012d  PMMIFG_H                         
0000012c  PMMIFG_L                         
0000012e  PMMRIE                           
0000012f  PMMRIE_H                         
0000012e  PMMRIE_L                         
00000158  RCCTL0                           
00000159  RCCTL0_H                         
00000158  RCCTL0_L                         
000001b0  REFCTL0                          
000001b1  REFCTL0_H                        
000001b0  REFCTL0_L                        
000004e4  RES0                             
000004e5  RES0_H                           
000004e4  RES0_L                           
000004e6  RES1                             
000004e7  RES1_H                           
000004e6  RES1_L                           
000004e8  RES2                             
000004e9  RES2_H                           
000004e8  RES2_L                           
000004ea  RES3                             
000004eb  RES3_H                           
000004ea  RES3_L                           
000004cc  RESHI                            
000004cd  RESHI_H                          
000004cc  RESHI_L                          
000004ca  RESLO                            
000004cb  RESLO_H                          
000004ca  RESLO_L                          
000004ba  RTCADOWDAY                       
000004bb  RTCADOWDAY_H                     
000004ba  RTCADOWDAY_L                     
000004b8  RTCAMINHR                        
000004b9  RTCAMINHR_H                      
000004b8  RTCAMINHR_L                      
000004a0  RTCCTL01                         
000004a1  RTCCTL01_H                       
000004a0  RTCCTL01_L                       
000004a2  RTCCTL23                         
000004a3  RTCCTL23_H                       
000004a2  RTCCTL23_L                       
000004b4  RTCDATE                          
000004b5  RTCDATE_H                        
000004b4  RTCDATE_L                        
000004ae  RTCIV                            
000004ac  RTCPS                            
000004a8  RTCPS0CTL                        
000004a9  RTCPS0CTL_H                      
000004a8  RTCPS0CTL_L                      
000004aa  RTCPS1CTL                        
000004ab  RTCPS1CTL_H                      
000004aa  RTCPS1CTL_L                      
000004ad  RTCPS_H                          
000004ac  RTCPS_L                          
000004b0  RTCTIM0                          
000004b1  RTCTIM0_H                        
000004b0  RTCTIM0_L                        
000004b2  RTCTIM1                          
000004b3  RTCTIM1_H                        
000004b2  RTCTIM1_L                        
000004b6  RTCYEAR                          
000004b7  RTCYEAR_H                        
000004b6  RTCYEAR_L                        
00000100  SFRIE1                           
00000101  SFRIE1_H                         
00000100  SFRIE1_L                         
00000102  SFRIFG1                          
00000103  SFRIFG1_H                        
00000102  SFRIFG1_L                        
00000104  SFRRPCR                          
00000105  SFRRPCR_H                        
00000104  SFRRPCR_L                        
000004ce  SUMEXT                           
000004cf  SUMEXT_H                         
000004ce  SUMEXT_L                         
00000124  SVSMHCTL                         
00000125  SVSMHCTL_H                       
00000124  SVSMHCTL_L                       
00000128  SVSMIO                           
00000129  SVSMIO_H                         
00000128  SVSMIO_L                         
00000126  SVSMLCTL                         
00000127  SVSMLCTL_H                       
00000126  SVSMLCTL_L                       
00000198  SYSBERRIV                        
00000199  SYSBERRIV_H                      
00000198  SYSBERRIV_L                      
00000182  SYSBSLC                          
00000183  SYSBSLC_H                        
00000182  SYSBSLC_L                        
00000180  SYSCTL                           
00000181  SYSCTL_H                         
00000180  SYSCTL_L                         
00000186  SYSJMBC                          
00000187  SYSJMBC_H                        
00000186  SYSJMBC_L                        
00000188  SYSJMBI0                         
00000189  SYSJMBI0_H                       
00000188  SYSJMBI0_L                       
0000018a  SYSJMBI1                         
0000018b  SYSJMBI1_H                       
0000018a  SYSJMBI1_L                       
0000018c  SYSJMBO0                         
0000018d  SYSJMBO0_H                       
0000018c  SYSJMBO0_L                       
0000018e  SYSJMBO1                         
0000018f  SYSJMBO1_H                       
0000018e  SYSJMBO1_L                       
0000019e  SYSRSTIV                         
0000019f  SYSRSTIV_H                       
0000019e  SYSRSTIV_L                       
0000019c  SYSSNIV                          
0000019d  SYSSNIV_H                        
0000019c  SYSSNIV_L                        
0000019a  SYSUNIV                          
0000019b  SYSUNIV_H                        
0000019a  SYSUNIV_L                        
00000352  TA0CCR0                          
00000354  TA0CCR1                          
00000356  TA0CCR2                          
00000358  TA0CCR3                          
0000035a  TA0CCR4                          
00000342  TA0CCTL0                         
00000344  TA0CCTL1                         
00000346  TA0CCTL2                         
00000348  TA0CCTL3                         
0000034a  TA0CCTL4                         
00000340  TA0CTL                           
00000360  TA0EX0                           
0000036e  TA0IV                            
00000350  TA0R                             
00000392  TA1CCR0                          
00000394  TA1CCR1                          
00000396  TA1CCR2                          
00000382  TA1CCTL0                         
00000384  TA1CCTL1                         
00000386  TA1CCTL2                         
00000380  TA1CTL                           
000003a0  TA1EX0                           
000003ae  TA1IV                            
00000390  TA1R                             
00000412  TA2CCR0                          
00000414  TA2CCR1                          
00000416  TA2CCR2                          
00000402  TA2CCTL0                         
00000404  TA2CCTL1                         
00000406  TA2CCTL2                         
00000400  TA2CTL                           
00000420  TA2EX0                           
0000042e  TA2IV                            
00000410  TA2R                             
000003d2  TB0CCR0                          
000003d4  TB0CCR1                          
000003d6  TB0CCR2                          
000003d8  TB0CCR3                          
000003da  TB0CCR4                          
000003dc  TB0CCR5                          
000003de  TB0CCR6                          
000003c2  TB0CCTL0                         
000003c4  TB0CCTL1                         
000003c6  TB0CCTL2                         
000003c8  TB0CCTL3                         
000003ca  TB0CCTL4                         
000003cc  TB0CCTL5                         
000003ce  TB0CCTL6                         
000003c0  TB0CTL                           
000003e0  TB0EX0                           
000003ee  TB0IV                            
000003d0  TB0R                             
0000c090  TimerA0                          
0000c53e  TimerA1                          
000005d0  UCA0ABCTL                        
000005c6  UCA0BRW                          
000005c7  UCA0BRW_H                        
000005c6  UCA0BRW_L                        
000005c0  UCA0CTLW0                        
000005c1  UCA0CTLW0_H                      
000005c0  UCA0CTLW0_L                      
000005dc  UCA0ICTL                         
000005dd  UCA0ICTL_H                       
000005dc  UCA0ICTL_L                       
000005d2  UCA0IRCTL                        
000005d3  UCA0IRCTL_H                      
000005d2  UCA0IRCTL_L                      
000005de  UCA0IV                           
000005c8  UCA0MCTL                         
000005cc  UCA0RXBUF                        
000005ca  UCA0STAT                         
000005ce  UCA0TXBUF                        
00000610  UCA1ABCTL                        
00000606  UCA1BRW                          
00000607  UCA1BRW_H                        
00000606  UCA1BRW_L                        
00000600  UCA1CTLW0                        
00000601  UCA1CTLW0_H                      
00000600  UCA1CTLW0_L                      
0000061c  UCA1ICTL                         
0000061d  UCA1ICTL_H                       
0000061c  UCA1ICTL_L                       
00000612  UCA1IRCTL                        
00000613  UCA1IRCTL_H                      
00000612  UCA1IRCTL_L                      
0000061e  UCA1IV                           
00000608  UCA1MCTL                         
0000060c  UCA1RXBUF                        
0000060a  UCA1STAT                         
0000060e  UCA1TXBUF                        
000005e6  UCB0BRW                          
000005e7  UCB0BRW_H                        
000005e6  UCB0BRW_L                        
000005e0  UCB0CTLW0                        
000005e1  UCB0CTLW0_H                      
000005e0  UCB0CTLW0_L                      
000005f0  UCB0I2COA                        
000005f1  UCB0I2COA_H                      
000005f0  UCB0I2COA_L                      
000005f2  UCB0I2CSA                        
000005f3  UCB0I2CSA_H                      
000005f2  UCB0I2CSA_L                      
000005fc  UCB0ICTL                         
000005fd  UCB0ICTL_H                       
000005fc  UCB0ICTL_L                       
000005fe  UCB0IV                           
000005ec  UCB0RXBUF                        
000005ea  UCB0STAT                         
000005ee  UCB0TXBUF                        
00000626  UCB1BRW                          
00000627  UCB1BRW_H                        
00000626  UCB1BRW_L                        
00000620  UCB1CTLW0                        
00000621  UCB1CTLW0_H                      
00000620  UCB1CTLW0_L                      
00000630  UCB1I2COA                        
00000631  UCB1I2COA_H                      
00000630  UCB1I2COA_L                      
00000632  UCB1I2CSA                        
00000633  UCB1I2CSA_H                      
00000632  UCB1I2CSA_L                      
0000063c  UCB1ICTL                         
0000063d  UCB1ICTL_H                       
0000063c  UCB1ICTL_L                       
0000063e  UCB1IV                           
0000062c  UCB1RXBUF                        
0000062a  UCB1STAT                         
0000062e  UCB1TXBUF                        
00000160  UCSCTL0                          
00000161  UCSCTL0_H                        
00000160  UCSCTL0_L                        
00000162  UCSCTL1                          
00000163  UCSCTL1_H                        
00000162  UCSCTL1_L                        
00000164  UCSCTL2                          
00000165  UCSCTL2_H                        
00000164  UCSCTL2_L                        
00000166  UCSCTL3                          
00000167  UCSCTL3_H                        
00000166  UCSCTL3_L                        
00000168  UCSCTL4                          
00000169  UCSCTL4_H                        
00000168  UCSCTL4_L                        
0000016a  UCSCTL5                          
0000016b  UCSCTL5_H                        
0000016a  UCSCTL5_L                        
0000016c  UCSCTL6                          
0000016d  UCSCTL6_H                        
0000016c  UCSCTL6_L                        
0000016e  UCSCTL7                          
0000016f  UCSCTL7_H                        
0000016e  UCSCTL7_L                        
00000170  UCSCTL8                          
00000171  UCSCTL8_H                        
00000170  UCSCTL8_L                        
00000902  USBCNF                           
00000903  USBCNF_H                         
00000902  USBCNF_L                         
0000093c  USBCTL                           
0000093a  USBFN                            
0000093b  USBFN_H                          
0000093a  USBFN_L                          
0000093f  USBFUNADR                        
0000093d  USBIE                            
00002378  USBIEP0BUF                       
000023c9  USBIEPBBAX_1                     
000023d1  USBIEPBBAX_2                     
000023d9  USBIEPBBAX_3                     
000023e1  USBIEPBBAX_4                     
000023e9  USBIEPBBAX_5                     
000023f1  USBIEPBBAX_6                     
000023f9  USBIEPBBAX_7                     
000023cd  USBIEPBBAY_1                     
000023d5  USBIEPBBAY_2                     
000023dd  USBIEPBBAY_3                     
000023e5  USBIEPBBAY_4                     
000023ed  USBIEPBBAY_5                     
000023f5  USBIEPBBAY_6                     
000023fd  USBIEPBBAY_7                     
000023ca  USBIEPBCTX_1                     
000023d2  USBIEPBCTX_2                     
000023da  USBIEPBCTX_3                     
000023e2  USBIEPBCTX_4                     
000023ea  USBIEPBCTX_5                     
000023f2  USBIEPBCTX_6                     
000023fa  USBIEPBCTX_7                     
000023ce  USBIEPBCTY_1                     
000023d6  USBIEPBCTY_2                     
000023de  USBIEPBCTY_3                     
000023e6  USBIEPBCTY_4                     
000023ee  USBIEPBCTY_5                     
000023f6  USBIEPBCTY_6                     
000023fe  USBIEPBCTY_7                     
00000920  USBIEPCNF_0                      
000023c8  USBIEPCNF_1                      
000023d0  USBIEPCNF_2                      
000023d8  USBIEPCNF_3                      
000023e0  USBIEPCNF_4                      
000023e8  USBIEPCNF_5                      
000023f0  USBIEPCNF_6                      
000023f8  USBIEPCNF_7                      
00000921  USBIEPCNT_0                      
0000092e  USBIEPIE                         
00000930  USBIEPIFG                        
000023cf  USBIEPSIZXY_1                    
000023d7  USBIEPSIZXY_2                    
000023df  USBIEPSIZXY_3                    
000023e7  USBIEPSIZXY_4                    
000023ef  USBIEPSIZXY_5                    
000023f7  USBIEPSIZXY_6                    
000023ff  USBIEPSIZXY_7                    
0000093e  USBIFG                           
00000900  USBKEYID                         
00000901  USBKEYID_H                       
00000900  USBKEYID_L                       
00000936  USBMAINT                         
00000937  USBMAINT_H                       
00000936  USBMAINT_L                       
00002370  USBOEP0BUF                       
00002389  USBOEPBBAX_1                     
00002391  USBOEPBBAX_2                     
00002399  USBOEPBBAX_3                     
000023a1  USBOEPBBAX_4                     
000023a9  USBOEPBBAX_5                     
000023b1  USBOEPBBAX_6                     
000023b9  USBOEPBBAX_7                     
0000238d  USBOEPBBAY_1                     
00002395  USBOEPBBAY_2                     
0000239d  USBOEPBBAY_3                     
000023a5  USBOEPBBAY_4                     
000023ad  USBOEPBBAY_5                     
000023b5  USBOEPBBAY_6                     
000023bd  USBOEPBBAY_7                     
0000238a  USBOEPBCTX_1                     
00002392  USBOEPBCTX_2                     
0000239a  USBOEPBCTX_3                     
000023a2  USBOEPBCTX_4                     
000023aa  USBOEPBCTX_5                     
000023b2  USBOEPBCTX_6                     
000023ba  USBOEPBCTX_7                     
0000238e  USBOEPBCTY_1                     
00002396  USBOEPBCTY_2                     
0000239e  USBOEPBCTY_3                     
000023a6  USBOEPBCTY_4                     
000023ae  USBOEPBCTY_5                     
000023b6  USBOEPBCTY_6                     
000023be  USBOEPBCTY_7                     
00000922  USBOEPCNF_0                      
00002388  USBOEPCNF_1                      
00002390  USBOEPCNF_2                      
00002398  USBOEPCNF_3                      
000023a0  USBOEPCNF_4                      
000023a8  USBOEPCNF_5                      
000023b0  USBOEPCNF_6                      
000023b8  USBOEPCNF_7                      
00000923  USBOEPCNT_0                      
0000092f  USBOEPIE                         
00000931  USBOEPIFG                        
0000238f  USBOEPSIZXY_1                    
00002397  USBOEPSIZXY_2                    
0000239f  USBOEPSIZXY_3                    
000023a7  USBOEPSIZXY_4                    
000023af  USBOEPSIZXY_5                    
000023b7  USBOEPSIZXY_6                    
000023bf  USBOEPSIZXY_7                    
00000904  USBPHYCTL                        
00000905  USBPHYCTL_H                      
00000904  USBPHYCTL_L                      
00000910  USBPLLCTL                        
00000911  USBPLLCTL_H                      
00000910  USBPLLCTL_L                      
00000912  USBPLLDIVB                       
00000913  USBPLLDIVB_H                     
00000912  USBPLLDIVB_L                     
00000914  USBPLLIR                         
00000915  USBPLLIR_H                       
00000914  USBPLLIR_L                       
00000908  USBPWRCTL                        
00000909  USBPWRCTL_H                      
00000908  USBPWRCTL_L                      
00001c00  USBSTABUFF                       
00002380  USBSUBLK                         
0000236f  USBTOPBUFF                       
00000938  USBTSREG                         
00000939  USBTSREG_H                       
00000938  USBTSREG_L                       
00000932  USBVECINT                        
00000933  USBVECINT_H                      
00000932  USBVECINT_L                      
0000b616  USCIA0_ISR                       
0000b148  USCIA1_ISR                       
0000b1de  USCIB0_ISR                       
0000b778  USCI_B1_ISR                      
0000015c  WDTCTL                           
0000015d  WDTCTL_H                         
0000015c  WDTCTL_L                         
00003c00  __STACK_END                      
000000a0  __STACK_SIZE                     
0000c878  __TI_CINIT_Base                  
0000c888  __TI_CINIT_Limit                 
0000c866  __TI_Handler_Table_Base          
0000c872  __TI_Handler_Table_Limit         
UNDEFED   __TI_INITARRAY_Base              
UNDEFED   __TI_INITARRAY_Limit             
0000c574  __TI_ISR_TRAP                    
0000bf88  __TI_decompress_none             
0000c4f8  __TI_decompress_rle24            
0000ffd2  __TI_int41                       
0000ffd4  __TI_int42                       
0000ffd6  __TI_int43                       
0000ffd8  __TI_int44                       
0000ffda  __TI_int45                       
0000ffdc  __TI_int46                       
0000ffde  __TI_int47                       
0000ffe0  __TI_int48                       
0000ffe2  __TI_int49                       
0000ffe4  __TI_int50                       
0000ffe6  __TI_int51                       
0000ffe8  __TI_int52                       
0000ffea  __TI_int53                       
0000ffec  __TI_int54                       
0000ffee  __TI_int55                       
0000fff0  __TI_int56                       
0000fff2  __TI_int57                       
0000fff4  __TI_int58                       
0000fff6  __TI_int59                       
0000fff8  __TI_int60                       
0000fffa  __TI_int61                       
0000fffc  __TI_int62                       
0000bed0  __TI_zero_init                   
ffffffff  __binit__                        
ffffffff  __c_args__                       
0000be50  __memcpy_far                     
0000c114  __mspabi_divi                    
0000c3e4  __mspabi_divu                    
0000c3fa  __mspabi_mpyi_f5hw               
0000c114  __mspabi_remi                    
0000c3e4  __mspabi_remu                    
0000b496  _auto_init_hold_wdt              
0000c380  _c_int00_noargs_noexit           
0000fffe  _reset_vector                    
00003b60  _stack                           
0000c5bc  _system_pre_init                 
0000c5c0  abort                            
00002674  accCurrState                     
00002600  adc12_int_done_flag              
000025fe  adc_current_state                
00002852  adc_data_ready_flags             
00002601  adc_ext_mux_ptr                  
00002766  adc_internal_buffer              
000027bc  adc_output_buffer                
00002602  adc_seq2                         
0000c0bc  adc_setup                        
0000a4c4  adc_task                         
0000b414  ascii2hex_byte                   
00002670  binCurr                          
00002672  binCurrState                     
0000268c  binFullCurrState                 
0000c364  bin_full_setup                   
00002678  bin_int_request                  
0000261f  bin_motor_enable                 
0000267c  bin_ready                        
00002676  bin_request                      
00002682  bin_run                          
00009ac2  bin_task                         
ffffffff  binit                            
0000bc92  check_bin_nearest_pos            
0000b516  check_bin_pos                    
0000b596  check_bin_request_pos            
0000a80a  check_bin_request_pos_compensated
0000aeae  check_bin_resp                   
0000b8b6  check_chim_full_rot              
0000b302  check_chim_next_pos              
0000b7e8  check_chim_paddle_pos            
0000af56  check_chimney_resp               
0000b9de  check_compact_pos                
0000affe  check_compact_resp               
0000c44c  check_compact_timeout            
00002668  chimneyCurrState                 
0000261e  chimney_motor_enable             
0000980a  chimney_task                     
0000bfc4  clear_errors                     
0000bf4c  clear_warnings                   
0000266e  compactCurrState                 
0000266c  compact_done                     
00002620  compact_motor_enable             
0000266b  compact_ok                       
0000c39a  compact_setup                    
0000a142  compact_task                     
0000c3b4  dbg_uart_get_byte                
0000c0e8  dbg_uart_send_byte               
0000be0c  dbg_uart_send_string             
00002c1a  debug_cmd_buf                    
000025f8  debug_cmd_buf_ptr                
00008000  debug_task                       
0000bce0  dec2ascii_byte                   
0000c57a  disable_dbg_uart_txint           
00002690  distance                         
0000c580  enable_dbg_uart_txint            
0000c45e  end_I2C_transac                  
0000c470  end_LDC_SPI_transac              
000025fc  err_flag                         
000028c2  err_log                          
000025fb  err_log_ptr                      
0000a8f8  error_dump                       
0000c034  get_LDC_SPI_rx_data              
0000b0a6  get_bin_motor_dir                
0000c482  get_curr_bin_pos                 
0000c494  get_curr_chimney_pos             
0000c4a6  get_curr_compact_pos             
0000c2e6  get_motor_SPI_rx_data            
0000bb4a  hex2ascii_byte                   
0000ad46  hex2ascii_int                    
00002612  hist_delta_bin                   
00002622  i2cCurrState                     
00009f3c  i2c_task                         
0000be90  i2c_uscib1_setup                 
0000bf0e  init_I2C_transac                 
0000ba98  init_LDC_SPI_transac             
0000baf2  init_motor_SPI_transac           
0000c586  is_I2C_rx_ready                  
0000c58c  is_LDC_spi_rx_ready              
0000c506  is_bin_door_open                 
0000c514  is_dbg_uart_rx_data_ready        
0000c522  is_entry_door_open               
0000c592  is_error                         
0000c306  is_inside_interval               
0000c598  is_motor_spi_rx_ready            
0000c530  is_step_switch_pressed           
0000c062  issue_error                      
0000bffc  issue_warning                    
00002666  last_insert_pos                  
0000266a  last_paddle                      
00002604  ldc_current_state                
000028f6  ldc_data_buf                     
00002606  ldc_data_buf_ptr                 
0000260a  ldc_final_val                    
00002607  ldc_run                          
0000b850  ldc_sensor_data_check_inside     
0000b270  ldc_sensor_data_check_outside    
0000a5fe  ldc_setup                        
00002608  ldc_stop                         
00009462  ldc_task                         
0000b706  ldc_write_reg                    
0000c59e  led_P1_0_off                     
0000c5a4  led_P1_0_on                      
0000c5aa  led_P2_2_off                     
0000c5b0  led_P2_2_on                      
0000c554  led_P5_6_off                     
0000c55c  led_P5_6_on                      
0000c564  led_P7_7_off                     
0000c56c  led_P7_7_on                      
0000c3ce  led_setup                        
0000c168  led_task                         
0000adfe  main                             
00002610  mass_buf_ptr                     
0000260c  mass_current_state               
000028fa  mass_data_buf                    
0000260f  mass_end                         
00002812  mass_hist_buf                    
0000260e  mass_run                         
0000b91a  mass_sensor_data_check_inside    
0000b68e  mass_sensor_data_check_outside   
00008f7a  mass_task                        
0000c410  memset                           
00002624  motorCurrState                   
0000bd2c  motor_enable_setup               
0000bbf4  motor_pwm_setup                  
0000a71a  motor_spi_task                   
00002618  opt_buf_ptr                      
00002614  opt_current_state                
000028d6  opt_data_low_buf                 
000028e6  opt_data_time_buf                
00002617  opt_end                          
0000261a  opt_low_val                      
0000261c  opt_max_time                     
00002616  opt_run                          
0000b97c  opt_sensor_data_check_inside     
0000b390  opt_sensor_data_check_outside    
00009d22  opt_task                         
0000267a  prev_bin_int_request             
0000c54a  reset_compact_timer              
0000a9da  reset_isr                        
00002626  sensor_data1                     
00002638  sensor_data2                     
0000264a  sensor_data3                     
0000c424  set_bin_direction                
0000c4b8  set_bin_speed                    
0000c4c8  set_chimney_direction            
0000c4d8  set_chimney_speed                
0000c438  set_compact_direction            
0000c4e8  set_compact_speed                
0000bd78  setup_clock                      
0000c140  setup_dbg_uart                   
00002621  sort_motor_enable                
0000267e  start_bin_pos                    
0000268a  stepCurrState                    
00002686  step_close                       
00002688  step_close_dbug                  
00002684  step_position                    
00002687  step_request                     
00002683  step_switch                      
0000a31c  step_task                        
0000c5b6  stepper_disable                  
0000c326  stepper_enable                   
0000c18e  stepper_setup                    
0000c1b2  strncmp                          
0000265c  sysState                         
0000c346  sys_task                         
0000265e  total_count                      
00002680  total_distance                   
0000c7ee  ui_buf                           
0000ba3c  unmi_isr                         
0000268e  us_request                       
00002692  us_timer_done                    
000025fa  warn_flag                        
0000287e  warn_log                         
000025f9  warn_log_ptr                     
0000aabc  warning_dump                     


GLOBAL SYMBOLS: SORTED BY Symbol Address 

address   name                             
-------   ----                             
000000a0  __STACK_SIZE                     
00000100  SFRIE1                           
00000100  SFRIE1_L                         
00000101  SFRIE1_H                         
00000102  SFRIFG1                          
00000102  SFRIFG1_L                        
00000103  SFRIFG1_H                        
00000104  SFRRPCR                          
00000104  SFRRPCR_L                        
00000105  SFRRPCR_H                        
00000120  PMMCTL0                          
00000120  PMMCTL0_L                        
00000121  PMMCTL0_H                        
00000122  PMMCTL1                          
00000122  PMMCTL1_L                        
00000123  PMMCTL1_H                        
00000124  SVSMHCTL                         
00000124  SVSMHCTL_L                       
00000125  SVSMHCTL_H                       
00000126  SVSMLCTL                         
00000126  SVSMLCTL_L                       
00000127  SVSMLCTL_H                       
00000128  SVSMIO                           
00000128  SVSMIO_L                         
00000129  SVSMIO_H                         
0000012c  PMMIFG                           
0000012c  PMMIFG_L                         
0000012d  PMMIFG_H                         
0000012e  PMMRIE                           
0000012e  PMMRIE_L                         
0000012f  PMMRIE_H                         
00000130  PM5CTL0                          
00000130  PM5CTL0_L                        
00000131  PM5CTL0_H                        
00000140  FCTL1                            
00000140  FCTL1_L                          
00000141  FCTL1_H                          
00000144  FCTL3                            
00000144  FCTL3_L                          
00000145  FCTL3_H                          
00000146  FCTL4                            
00000146  FCTL4_L                          
00000147  FCTL4_H                          
00000150  CRCDI                            
00000150  CRCDI_L                          
00000151  CRCDI_H                          
00000152  CRCDIRB                          
00000152  CRCDIRB_L                        
00000153  CRCDIRB_H                        
00000154  CRCINIRES                        
00000154  CRCINIRES_L                      
00000155  CRCINIRES_H                      
00000156  CRCRESR                          
00000156  CRCRESR_L                        
00000157  CRCRESR_H                        
00000158  RCCTL0                           
00000158  RCCTL0_L                         
00000159  RCCTL0_H                         
0000015c  WDTCTL                           
0000015c  WDTCTL_L                         
0000015d  WDTCTL_H                         
00000160  UCSCTL0                          
00000160  UCSCTL0_L                        
00000161  UCSCTL0_H                        
00000162  UCSCTL1                          
00000162  UCSCTL1_L                        
00000163  UCSCTL1_H                        
00000164  UCSCTL2                          
00000164  UCSCTL2_L                        
00000165  UCSCTL2_H                        
00000166  UCSCTL3                          
00000166  UCSCTL3_L                        
00000167  UCSCTL3_H                        
00000168  UCSCTL4                          
00000168  UCSCTL4_L                        
00000169  UCSCTL4_H                        
0000016a  UCSCTL5                          
0000016a  UCSCTL5_L                        
0000016b  UCSCTL5_H                        
0000016c  UCSCTL6                          
0000016c  UCSCTL6_L                        
0000016d  UCSCTL6_H                        
0000016e  UCSCTL7                          
0000016e  UCSCTL7_L                        
0000016f  UCSCTL7_H                        
00000170  UCSCTL8                          
00000170  UCSCTL8_L                        
00000171  UCSCTL8_H                        
00000180  SYSCTL                           
00000180  SYSCTL_L                         
00000181  SYSCTL_H                         
00000182  SYSBSLC                          
00000182  SYSBSLC_L                        
00000183  SYSBSLC_H                        
00000186  SYSJMBC                          
00000186  SYSJMBC_L                        
00000187  SYSJMBC_H                        
00000188  SYSJMBI0                         
00000188  SYSJMBI0_L                       
00000189  SYSJMBI0_H                       
0000018a  SYSJMBI1                         
0000018a  SYSJMBI1_L                       
0000018b  SYSJMBI1_H                       
0000018c  SYSJMBO0                         
0000018c  SYSJMBO0_L                       
0000018d  SYSJMBO0_H                       
0000018e  SYSJMBO1                         
0000018e  SYSJMBO1_L                       
0000018f  SYSJMBO1_H                       
00000198  SYSBERRIV                        
00000198  SYSBERRIV_L                      
00000199  SYSBERRIV_H                      
0000019a  SYSUNIV                          
0000019a  SYSUNIV_L                        
0000019b  SYSUNIV_H                        
0000019c  SYSSNIV                          
0000019c  SYSSNIV_L                        
0000019d  SYSSNIV_H                        
0000019e  SYSRSTIV                         
0000019e  SYSRSTIV_L                       
0000019f  SYSRSTIV_H                       
000001b0  REFCTL0                          
000001b0  REFCTL0_L                        
000001b1  REFCTL0_H                        
000001c0  PMAPKEYID                        
000001c0  PMAPKEYID_L                      
000001c1  PMAPKEYID_H                      
000001c2  PMAPCTL                          
000001c2  PMAPCTL_L                        
000001c3  PMAPCTL_H                        
000001e0  P4MAP01                          
000001e0  P4MAP01_L                        
000001e1  P4MAP01_H                        
000001e2  P4MAP23                          
000001e2  P4MAP23_L                        
000001e3  P4MAP23_H                        
000001e4  P4MAP45                          
000001e4  P4MAP45_L                        
000001e5  P4MAP45_H                        
000001e6  P4MAP67                          
000001e6  P4MAP67_L                        
000001e7  P4MAP67_H                        
00000200  PAIN                             
00000200  PAIN_L                           
00000201  PAIN_H                           
00000202  PAOUT                            
00000202  PAOUT_L                          
00000203  PAOUT_H                          
00000204  PADIR                            
00000204  PADIR_L                          
00000205  PADIR_H                          
00000206  PAREN                            
00000206  PAREN_L                          
00000207  PAREN_H                          
00000208  PADS                             
00000208  PADS_L                           
00000209  PADS_H                           
0000020a  PASEL                            
0000020a  PASEL_L                          
0000020b  PASEL_H                          
0000020e  P1IV                             
00000218  PAIES                            
00000218  PAIES_L                          
00000219  PAIES_H                          
0000021a  PAIE                             
0000021a  PAIE_L                           
0000021b  PAIE_H                           
0000021c  PAIFG                            
0000021c  PAIFG_L                          
0000021d  PAIFG_H                          
0000021e  P2IV                             
00000220  PBIN                             
00000220  PBIN_L                           
00000221  PBIN_H                           
00000222  PBOUT                            
00000222  PBOUT_L                          
00000223  PBOUT_H                          
00000224  PBDIR                            
00000224  PBDIR_L                          
00000225  PBDIR_H                          
00000226  PBREN                            
00000226  PBREN_L                          
00000227  PBREN_H                          
00000228  PBDS                             
00000228  PBDS_L                           
00000229  PBDS_H                           
0000022a  PBSEL                            
0000022a  PBSEL_L                          
0000022b  PBSEL_H                          
00000240  PCIN                             
00000240  PCIN_L                           
00000241  PCIN_H                           
00000242  PCOUT                            
00000242  PCOUT_L                          
00000243  PCOUT_H                          
00000244  PCDIR                            
00000244  PCDIR_L                          
00000245  PCDIR_H                          
00000246  PCREN                            
00000246  PCREN_L                          
00000247  PCREN_H                          
00000248  PCDS                             
00000248  PCDS_L                           
00000249  PCDS_H                           
0000024a  PCSEL                            
0000024a  PCSEL_L                          
0000024b  PCSEL_H                          
00000260  PDIN                             
00000260  PDIN_L                           
00000261  PDIN_H                           
00000262  PDOUT                            
00000262  PDOUT_L                          
00000263  PDOUT_H                          
00000264  PDDIR                            
00000264  PDDIR_L                          
00000265  PDDIR_H                          
00000266  PDREN                            
00000266  PDREN_L                          
00000267  PDREN_H                          
00000268  PDDS                             
00000268  PDDS_L                           
00000269  PDDS_H                           
0000026a  PDSEL                            
0000026a  PDSEL_L                          
0000026b  PDSEL_H                          
00000320  PJIN                             
00000320  PJIN_L                           
00000321  PJIN_H                           
00000322  PJOUT                            
00000322  PJOUT_L                          
00000323  PJOUT_H                          
00000324  PJDIR                            
00000324  PJDIR_L                          
00000325  PJDIR_H                          
00000326  PJREN                            
00000326  PJREN_L                          
00000327  PJREN_H                          
00000328  PJDS                             
00000328  PJDS_L                           
00000329  PJDS_H                           
00000340  TA0CTL                           
00000342  TA0CCTL0                         
00000344  TA0CCTL1                         
00000346  TA0CCTL2                         
00000348  TA0CCTL3                         
0000034a  TA0CCTL4                         
00000350  TA0R                             
00000352  TA0CCR0                          
00000354  TA0CCR1                          
00000356  TA0CCR2                          
00000358  TA0CCR3                          
0000035a  TA0CCR4                          
00000360  TA0EX0                           
0000036e  TA0IV                            
00000380  TA1CTL                           
00000382  TA1CCTL0                         
00000384  TA1CCTL1                         
00000386  TA1CCTL2                         
00000390  TA1R                             
00000392  TA1CCR0                          
00000394  TA1CCR1                          
00000396  TA1CCR2                          
000003a0  TA1EX0                           
000003ae  TA1IV                            
000003c0  TB0CTL                           
000003c2  TB0CCTL0                         
000003c4  TB0CCTL1                         
000003c6  TB0CCTL2                         
000003c8  TB0CCTL3                         
000003ca  TB0CCTL4                         
000003cc  TB0CCTL5                         
000003ce  TB0CCTL6                         
000003d0  TB0R                             
000003d2  TB0CCR0                          
000003d4  TB0CCR1                          
000003d6  TB0CCR2                          
000003d8  TB0CCR3                          
000003da  TB0CCR4                          
000003dc  TB0CCR5                          
000003de  TB0CCR6                          
000003e0  TB0EX0                           
000003ee  TB0IV                            
00000400  TA2CTL                           
00000402  TA2CCTL0                         
00000404  TA2CCTL1                         
00000406  TA2CCTL2                         
00000410  TA2R                             
00000412  TA2CCR0                          
00000414  TA2CCR1                          
00000416  TA2CCR2                          
00000420  TA2EX0                           
0000042e  TA2IV                            
000004a0  RTCCTL01                         
000004a0  RTCCTL01_L                       
000004a1  RTCCTL01_H                       
000004a2  RTCCTL23                         
000004a2  RTCCTL23_L                       
000004a3  RTCCTL23_H                       
000004a8  RTCPS0CTL                        
000004a8  RTCPS0CTL_L                      
000004a9  RTCPS0CTL_H                      
000004aa  RTCPS1CTL                        
000004aa  RTCPS1CTL_L                      
000004ab  RTCPS1CTL_H                      
000004ac  RTCPS                            
000004ac  RTCPS_L                          
000004ad  RTCPS_H                          
[...]
00000714  ADC12MCTL4                       
00000715  ADC12MCTL5                       
00000716  ADC12MCTL6                       
00000717  ADC12MCTL7                       
00000718  ADC12MCTL8                       
00000719  ADC12MCTL9                       
0000071a  ADC12MCTL10                      
0000071b  ADC12MCTL11                      
0000071c  ADC12MCTL12                      
0000071d  ADC12MCTL13                      
0000071e  ADC12MCTL14                      
0000071f  ADC12MCTL15                      
00000720  ADC12MEM0                        
00000720  ADC12MEM0_L                      
00000721  ADC12MEM0_H                      
00000722  ADC12MEM1                        
00000722  ADC12MEM1_L                      
00000723  ADC12MEM1_H                      
00000724  ADC12MEM2                        
00000724  ADC12MEM2_L                      
00000725  ADC12MEM2_H                      
00000726  ADC12MEM3                        
00000726  ADC12MEM3_L                      
00000727  ADC12MEM3_H                      
00000728  ADC12MEM4                        
00000728  ADC12MEM4_L                      
00000729  ADC12MEM4_H                      
0000072a  ADC12MEM5                        
0000072a  ADC12MEM5_L                      
0000072b  ADC12MEM5_H                      
0000072c  ADC12MEM6                        
0000072c  ADC12MEM6_L                      
0000072d  ADC12MEM6_H                      
0000072e  ADC12MEM7                        
0000072e  ADC12MEM7_L                      
0000072f  ADC12MEM7_H                      
00000730  ADC12MEM8                        
00000730  ADC12MEM8_L                      
00000731  ADC12MEM8_H                      
00000732  ADC12MEM9                        
00000732  ADC12MEM9_L                      
00000733  ADC12MEM9_H                      
00000734  ADC12MEM10                       
00000734  ADC12MEM10_L                     
00000735  ADC12MEM10_H                     
00000736  ADC12MEM11                       
00000736  ADC12MEM11_L                     
00000737  ADC12MEM11_H                     
00000738  ADC12MEM12                       
00000738  ADC12MEM12_L                     
00000739  ADC12MEM12_H                     
0000073a  ADC12MEM13                       
0000073a  ADC12MEM13_L                     
0000073b  ADC12MEM13_H                     
0000073c  ADC12MEM14                       
0000073c  ADC12MEM14_L                     
0000073d  ADC12MEM14_H                     
0000073e  ADC12MEM15                       
0000073e  ADC12MEM15_L                     
0000073f  ADC12MEM15_H                     
000008c0  CBCTL0                           
000008c0  CBCTL0_L                         
000008c1  CBCTL0_H                         
000008c2  CBCTL1                           
000008c2  CBCTL1_L                         
000008c3  CBCTL1_H                         
000008c4  CBCTL2                           
000008c4  CBCTL2_L                         
000008c5  CBCTL2_H                         
000008c6  CBCTL3                           
000008c6  CBCTL3_L                         
000008c7  CBCTL3_H                         
000008cc  CBINT                            
000008cc  CBINT_L                          
000008cd  CBINT_H                          
000008ce  CBIV                             
00000900  USBKEYID                         
00000900  USBKEYID_L                       
00000901  USBKEYID_H                       
00000902  USBCNF                           
00000902  USBCNF_L                         
00000903  USBCNF_H                         
00000904  USBPHYCTL                        
00000904  USBPHYCTL_L                      
00000905  USBPHYCTL_H                      
00000908  USBPWRCTL                        
00000908  USBPWRCTL_L                      
00000909  USBPWRCTL_H                      
00000910  USBPLLCTL                        
00000910  USBPLLCTL_L                      
00000911  USBPLLCTL_H                      
00000912  USBPLLDIVB                       
00000912  USBPLLDIVB_L                     
00000913  USBPLLDIVB_H                     
00000914  USBPLLIR                         
00000914  USBPLLIR_L                       
00000915  USBPLLIR_H                       
00000920  USBIEPCNF_0                      
00000921  USBIEPCNT_0                      
00000922  USBOEPCNF_0                      
00000923  USBOEPCNT_0                      
0000092e  USBIEPIE                         
0000092f  USBOEPIE                         
00000930  USBIEPIFG                        
00000931  USBOEPIFG                        
00000932  USBVECINT                        
00000932  USBVECINT_L                      
00000933  USBVECINT_H                      
00000936  USBMAINT                         
00000936  USBMAINT_L                       
00000937  USBMAINT_H                       
00000938  USBTSREG                         
00000938  USBTSREG_L                       
00000939  USBTSREG_H                       
0000093a  USBFN                            
0000093a  USBFN_L                          
0000093b  USBFN_H                          
0000093c  USBCTL                           
0000093d  USBIE                            
0000093e  USBIFG                           
0000093f  USBFUNADR                        
00001c00  USBSTABUFF                       
0000236f  USBTOPBUFF                       
00002370  USBOEP0BUF                       
00002378  USBIEP0BUF                       
00002380  USBSUBLK                         
00002388  USBOEPCNF_1                      
00002389  USBOEPBBAX_1                     
0000238a  USBOEPBCTX_1                     
0000238d  USBOEPBBAY_1                     
0000238e  USBOEPBCTY_1                     
0000238f  USBOEPSIZXY_1                    
00002390  USBOEPCNF_2                      
00002391  USBOEPBBAX_2                     
00002392  USBOEPBCTX_2                     
00002395  USBOEPBBAY_2                     
00002396  USBOEPBCTY_2                     
00002397  USBOEPSIZXY_2                    
00002398  USBOEPCNF_3                      
00002399  USBOEPBBAX_3                     
0000239a  USBOEPBCTX_3                     
0000239d  USBOEPBBAY_3                     
0000239e  USBOEPBCTY_3                     
0000239f  USBOEPSIZXY_3                    
000023a0  USBOEPCNF_4                      
000023a1  USBOEPBBAX_4                     
000023a2  USBOEPBCTX_4                     
000023a5  USBOEPBBAY_4                     
000023a6  USBOEPBCTY_4                     
000023a7  USBOEPSIZXY_4                    
000023a8  USBOEPCNF_5                      
000023a9  USBOEPBBAX_5                     
000023aa  USBOEPBCTX_5                     
000023ad  USBOEPBBAY_5                     
000023ae  USBOEPBCTY_5                     
000023af  USBOEPSIZXY_5                    
000023b0  USBOEPCNF_6                      
000023b1  USBOEPBBAX_6                     
000023b2  USBOEPBCTX_6                     
000023b5  USBOEPBBAY_6                     
000023b6  USBOEPBCTY_6                     
000023b7  USBOEPSIZXY_6                    
000023b8  USBOEPCNF_7                      
000023b9  USBOEPBBAX_7                     
000023ba  USBOEPBCTX_7                     
000023bd  USBOEPBBAY_7                     
000023be  USBOEPBCTY_7                     
000023bf  USBOEPSIZXY_7                    
000023c8  USBIEPCNF_1                      
000023c9  USBIEPBBAX_1                     
000023ca  USBIEPBCTX_1                     
000023cd  USBIEPBBAY_1                     
000023ce  USBIEPBCTY_1                     
000023cf  USBIEPSIZXY_1                    
000023d0  USBIEPCNF_2                      
000023d1  USBIEPBBAX_2                     
000023d2  USBIEPBCTX_2                     
000023d5  USBIEPBBAY_2                     
000023d6  USBIEPBCTY_2                     
000023d7  USBIEPSIZXY_2                    
000023d8  USBIEPCNF_3                      
000023d9  USBIEPBBAX_3                     
000023da  USBIEPBCTX_3                     
000023dd  USBIEPBBAY_3                     
000023de  USBIEPBCTY_3                     
000023df  USBIEPSIZXY_3                    
000023e0  USBIEPCNF_4                      
000023e1  USBIEPBBAX_4                     
000023e2  USBIEPBCTX_4                     
000023e5  USBIEPBBAY_4                     
000023e6  USBIEPBCTY_4                     
000023e7  USBIEPSIZXY_4                    
000023e8  USBIEPCNF_5                      
000023e9  USBIEPBBAX_5                     
000023ea  USBIEPBCTX_5                     
000023ed  USBIEPBBAY_5                     
000023ee  USBIEPBCTY_5                     
000023ef  USBIEPSIZXY_5                    
000023f0  USBIEPCNF_6                      
000023f1  USBIEPBBAX_6                     
000023f2  USBIEPBCTX_6                     
000023f5  USBIEPBBAY_6                     
000023f6  USBIEPBCTY_6                     
000023f7  USBIEPSIZXY_6                    
000023f8  USBIEPCNF_7                      
000023f9  USBIEPBBAX_7                     
000023fa  USBIEPBCTX_7                     
000023fd  USBIEPBBAY_7                     
000023fe  USBIEPBCTY_7                     
000023ff  USBIEPSIZXY_7                    
00002400  DBG_UART_data                    
000025f8  debug_cmd_buf_ptr                
000025f9  warn_log_ptr                     
000025fa  warn_flag                        
000025fb  err_log_ptr                      
000025fc  err_flag                         
000025fe  adc_current_state                
00002600  adc12_int_done_flag              
00002601  adc_ext_mux_ptr                  
00002602  adc_seq2                         
00002604  ldc_current_state                
00002606  ldc_data_buf_ptr                 
00002607  ldc_run                          
00002608  ldc_stop                         
0000260a  ldc_final_val                    
0000260c  mass_current_state               
0000260e  mass_run                         
0000260f  mass_end                         
00002610  mass_buf_ptr                     
00002612  hist_delta_bin                   
00002614  opt_current_state                
00002616  opt_run                          
00002617  opt_end                          
00002618  opt_buf_ptr                      
0000261a  opt_low_val                      
0000261c  opt_max_time                     
0000261e  chimney_motor_enable             
0000261f  bin_motor_enable                 
00002620  compact_motor_enable             
00002621  sort_motor_enable                
00002622  i2cCurrState                     
00002624  motorCurrState                   
00002626  sensor_data1                     
00002638  sensor_data2                     
0000264a  sensor_data3                     
0000265c  sysState                         
0000265e  total_count                      
00002666  last_insert_pos                  
00002668  chimneyCurrState                 
0000266a  last_paddle                      
0000266b  compact_ok                       
0000266c  compact_done                     
0000266e  compactCurrState                 
00002670  binCurr                          
00002672  binCurrState                     
00002674  accCurrState                     
00002676  bin_request                      
00002678  bin_int_request                  
0000267a  prev_bin_int_request             
0000267c  bin_ready                        
0000267e  start_bin_pos                    
00002680  total_distance                   
00002682  bin_run                          
00002683  step_switch                      
00002684  step_position                    
00002686  step_close                       
00002687  step_request                     
00002688  step_close_dbug                  
0000268a  stepCurrState                    
0000268c  binFullCurrState                 
0000268e  us_request                       
00002690  distance                         
00002692  us_timer_done                    
000026af  I2C_data                         
00002766  adc_internal_buffer              
000027bc  adc_output_buffer                
00002812  mass_hist_buf                    
00002852  adc_data_ready_flags             
0000287e  warn_log                         
00002896  LDC_SPI_data                     
000028ac  MOTOR_SPI_data                   
000028c2  err_log                          
000028d6  opt_data_low_buf                 
000028e6  opt_data_time_buf                
000028f6  ldc_data_buf                     
000028fa  mass_data_buf                    
00002c1a  debug_cmd_buf                    
00003b60  _stack                           
00003c00  __STACK_END                      
00008000  debug_task                       
00008f7a  mass_task                        
00009462  ldc_task                         
0000980a  chimney_task                     
00009ac2  bin_task                         
00009d22  opt_task                         
00009f3c  i2c_task                         
0000a142  compact_task                     
0000a31c  step_task                        
0000a4c4  adc_task                         
0000a5fe  ldc_setup                        
0000a71a  motor_spi_task                   
0000a80a  check_bin_request_pos_compensated
0000a8f8  error_dump                       
0000a9da  reset_isr                        
0000aabc  warning_dump                     
0000ac74  ADC12_ISR                        
0000ad46  hex2ascii_int                    
0000adfe  main                             
0000aeae  check_bin_resp                   
0000af56  check_chimney_resp               
0000affe  check_compact_resp               
0000b0a6  get_bin_motor_dir                
0000b148  USCIA1_ISR                       
0000b1de  USCIB0_ISR                       
0000b270  ldc_sensor_data_check_outside    
0000b302  check_chim_next_pos              
0000b390  opt_sensor_data_check_outside    
0000b414  ascii2hex_byte                   
0000b496  _auto_init_hold_wdt              
0000b516  check_bin_pos                    
0000b596  check_bin_request_pos            
0000b616  USCIA0_ISR                       
0000b68e  mass_sensor_data_check_outside   
0000b706  ldc_write_reg                    
0000b778  USCI_B1_ISR                      
0000b7e8  check_chim_paddle_pos            
0000b850  ldc_sensor_data_check_inside     
0000b8b6  check_chim_full_rot              
0000b91a  mass_sensor_data_check_inside    
0000b97c  opt_sensor_data_check_inside     
0000b9de  check_compact_pos                
0000ba3c  unmi_isr                         
0000ba98  init_LDC_SPI_transac             
0000baf2  init_motor_SPI_transac           
0000bb4a  hex2ascii_byte                   
0000bba0  MOTOR_SPI_setup                  
0000bbf4  motor_pwm_setup                  
0000bc92  check_bin_nearest_pos            
0000bce0  dec2ascii_byte                   
0000bd2c  motor_enable_setup               
0000bd78  setup_clock                      
0000bdc4  LDC_SPI_setup                    
0000be0c  dbg_uart_send_string             
0000be50  __memcpy_far                     
0000be90  i2c_uscib1_setup                 
0000bed0  __TI_zero_init                   
0000bf0e  init_I2C_transac                 
0000bf4c  clear_warnings                   
0000bf88  __TI_decompress_none             
0000bfc4  clear_errors                     
0000bffc  issue_warning                    
0000c034  get_LDC_SPI_rx_data              
0000c062  issue_error                      
0000c090  TimerA0                          
0000c0bc  adc_setup                        
0000c0e8  dbg_uart_send_byte               
0000c114  __mspabi_divi                    
0000c114  __mspabi_remi                    
0000c140  setup_dbg_uart                   
0000c168  led_task                         
0000c18e  stepper_setup                    
0000c1b2  strncmp                          
0000c1d6  P1_get                           
0000c1f8  P2_get                           
0000c21a  P3_get                           
0000c23c  P4_get                           
0000c25e  P5_get                           
0000c280  P6_get                           
0000c2a2  P7_get                           
0000c2c4  P8_get                           
0000c2e6  get_motor_SPI_rx_data            
0000c306  is_inside_interval               
0000c326  stepper_enable                   
0000c346  sys_task                         
0000c364  bin_full_setup                   
0000c380  _c_int00_noargs_noexit           
0000c39a  compact_setup                    
0000c3b4  dbg_uart_get_byte                
0000c3ce  led_setup                        
0000c3e4  __mspabi_divu                    
0000c3e4  __mspabi_remu                    
0000c3fa  __mspabi_mpyi_f5hw               
0000c410  memset                           
0000c424  set_bin_direction                
0000c438  set_compact_direction            
0000c44c  check_compact_timeout            
0000c45e  end_I2C_transac                  
0000c470  end_LDC_SPI_transac              
0000c482  get_curr_bin_pos                 
0000c494  get_curr_chimney_pos             
0000c4a6  get_curr_compact_pos             
0000c4b8  set_bin_speed                    
0000c4c8  set_chimney_direction            
0000c4d8  set_chimney_speed                
0000c4e8  set_compact_speed                
0000c4f8  __TI_decompress_rle24            
0000c506  is_bin_door_open                 
0000c514  is_dbg_uart_rx_data_ready        
0000c522  is_entry_door_open               
0000c530  is_step_switch_pressed           
0000c53e  TimerA1                          
0000c54a  reset_compact_timer              
0000c554  led_P5_6_off                     
0000c55c  led_P5_6_on                      
0000c564  led_P7_7_off                     
0000c56c  led_P7_7_on                      
0000c574  __TI_ISR_TRAP                    
0000c57a  disable_dbg_uart_txint           
0000c580  enable_dbg_uart_txint            
0000c586  is_I2C_rx_ready                  
0000c58c  is_LDC_spi_rx_ready              
0000c592  is_error                         
0000c598  is_motor_spi_rx_ready            
0000c59e  led_P1_0_off                     
0000c5a4  led_P1_0_on                      
0000c5aa  led_P2_2_off                     
0000c5b0  led_P2_2_on                      
0000c5b6  stepper_disable                  
0000c5bc  _system_pre_init                 
0000c5c0  C$$EXIT                          
0000c5c0  abort                            
0000c7ee  ui_buf                           
0000c866  __TI_Handler_Table_Base          
0000c872  __TI_Handler_Table_Limit         
0000c878  __TI_CINIT_Base                  
0000c888  __TI_CINIT_Limit                 
0000ffd2  __TI_int41                       
0000ffd4  __TI_int42                       
0000ffd6  __TI_int43                       
0000ffd8  __TI_int44                       
0000ffda  __TI_int45                       
0000ffdc  __TI_int46                       
0000ffde  __TI_int47                       
0000ffe0  __TI_int48                       
0000ffe2  __TI_int49                       
0000ffe4  __TI_int50                       
0000ffe6  __TI_int51                       
0000ffe8  __TI_int52                       
0000ffea  __TI_int53                       
0000ffec  __TI_int54                       
0000ffee  __TI_int55                       
0000fff0  __TI_int56                       
0000fff2  __TI_int57                       
0000fff4  __TI_int58                       
0000fff6  __TI_int59                       
0000fff8  __TI_int60                       
0000fffa  __TI_int61                       
0000fffc  __TI_int62                       
0000fffe  _reset_vector                    
ffffffff  __binit__                        
ffffffff  __c_args__                       
ffffffff  binit                            
UNDEFED   __TI_INITARRAY_Base              
UNDEFED   __TI_INITARRAY_Limit             

[993 symbols]
