<?xml version="1.0"?>
<link_info>
   <banner>MSP430 Linker PC v4.4.3</banner>
   <copyright>Copyright (c) 2003-2015 Texas Instruments Incorporated</copyright>
   <link_time>0x570e8aea</link_time>
   <link_errors>0x0</link_errors>
   <output_file>MainController_v1a.out</output_file>
   <entry_point>
      <name>_c_int00_noargs_noexit</name>
      <address>0xacf0</address>
   </entry_point>
   <input_file_list>
      <input_file id="fl-2">
         <path>.\</path>
         <kind>object</kind>
         <file>clock_f5.obj</file>
         <name>clock_f5.obj</name>
      </input_file>
      <input_file id="fl-3">
         <path>.\</path>
         <kind>object</kind>
         <file>dbg_uart_uscia0.obj</file>
         <name>dbg_uart_uscia0.obj</name>
      </input_file>
      <input_file id="fl-4">
         <path>.\</path>
         <kind>object</kind>
         <file>i2c_uscib1.obj</file>
         <name>i2c_uscib1.obj</name>
      </input_file>
      <input_file id="fl-5">
         <path>.\</path>
         <kind>object</kind>
         <file>ldc_spi_uscib0.obj</file>
         <name>ldc_spi_uscib0.obj</name>
      </input_file>
      <input_file id="fl-6">
         <path>.\</path>
         <kind>object</kind>
         <file>main.obj</file>
         <name>main.obj</name>
      </input_file>
      <input_file id="fl-7">
         <path>.\</path>
         <kind>object</kind>
         <file>motor.obj</file>
         <name>motor.obj</name>
      </input_file>
      <input_file id="fl-8">
         <path>.\</path>
         <kind>object</kind>
         <file>motor_spi_uscia1.obj</file>
         <name>motor_spi_uscia1.obj</name>
      </input_file>
      <input_file id="fl-9">
         <path>.\</path>
         <kind>object</kind>
         <file>utils.obj</file>
         <name>utils.obj</name>
      </input_file>
      <input_file id="fl-3e">
         <path>C:\ti\ccsv6\tools\compiler\ti-cgt-msp430_4.4.3\lib\</path>
         <kind>archive</kind>
         <file>rts430x_lc_sd_eabi.lib</file>
         <name>boot.obj</name>
      </input_file>
      <input_file id="fl-3f">
         <path>C:\ti\ccsv6\tools\compiler\ti-cgt-msp430_4.4.3\lib\</path>
         <kind>archive</kind>
         <file>rts430x_lc_sd_eabi.lib</file>
         <name>boot_special.obj</name>
      </input_file>
      <input_file id="fl-40">
         <path>C:\ti\ccsv6\tools\compiler\ti-cgt-msp430_4.4.3\lib\</path>
         <kind>archive</kind>
         <file>rts430x_lc_sd_eabi.lib</file>
         <name>copy_decompress_none.obj</name>
      </input_file>
      <input_file id="fl-41">
         <path>C:\ti\ccsv6\tools\compiler\ti-cgt-msp430_4.4.3\lib\</path>
         <kind>archive</kind>
         <file>rts430x_lc_sd_eabi.lib</file>
         <name>copy_decompress_rle.obj</name>
      </input_file>
      <input_file id="fl-42">
         <path>C:\ti\ccsv6\tools\compiler\ti-cgt-msp430_4.4.3\lib\</path>
         <kind>archive</kind>
         <file>rts430x_lc_sd_eabi.lib</file>
         <name>copy_zero_init.obj</name>
      </input_file>
      <input_file id="fl-43">
         <path>C:\ti\ccsv6\tools\compiler\ti-cgt-msp430_4.4.3\lib\</path>
         <kind>archive</kind>
         <file>rts430x_lc_sd_eabi.lib</file>
         <name>cpy_util.obj</name>
      </input_file>
      <input_file id="fl-44">
         <path>C:\ti\ccsv6\tools\compiler\ti-cgt-msp430_4.4.3\lib\</path>
         <kind>archive</kind>
         <file>rts430x_lc_sd_eabi.lib</file>
         <name>exit.obj</name>
      </input_file>
      <input_file id="fl-45">
         <path>C:\ti\ccsv6\tools\compiler\ti-cgt-msp430_4.4.3\lib\</path>
         <kind>archive</kind>
         <file>rts430x_lc_sd_eabi.lib</file>
         <name>int41.obj</name>
      </input_file>
      <input_file id="fl-46">
         <path>C:\ti\ccsv6\tools\compiler\ti-cgt-msp430_4.4.3\lib\</path>
         <kind>archive</kind>
         <file>rts430x_lc_sd_eabi.lib</file>
         <name>int42.obj</name>
      </input_file>
      <input_file id="fl-47">
         <path>C:\ti\ccsv6\tools\compiler\ti-cgt-msp430_4.4.3\lib\</path>
         <kind>archive</kind>
         <file>rts430x_lc_sd_eabi.lib</file>
         <name>int43.obj</name>
      </input_file>
      <input_file id="fl-48">
         <path>C:\ti\ccsv6\tools\compiler\ti-cgt-msp430_4.4.3\lib\</path>
         <kind>archive</kind>
         <file>rts430x_lc_sd_eabi.lib</file>
         <name>int44.obj</name>
      </input_file>
      <input_file id="fl-49">
         <path>C:\ti\ccsv6\tools\compiler\ti-cgt-msp430_4.4.3\lib\</path>
         <kind>archive</kind>
         <file>rts430x_lc_sd_eabi.lib</file>
         <name>int47.obj</name>
      </input_file>
      <input_file id="fl-4a">
         <path>C:\ti\ccsv6\tools\compiler\ti-cgt-msp430_4.4.3\lib\</path>
         <kind>archive</kind>
         <file>rts430x_lc_sd_eabi.lib</file>
         <name>int48.obj</name>
      </input_file>
      <input_file id="fl-4b">
         <path>C:\ti\ccsv6\tools\compiler\ti-cgt-msp430_4.4.3\lib\</path>
         <kind>archive</kind>
         <file>rts430x_lc_sd_eabi.lib</file>
         <name>int49.obj</name>
      </input_file>
      <input_file id="fl-4c">
         <path>C:\ti\ccsv6\tools\compiler\ti-cgt-msp430_4.4.3\lib\</path>
         <kind>archive</kind>
         <file>rts430x_lc_sd_eabi.lib</file>
         <name>int50.obj</name>
      </input_file>
      <input_file id="fl-4d">
         <path>C:\ti\ccsv6\tools\compiler\ti-cgt-msp430_4.4.3\lib\</path>
         <kind>archive</kind>
         <file>rts430x_lc_sd_eabi.lib</file>
         <name>int51.obj</name>
      </input_file>
      <input_file id="fl-4e">
         <path>C:\ti\ccsv6\tools\compiler\ti-cgt-msp430_4.4.3\lib\</path>
         <kind>archive</kind>
         <file>rts430x_lc_sd_eabi.lib</file>
         <name>int52.obj</name>
      </input_file>
      <input_file id="fl-4f">
         <path>C:\ti\ccsv6\tools\compiler\ti-cgt-msp430_4.4.3\lib\</path>
         <kind>archive</kind>
         <file>rts430x_lc_sd_eabi.lib</file>
         <name>int53.obj</name>
      </input_file>
      <input_file id="fl-50">
         <path>C:\ti\ccsv6\tools\compiler\ti-cgt-msp430_4.4.3\lib\</path>
         <kind>archive</kind>
         <file>rts430x_lc_sd_eabi.lib</file>
         <name>int57.obj</name>
      </input_file>
      <input_file id="fl-51">
         <path>C:\ti\ccsv6\tools\compiler\ti-cgt-msp430_4.4.3\lib\</path>
         <kind>archive</kind>
         <file>rts430x_lc_sd_eabi.lib</file>
         <name>int58.obj</name>
      </input_file>
      <input_file id="fl-52">
         <path>C:\ti\ccsv6\tools\compiler\ti-cgt-msp430_4.4.3\lib\</path>
         <kind>archive</kind>
         <file>rts430x_lc_sd_eabi.lib</file>
         <name>int59.obj</name>
      </input_file>
      <input_file id="fl-53">
         <path>C:\ti\ccsv6\tools\compiler\ti-cgt-msp430_4.4.3\lib\</path>
         <kind>archive</kind>
         <file>rts430x_lc_sd_eabi.lib</file>
         <name>int60.obj</name>
      </input_file>
      <input_file id="fl-54">
         <path>C:\ti\ccsv6\tools\compiler\ti-cgt-msp430_4.4.3\lib\</path>
         <kind>archive</kind>
         <file>rts430x_lc_sd_eabi.lib</file>
         <name>int62.obj</name>
      </input_file>
      <input_file id="fl-55">
         <path>C:\ti\ccsv6\tools\compiler\ti-cgt-msp430_4.4.3\lib\</path>
         <kind>archive</kind>
         <file>rts430x_lc_sd_eabi.lib</file>
         <name>isr_trap.obj</name>
      </input_file>
      <input_file id="fl-56">
         <path>C:\ti\ccsv6\tools\compiler\ti-cgt-msp430_4.4.3\lib\</path>
         <kind>archive</kind>
         <file>rts430x_lc_sd_eabi.lib</file>
         <name>memset.obj</name>
      </input_file>
      <input_file id="fl-57">
         <path>C:\ti\ccsv6\tools\compiler\ti-cgt-msp430_4.4.3\lib\</path>
         <kind>archive</kind>
         <file>rts430x_lc_sd_eabi.lib</file>
         <name>mpu_init.obj</name>
      </input_file>
      <input_file id="fl-58">
         <path>C:\ti\ccsv6\tools\compiler\ti-cgt-msp430_4.4.3\lib\</path>
         <kind>archive</kind>
         <file>rts430x_lc_sd_eabi.lib</file>
         <name>mult16.obj</name>
      </input_file>
      <input_file id="fl-59">
         <path>C:\ti\ccsv6\tools\compiler\ti-cgt-msp430_4.4.3\lib\</path>
         <kind>archive</kind>
         <file>rts430x_lc_sd_eabi.lib</file>
         <name>mult1632_f5hw.obj</name>
      </input_file>
      <input_file id="fl-5a">
         <path>C:\ti\ccsv6\tools\compiler\ti-cgt-msp430_4.4.3\lib\</path>
         <kind>archive</kind>
         <file>rts430x_lc_sd_eabi.lib</file>
         <name>mult16_f5hw.obj</name>
      </input_file>
      <input_file id="fl-5b">
         <path>C:\ti\ccsv6\tools\compiler\ti-cgt-msp430_4.4.3\lib\</path>
         <kind>archive</kind>
         <file>rts430x_lc_sd_eabi.lib</file>
         <name>mult3264_f5hw.obj</name>
      </input_file>
      <input_file id="fl-5c">
         <path>C:\ti\ccsv6\tools\compiler\ti-cgt-msp430_4.4.3\lib\</path>
         <kind>archive</kind>
         <file>rts430x_lc_sd_eabi.lib</file>
         <name>mult32_f5hw.obj</name>
      </input_file>
      <input_file id="fl-5d">
         <path>C:\ti\ccsv6\tools\compiler\ti-cgt-msp430_4.4.3\lib\</path>
         <kind>archive</kind>
         <file>rts430x_lc_sd_eabi.lib</file>
         <name>mult64_f5hw.obj</name>
      </input_file>
      <input_file id="fl-5e">
         <path>C:\ti\ccsv6\tools\compiler\ti-cgt-msp430_4.4.3\lib\</path>
         <kind>archive</kind>
         <file>rts430x_lc_sd_eabi.lib</file>
         <name>pre_init.obj</name>
      </input_file>
      <input_file id="fl-5f">
         <path>C:\ti\ccsv6\tools\compiler\ti-cgt-msp430_4.4.3\lib\</path>
         <kind>archive</kind>
         <file>rts430x_lc_sd_eabi.lib</file>
         <name>_lock.obj</name>
      </input_file>
      <input_file id="fl-60">
         <path>C:\ti\ccsv6\tools\compiler\ti-cgt-msp430_4.4.3\lib\</path>
         <kind>archive</kind>
         <file>rts430x_lc_sd_eabi.lib</file>
         <name>args_main.obj</name>
      </input_file>
      <input_file id="fl-61">
         <path>C:\ti\ccsv6\tools\compiler\ti-cgt-msp430_4.4.3\lib\</path>
         <kind>archive</kind>
         <file>rts430x_lc_sd_eabi.lib</file>
         <name>autoinit_wdt.obj</name>
      </input_file>
   </input_file_list>
   <object_component_list>
      <object_component id="oc-2af">
         <name>.common:debug_cmd_buf</name>
         <uninitialized>true</uninitialized>
         <run_address>0x2b78</run_address>
         <size>0x20</size>
      </object_component>
      <object_component id="oc-2ce">
         <name>.common:mass_data_buf</name>
         <uninitialized>true</uninitialized>
         <run_address>0x2858</run_address>
         <size>0x320</size>
      </object_component>
      <object_component id="oc-ce">
         <name>.stack</name>
         <uninitialized>true</uninitialized>
         <run_address>0x3b60</run_address>
         <size>0x2</size>
         <input_file_ref idref="fl-3e"/>
      </object_component>
      <object_component id="oc-4a3">
         <name>.stack</name>
         <uninitialized>true</uninitialized>
         <run_address>0x3b60</run_address>
         <size>0x0</size>
      </object_component>
      <object_component id="oc-1fe">
         <name>.text:debug_task</name>
         <load_address>0x8000</load_address>
         <run_address>0x8000</run_address>
         <size>0xe8a</size>
         <input_file_ref idref="fl-6"/>
      </object_component>
      <object_component id="oc-207">
         <name>.text:mass_task</name>
         <load_address>0x8e8a</load_address>
         <run_address>0x8e8a</run_address>
         <size>0x2b8</size>
         <input_file_ref idref="fl-6"/>
      </object_component>
      <object_component id="oc-219">
         <name>.text:chimney_task</name>
         <load_address>0x9142</load_address>
         <run_address>0x9142</run_address>
         <size>0x248</size>
         <input_file_ref idref="fl-6"/>
      </object_component>
      <object_component id="oc-20a">
         <name>.text:opt_task</name>
         <load_address>0x938a</load_address>
         <run_address>0x938a</run_address>
         <size>0x18c</size>
         <input_file_ref idref="fl-6"/>
      </object_component>
      <object_component id="oc-201">
         <name>.text:adc_task</name>
         <load_address>0x9516</load_address>
         <run_address>0x9516</run_address>
         <size>0x136</size>
         <input_file_ref idref="fl-6"/>
      </object_component>
      <object_component id="oc-213">
         <name>.text:motor_spi_task</name>
         <load_address>0x964c</load_address>
         <run_address>0x964c</run_address>
         <size>0xf2</size>
         <input_file_ref idref="fl-6"/>
      </object_component>
      <object_component id="oc-311">
         <name>.text:error_dump</name>
         <load_address>0x973e</load_address>
         <run_address>0x973e</run_address>
         <size>0xe2</size>
         <input_file_ref idref="fl-9"/>
      </object_component>
      <object_component id="oc-1c8">
         <name>.text:reset_isr</name>
         <load_address>0x9820</load_address>
         <run_address>0x9820</run_address>
         <size>0xe2</size>
         <input_file_ref idref="fl-6"/>
      </object_component>
      <object_component id="oc-317">
         <name>.text:warning_dump</name>
         <load_address>0x9902</load_address>
         <run_address>0x9902</run_address>
         <size>0xe2</size>
         <input_file_ref idref="fl-9"/>
      </object_component>
      <object_component id="oc-de">
         <name>.text:__TI_decompress_rle_core</name>
         <load_address>0x99e4</load_address>
         <run_address>0x99e4</run_address>
         <size>0xd6</size>
         <input_file_ref idref="fl-41"/>
      </object_component>
      <object_component id="oc-fc">
         <name>.text:_isr:ADC12_ISR</name>
         <load_address>0x9aba</load_address>
         <run_address>0x9aba</run_address>
         <size>0xd2</size>
         <input_file_ref idref="fl-6"/>
      </object_component>
      <object_component id="oc-2c0">
         <name>.text:hex2ascii_int</name>
         <load_address>0x9b8c</load_address>
         <run_address>0x9b8c</run_address>
         <size>0xb8</size>
         <input_file_ref idref="fl-9"/>
      </object_component>
      <object_component id="oc-385">
         <name>.text:check_bin_resp</name>
         <load_address>0x9c44</load_address>
         <run_address>0x9c44</run_address>
         <size>0xb4</size>
         <input_file_ref idref="fl-6"/>
      </object_component>
      <object_component id="oc-397">
         <name>.text:check_chimney_resp</name>
         <load_address>0x9cf8</load_address>
         <run_address>0x9cf8</run_address>
         <size>0xb4</size>
         <input_file_ref idref="fl-6"/>
      </object_component>
      <object_component id="oc-2ff">
         <name>.text:print_mon_analog_value</name>
         <load_address>0x9dac</load_address>
         <run_address>0x9dac</run_address>
         <size>0xa8</size>
         <input_file_ref idref="fl-9"/>
      </object_component>
      <object_component id="oc-391">
         <name>.text:check_compact_resp</name>
         <load_address>0x9e54</load_address>
         <run_address>0x9e54</run_address>
         <size>0xa6</size>
         <input_file_ref idref="fl-6"/>
      </object_component>
      <object_component id="oc-f6">
         <name>.text:_isr:USCIA1_ISR</name>
         <load_address>0x9efa</load_address>
         <run_address>0x9efa</run_address>
         <size>0x96</size>
         <input_file_ref idref="fl-6"/>
      </object_component>
      <object_component id="oc-102">
         <name>.text:_isr:USCIB0_ISR</name>
         <load_address>0x9f90</load_address>
         <run_address>0x9f90</run_address>
         <size>0x92</size>
         <input_file_ref idref="fl-6"/>
      </object_component>
      <object_component id="oc-3aa">
         <name>.text:check_chim_next_pos</name>
         <load_address>0xa022</load_address>
         <run_address>0xa022</run_address>
         <size>0x8e</size>
         <input_file_ref idref="fl-6"/>
      </object_component>
      <object_component id="oc-2d5">
         <name>.text:ascii2hex_byte</name>
         <load_address>0xa0b0</load_address>
         <run_address>0xa0b0</run_address>
         <size>0x82</size>
         <input_file_ref idref="fl-9"/>
      </object_component>
      <object_component id="oc-120">
         <name>.text:_auto_init_hold_wdt</name>
         <load_address>0xa132</load_address>
         <run_address>0xa132</run_address>
         <size>0x80</size>
         <input_file_ref idref="fl-61"/>
      </object_component>
      <object_component id="oc-108">
         <name>.text:_isr:USCIA0_ISR</name>
         <load_address>0xa1b2</load_address>
         <run_address>0xa1b2</run_address>
         <size>0x78</size>
         <input_file_ref idref="fl-6"/>
      </object_component>
      <object_component id="oc-20d">
         <name>.text:i2c_task</name>
         <load_address>0xa22a</load_address>
         <run_address>0xa22a</run_address>
         <size>0x78</size>
         <input_file_ref idref="fl-6"/>
      </object_component>
      <object_component id="oc-13a">
         <name>.text:main</name>
         <load_address>0xa2a2</load_address>
         <run_address>0xa2a2</run_address>
         <size>0x78</size>
         <input_file_ref idref="fl-6"/>
      </object_component>
      <object_component id="oc-f0">
         <name>.text:_isr:USCI_B1_ISR</name>
         <load_address>0xa31a</load_address>
         <run_address>0xa31a</run_address>
         <size>0x70</size>
         <input_file_ref idref="fl-6"/>
      </object_component>
      <object_component id="oc-35a">
         <name>.text:mass_sensor_data_check_outside</name>
         <load_address>0xa38a</load_address>
         <run_address>0xa38a</run_address>
         <size>0x6c</size>
         <input_file_ref idref="fl-6"/>
      </object_component>
      <object_component id="oc-36c">
         <name>.text:opt_sensor_data_check_outside</name>
         <load_address>0xa3f6</load_address>
         <run_address>0xa3f6</run_address>
         <size>0x6c</size>
         <input_file_ref idref="fl-6"/>
      </object_component>
      <object_component id="oc-3b0">
         <name>.text:check_chim_paddle_pos</name>
         <load_address>0xa462</load_address>
         <run_address>0xa462</run_address>
         <size>0x68</size>
         <input_file_ref idref="fl-6"/>
      </object_component>
      <object_component id="oc-39e">
         <name>.text:check_chim_full_rot</name>
         <load_address>0xa4ca</load_address>
         <run_address>0xa4ca</run_address>
         <size>0x64</size>
         <input_file_ref idref="fl-6"/>
      </object_component>
      <object_component id="oc-360">
         <name>.text:mass_sensor_data_check_inside</name>
         <load_address>0xa52e</load_address>
         <run_address>0xa52e</run_address>
         <size>0x62</size>
         <input_file_ref idref="fl-6"/>
      </object_component>
      <object_component id="oc-372">
         <name>.text:opt_sensor_data_check_inside</name>
         <load_address>0xa590</load_address>
         <run_address>0xa590</run_address>
         <size>0x62</size>
         <input_file_ref idref="fl-6"/>
      </object_component>
      <object_component id="oc-10e">
         <name>.text:_isr:unmi_isr</name>
         <load_address>0xa5f2</load_address>
         <run_address>0xa5f2</run_address>
         <size>0x5c</size>
         <input_file_ref idref="fl-6"/>
      </object_component>
      <object_component id="oc-38b">
         <name>.text:init_motor_SPI_transac</name>
         <load_address>0xa64e</load_address>
         <run_address>0xa64e</run_address>
         <size>0x58</size>
         <input_file_ref idref="fl-8"/>
      </object_component>
      <object_component id="oc-408">
         <name>.text:hex2ascii_byte</name>
         <load_address>0xa6a6</load_address>
         <run_address>0xa6a6</run_address>
         <size>0x56</size>
         <input_file_ref idref="fl-9"/>
      </object_component>
      <object_component id="oc-1ec">
         <name>.text:MOTOR_SPI_setup</name>
         <load_address>0xa6fc</load_address>
         <run_address>0xa6fc</run_address>
         <size>0x54</size>
         <input_file_ref idref="fl-8"/>
      </object_component>
      <object_component id="oc-1e6">
         <name>.text:motor_pwm_setup</name>
         <load_address>0xa750</load_address>
         <run_address>0xa750</run_address>
         <size>0x50</size>
         <input_file_ref idref="fl-7"/>
      </object_component>
      <object_component id="oc-27d">
         <name>.text:SetVCoreUp</name>
         <load_address>0xa7a0</load_address>
         <run_address>0xa7a0</run_address>
         <size>0x4e</size>
         <input_file_ref idref="fl-2"/>
      </object_component>
      <object_component id="oc-1f2">
         <name>.text:motor_enable_setup</name>
         <load_address>0xa7ee</load_address>
         <run_address>0xa7ee</run_address>
         <size>0x4c</size>
         <input_file_ref idref="fl-6"/>
      </object_component>
      <object_component id="oc-1ce">
         <name>.text:setup_clock</name>
         <load_address>0xa83a</load_address>
         <run_address>0xa83a</run_address>
         <size>0x4c</size>
         <input_file_ref idref="fl-2"/>
      </object_component>
      <object_component id="oc-2b7">
         <name>.text:dbg_uart_send_string</name>
         <load_address>0xa886</load_address>
         <run_address>0xa886</run_address>
         <size>0x44</size>
         <input_file_ref idref="fl-3"/>
      </object_component>
      <object_component id="oc-1e0">
         <name>.text:i2c_uscib1_setup</name>
         <load_address>0xa8ca</load_address>
         <run_address>0xa8ca</run_address>
         <size>0x42</size>
         <input_file_ref idref="fl-4"/>
      </object_component>
      <object_component id="oc-d2">
         <name>.text:__memcpy_far</name>
         <load_address>0xa90c</load_address>
         <run_address>0xa90c</run_address>
         <size>0x40</size>
         <input_file_ref idref="fl-43"/>
      </object_component>
      <object_component id="oc-8c">
         <name>.text:decompress:ZI:__TI_zero_init</name>
         <load_address>0xa94c</load_address>
         <run_address>0xa94c</run_address>
         <size>0x3e</size>
         <input_file_ref idref="fl-42"/>
      </object_component>
      <object_component id="oc-28f">
         <name>.text:init_I2C_transac</name>
         <load_address>0xa98a</load_address>
         <run_address>0xa98a</run_address>
         <size>0x3e</size>
         <input_file_ref idref="fl-4"/>
      </object_component>
      <object_component id="oc-30b">
         <name>.text:clear_warnings</name>
         <load_address>0xa9c8</load_address>
         <run_address>0xa9c8</run_address>
         <size>0x3c</size>
         <input_file_ref idref="fl-9"/>
      </object_component>
      <object_component id="oc-6a">
         <name>.text:decompress:none:__TI_decompress_none</name>
         <load_address>0xaa04</load_address>
         <run_address>0xaa04</run_address>
         <size>0x3c</size>
         <input_file_ref idref="fl-40"/>
      </object_component>
      <object_component id="oc-305">
         <name>.text:clear_errors</name>
         <load_address>0xaa40</load_address>
         <run_address>0xaa40</run_address>
         <size>0x38</size>
         <input_file_ref idref="fl-9"/>
      </object_component>
      <object_component id="oc-15f">
         <name>.text:issue_warning</name>
         <load_address>0xaa78</load_address>
         <run_address>0xaa78</run_address>
         <size>0x38</size>
         <input_file_ref idref="fl-9"/>
      </object_component>
      <object_component id="oc-190">
         <name>.text:issue_error</name>
         <load_address>0xaab0</load_address>
         <run_address>0xaab0</run_address>
         <size>0x2e</size>
         <input_file_ref idref="fl-9"/>
      </object_component>
      <object_component id="oc-1da">
         <name>.text:adc_setup</name>
         <load_address>0xaade</load_address>
         <run_address>0xaade</run_address>
         <size>0x2c</size>
         <input_file_ref idref="fl-6"/>
      </object_component>
      <object_component id="oc-2a9">
         <name>.text:dbg_uart_send_byte</name>
         <load_address>0xab0a</load_address>
         <run_address>0xab0a</run_address>
         <size>0x2c</size>
         <input_file_ref idref="fl-3"/>
      </object_component>
      <object_component id="oc-1d4">
         <name>.text:setup_dbg_uart</name>
         <load_address>0xab36</load_address>
         <run_address>0xab36</run_address>
         <size>0x28</size>
         <input_file_ref idref="fl-3"/>
      </object_component>
      <object_component id="oc-2b1">
         <name>.text:strncmp</name>
         <load_address>0xab5e</load_address>
         <run_address>0xab5e</run_address>
         <size>0x24</size>
         <input_file_ref idref="fl-9"/>
      </object_component>
      <object_component id="oc-347">
         <name>.text:P1_get</name>
         <load_address>0xab82</load_address>
         <run_address>0xab82</run_address>
         <size>0x22</size>
         <input_file_ref idref="fl-9"/>
      </object_component>
      <object_component id="oc-341">
         <name>.text:P2_get</name>
         <load_address>0xaba4</load_address>
         <run_address>0xaba4</run_address>
         <size>0x22</size>
         <input_file_ref idref="fl-9"/>
      </object_component>
      <object_component id="oc-33b">
         <name>.text:P3_get</name>
         <load_address>0xabc6</load_address>
         <run_address>0xabc6</run_address>
         <size>0x22</size>
         <input_file_ref idref="fl-9"/>
      </object_component>
      <object_component id="oc-335">
         <name>.text:P4_get</name>
         <load_address>0xabe8</load_address>
         <run_address>0xabe8</run_address>
         <size>0x22</size>
         <input_file_ref idref="fl-9"/>
      </object_component>
      <object_component id="oc-32f">
         <name>.text:P5_get</name>
         <load_address>0xac0a</load_address>
         <run_address>0xac0a</run_address>
         <size>0x22</size>
         <input_file_ref idref="fl-9"/>
      </object_component>
      <object_component id="oc-329">
         <name>.text:P6_get</name>
         <load_address>0xac2c</load_address>
         <run_address>0xac2c</run_address>
         <size>0x22</size>
         <input_file_ref idref="fl-9"/>
      </object_component>
      <object_component id="oc-323">
         <name>.text:P7_get</name>
         <load_address>0xac4e</load_address>
         <run_address>0xac4e</run_address>
         <size>0x22</size>
         <input_file_ref idref="fl-9"/>
      </object_component>
      <object_component id="oc-31d">
         <name>.text:P8_get</name>
         <load_address>0xac70</load_address>
         <run_address>0xac70</run_address>
         <size>0x22</size>
         <input_file_ref idref="fl-9"/>
      </object_component>
      <object_component id="oc-37f">
         <name>.text:get_motor_SPI_rx_data</name>
         <load_address>0xac92</load_address>
         <run_address>0xac92</run_address>
         <size>0x20</size>
         <input_file_ref idref="fl-8"/>
      </object_component>
      <object_component id="oc-41d">
         <name>.text:is_inside_interval</name>
         <load_address>0xacb2</load_address>
         <run_address>0xacb2</run_address>
         <size>0x20</size>
         <input_file_ref idref="fl-6"/>
      </object_component>
      <object_component id="oc-1f8">
         <name>.text:sys_task</name>
         <load_address>0xacd2</load_address>
         <run_address>0xacd2</run_address>
         <size>0x1e</size>
         <input_file_ref idref="fl-6"/>
      </object_component>
      <object_component id="oc-aa">
         <name>.text:_isr:_c_int00_noargs_noexit</name>
         <load_address>0xacf0</load_address>
         <run_address>0xacf0</run_address>
         <size>0x1a</size>
         <input_file_ref idref="fl-3f"/>
      </object_component>
      <object_component id="oc-2a3">
         <name>.text:dbg_uart_get_byte</name>
         <load_address>0xad0a</load_address>
         <run_address>0xad0a</run_address>
         <size>0x1a</size>
         <input_file_ref idref="fl-3"/>
      </object_component>
      <object_component id="oc-2c9">
         <name>.text</name>
         <load_address>0xad24</load_address>
         <run_address>0xad24</run_address>
         <size>0x16</size>
         <input_file_ref idref="fl-5a"/>
      </object_component>
      <object_component id="oc-2ed">
         <name>.text:set_bin_direction</name>
         <load_address>0xad3a</load_address>
         <run_address>0xad3a</run_address>
         <size>0x14</size>
         <input_file_ref idref="fl-7"/>
      </object_component>
      <object_component id="oc-2f3">
         <name>.text:set_compact_direction</name>
         <load_address>0xad4e</load_address>
         <run_address>0xad4e</run_address>
         <size>0x14</size>
         <input_file_ref idref="fl-7"/>
      </object_component>
      <object_component id="oc-289">
         <name>.text:end_I2C_transac</name>
         <load_address>0xad62</load_address>
         <run_address>0xad62</run_address>
         <size>0x12</size>
         <input_file_ref idref="fl-4"/>
      </object_component>
      <object_component id="oc-2cf">
         <name>.text:get_curr_chimney_pos</name>
         <load_address>0xad74</load_address>
         <run_address>0xad74</run_address>
         <size>0x12</size>
         <input_file_ref idref="fl-6"/>
      </object_component>
      <object_component id="oc-2db">
         <name>.text:set_bin_speed</name>
         <load_address>0xad86</load_address>
         <run_address>0xad86</run_address>
         <size>0x10</size>
         <input_file_ref idref="fl-7"/>
      </object_component>
      <object_component id="oc-2f9">
         <name>.text:set_chimney_direction</name>
         <load_address>0xad96</load_address>
         <run_address>0xad96</run_address>
         <size>0x10</size>
         <input_file_ref idref="fl-7"/>
      </object_component>
      <object_component id="oc-2e7">
         <name>.text:set_chimney_speed</name>
         <load_address>0xada6</load_address>
         <run_address>0xada6</run_address>
         <size>0x10</size>
         <input_file_ref idref="fl-7"/>
      </object_component>
      <object_component id="oc-2e1">
         <name>.text:set_compact_speed</name>
         <load_address>0xadb6</load_address>
         <run_address>0xadb6</run_address>
         <size>0x10</size>
         <input_file_ref idref="fl-7"/>
      </object_component>
      <object_component id="oc-70">
         <name>.text:decompress:rle24:__TI_decompress_rle24</name>
         <load_address>0xadc6</load_address>
         <run_address>0xadc6</run_address>
         <size>0xe</size>
         <input_file_ref idref="fl-41"/>
      </object_component>
      <object_component id="oc-29d">
         <name>.text:is_dbg_uart_rx_data_ready</name>
         <load_address>0xadd4</load_address>
         <run_address>0xadd4</run_address>
         <size>0xe</size>
         <input_file_ref idref="fl-3"/>
      </object_component>
      <object_component id="oc-3a4">
         <name>.text:is_entry_door_open</name>
         <load_address>0xade2</load_address>
         <run_address>0xade2</run_address>
         <size>0xe</size>
         <input_file_ref idref="fl-6"/>
      </object_component>
      <object_component id="oc-1c2">
         <name>.text:led_P5_6_off</name>
         <load_address>0xadf0</load_address>
         <run_address>0xadf0</run_address>
         <size>0x8</size>
         <input_file_ref idref="fl-9"/>
      </object_component>
      <object_component id="oc-224">
         <name>.text:led_P5_6_on</name>
         <load_address>0xadf8</load_address>
         <run_address>0xadf8</run_address>
         <size>0x8</size>
         <input_file_ref idref="fl-9"/>
      </object_component>
      <object_component id="oc-22a">
         <name>.text:led_P7_7_off</name>
         <load_address>0xae00</load_address>
         <run_address>0xae00</run_address>
         <size>0x8</size>
         <input_file_ref idref="fl-9"/>
      </object_component>
      <object_component id="oc-1bc">
         <name>.text:led_P7_7_on</name>
         <load_address>0xae08</load_address>
         <run_address>0xae08</run_address>
         <size>0x8</size>
         <input_file_ref idref="fl-9"/>
      </object_component>
      <object_component id="oc-eb">
         <name>.text:_isr:__TI_ISR_TRAP</name>
         <load_address>0xae10</load_address>
         <run_address>0xae10</run_address>
         <size>0x6</size>
         <input_file_ref idref="fl-55"/>
      </object_component>
      <object_component id="oc-189">
         <name>.text:disable_dbg_uart_txint</name>
         <load_address>0xae16</load_address>
         <run_address>0xae16</run_address>
         <size>0x6</size>
         <input_file_ref idref="fl-3"/>
      </object_component>
      <object_component id="oc-3e7">
         <name>.text:enable_dbg_uart_txint</name>
         <load_address>0xae1c</load_address>
         <run_address>0xae1c</run_address>
         <size>0x6</size>
         <input_file_ref idref="fl-3"/>
      </object_component>
      <object_component id="oc-295">
         <name>.text:is_I2C_rx_ready</name>
         <load_address>0xae22</load_address>
         <run_address>0xae22</run_address>
         <size>0x6</size>
         <input_file_ref idref="fl-4"/>
      </object_component>
      <object_component id="oc-401">
         <name>.text:is_error</name>
         <load_address>0xae28</load_address>
         <run_address>0xae28</run_address>
         <size>0x6</size>
         <input_file_ref idref="fl-9"/>
      </object_component>
      <object_component id="oc-379">
         <name>.text:is_motor_spi_rx_ready</name>
         <load_address>0xae2e</load_address>
         <run_address>0xae2e</run_address>
         <size>0x6</size>
         <input_file_ref idref="fl-8"/>
      </object_component>
      <object_component id="oc-1b0">
         <name>.text:led_P1_0_off</name>
         <load_address>0xae34</load_address>
         <run_address>0xae34</run_address>
         <size>0x6</size>
         <input_file_ref idref="fl-9"/>
      </object_component>
      <object_component id="oc-34d">
         <name>.text:led_P1_0_on</name>
         <load_address>0xae3a</load_address>
         <run_address>0xae3a</run_address>
         <size>0x6</size>
         <input_file_ref idref="fl-9"/>
      </object_component>
      <object_component id="oc-1b6">
         <name>.text:led_P2_2_off</name>
         <load_address>0xae40</load_address>
         <run_address>0xae40</run_address>
         <size>0x6</size>
         <input_file_ref idref="fl-9"/>
      </object_component>
      <object_component id="oc-24e">
         <name>.text:led_P2_2_on</name>
         <load_address>0xae46</load_address>
         <run_address>0xae46</run_address>
         <size>0x6</size>
         <input_file_ref idref="fl-9"/>
      </object_component>
      <object_component id="oc-11a">
         <name>.text:_system_pre_init</name>
         <load_address>0xae4c</load_address>
         <run_address>0xae4c</run_address>
         <size>0x4</size>
         <input_file_ref idref="fl-5e"/>
      </object_component>
      <object_component id="oc-142">
         <name>.text:abort</name>
         <load_address>0xae50</load_address>
         <run_address>0xae50</run_address>
         <size>0x4</size>
         <input_file_ref idref="fl-44"/>
      </object_component>
      <object_component id="oc-4a2">
         <name>.cinit..data.load</name>
         <load_address>0xb046</load_address>
         <run_address>0xb046</run_address>
         <size>0x11</size>
      </object_component>
      <object_component id="oc-49f">
         <name>__TI_handler_table</name>
         <load_address>0xb058</load_address>
         <run_address>0xb058</run_address>
         <size>0xc</size>
      </object_component>
      <object_component id="oc-4a1">
         <name>.cinit..bss.load</name>
         <load_address>0xb064</load_address>
         <run_address>0xb064</run_address>
         <size>0x6</size>
      </object_component>
      <object_component id="oc-4a0">
         <name>__TI_cinit_table</name>
         <load_address>0xb06a</load_address>
         <run_address>0xb06a</run_address>
         <size>0x10</size>
      </object_component>
      <object_component id="oc-2b0">
         <name>.const:.string</name>
         <load_address>0xae54</load_address>
         <run_address>0xae54</run_address>
         <size>0x1f2</size>
         <input_file_ref idref="fl-6"/>
      </object_component>
      <object_component id="oc-76">
         <name>.int41</name>
         <load_address>0xffd2</load_address>
         <run_address>0xffd2</run_address>
         <size>0x2</size>
         <input_file_ref idref="fl-45"/>
      </object_component>
      <object_component id="oc-77">
         <name>.int42</name>
         <load_address>0xffd4</load_address>
         <run_address>0xffd4</run_address>
         <size>0x2</size>
         <input_file_ref idref="fl-46"/>
      </object_component>
      <object_component id="oc-78">
         <name>.int43</name>
         <load_address>0xffd6</load_address>
         <run_address>0xffd6</run_address>
         <size>0x2</size>
         <input_file_ref idref="fl-47"/>
      </object_component>
      <object_component id="oc-79">
         <name>.int44</name>
         <load_address>0xffd8</load_address>
         <run_address>0xffd8</run_address>
         <size>0x2</size>
         <input_file_ref idref="fl-48"/>
      </object_component>
      <object_component id="oc-7a">
         <name>.int45</name>
         <load_address>0xffda</load_address>
         <run_address>0xffda</run_address>
         <size>0x2</size>
         <input_file_ref idref="fl-6"/>
      </object_component>
      <object_component id="oc-7b">
         <name>.int46</name>
         <load_address>0xffdc</load_address>
         <run_address>0xffdc</run_address>
         <size>0x2</size>
         <input_file_ref idref="fl-6"/>
      </object_component>
      <object_component id="oc-7c">
         <name>.int47</name>
         <load_address>0xffde</load_address>
         <run_address>0xffde</run_address>
         <size>0x2</size>
         <input_file_ref idref="fl-49"/>
      </object_component>
      <object_component id="oc-7d">
         <name>.int48</name>
         <load_address>0xffe0</load_address>
         <run_address>0xffe0</run_address>
         <size>0x2</size>
         <input_file_ref idref="fl-4a"/>
      </object_component>
      <object_component id="oc-7e">
         <name>.int49</name>
         <load_address>0xffe2</load_address>
         <run_address>0xffe2</run_address>
         <size>0x2</size>
         <input_file_ref idref="fl-4b"/>
      </object_component>
      <object_component id="oc-7f">
         <name>.int50</name>
         <load_address>0xffe4</load_address>
         <run_address>0xffe4</run_address>
         <size>0x2</size>
         <input_file_ref idref="fl-4c"/>
      </object_component>
      <object_component id="oc-80">
         <name>.int51</name>
         <load_address>0xffe6</load_address>
         <run_address>0xffe6</run_address>
         <size>0x2</size>
         <input_file_ref idref="fl-4d"/>
      </object_component>
      <object_component id="oc-81">
         <name>.int52</name>
         <load_address>0xffe8</load_address>
         <run_address>0xffe8</run_address>
         <size>0x2</size>
         <input_file_ref idref="fl-4e"/>
      </object_component>
      <object_component id="oc-82">
         <name>.int53</name>
         <load_address>0xffea</load_address>
         <run_address>0xffea</run_address>
         <size>0x2</size>
         <input_file_ref idref="fl-4f"/>
      </object_component>
      <object_component id="oc-83">
         <name>.int54</name>
         <load_address>0xffec</load_address>
         <run_address>0xffec</run_address>
         <size>0x2</size>
         <input_file_ref idref="fl-6"/>
      </object_component>
      <object_component id="oc-84">
         <name>.int55</name>
         <load_address>0xffee</load_address>
         <run_address>0xffee</run_address>
         <size>0x2</size>
         <input_file_ref idref="fl-6"/>
      </object_component>
      <object_component id="oc-85">
         <name>.int56</name>
         <load_address>0xfff0</load_address>
         <run_address>0xfff0</run_address>
         <size>0x2</size>
         <input_file_ref idref="fl-6"/>
      </object_component>
      <object_component id="oc-86">
         <name>.int57</name>
         <load_address>0xfff2</load_address>
         <run_address>0xfff2</run_address>
         <size>0x2</size>
         <input_file_ref idref="fl-50"/>
      </object_component>
      <object_component id="oc-87">
         <name>.int58</name>
         <load_address>0xfff4</load_address>
         <run_address>0xfff4</run_address>
         <size>0x2</size>
         <input_file_ref idref="fl-51"/>
      </object_component>
      <object_component id="oc-88">
         <name>.int59</name>
         <load_address>0xfff6</load_address>
         <run_address>0xfff6</run_address>
         <size>0x2</size>
         <input_file_ref idref="fl-52"/>
      </object_component>
      <object_component id="oc-89">
         <name>.int60</name>
         <load_address>0xfff8</load_address>
         <run_address>0xfff8</run_address>
         <size>0x2</size>
         <input_file_ref idref="fl-53"/>
      </object_component>
      <object_component id="oc-8a">
         <name>.int61</name>
         <load_address>0xfffa</load_address>
         <run_address>0xfffa</run_address>
         <size>0x2</size>
         <input_file_ref idref="fl-6"/>
      </object_component>
      <object_component id="oc-8b">
         <name>.int62</name>
         <load_address>0xfffc</load_address>
         <run_address>0xfffc</run_address>
         <size>0x2</size>
         <input_file_ref idref="fl-54"/>
      </object_component>
      <object_component id="oc-d1">
         <name>.reset</name>
         <load_address>0xfffe</load_address>
         <run_address>0xfffe</run_address>
         <size>0x2</size>
         <input_file_ref idref="fl-3e"/>
      </object_component>
      <object_component id="oc-186">
         <name>.data</name>
         <load_address>0x2400</load_address>
         <run_address>0x2400</run_address>
         <size>0x1f8</size>
         <input_file_ref idref="fl-3"/>
      </object_component>
      <object_component id="oc-15c">
         <name>.data</name>
         <load_address>0x27b3</load_address>
         <run_address>0x27b3</run_address>
         <size>0x26</size>
         <input_file_ref idref="fl-4"/>
      </object_component>
      <object_component id="oc-182">
         <name>.data</name>
         <load_address>0x27f2</load_address>
         <run_address>0x27f2</run_address>
         <size>0x16</size>
         <input_file_ref idref="fl-5"/>
      </object_component>
      <object_component id="oc-16a">
         <name>.data</name>
         <load_address>0x25f8</load_address>
         <run_address>0x25f8</run_address>
         <size>0xa4</size>
         <input_file_ref idref="fl-6"/>
      </object_component>
      <object_component id="oc-230">
         <name>.data:warn_log</name>
         <load_address>0x27da</load_address>
         <run_address>0x27da</run_address>
         <size>0x18</size>
         <input_file_ref idref="fl-6"/>
      </object_component>
      <object_component id="oc-254">
         <name>.data:err_log</name>
         <load_address>0x281e</load_address>
         <run_address>0x281e</run_address>
         <size>0x14</size>
         <input_file_ref idref="fl-6"/>
      </object_component>
      <object_component id="oc-179">
         <name>.data:adc_internal_buffer</name>
         <load_address>0x269c</load_address>
         <run_address>0x269c</run_address>
         <size>0x56</size>
         <input_file_ref idref="fl-6"/>
      </object_component>
      <object_component id="oc-2bd">
         <name>.data:adc_output_buffer</name>
         <load_address>0x26f2</load_address>
         <run_address>0x26f2</run_address>
         <size>0x56</size>
         <input_file_ref idref="fl-6"/>
      </object_component>
      <object_component id="oc-353">
         <name>.data:adc_data_ready_flags</name>
         <load_address>0x2788</load_address>
         <run_address>0x2788</run_address>
         <size>0x2b</size>
         <input_file_ref idref="fl-6"/>
      </object_component>
      <object_component id="oc-2c6">
         <name>.data:ldc_data_buf</name>
         <load_address>0x2852</load_address>
         <run_address>0x2852</run_address>
         <size>0x6</size>
         <input_file_ref idref="fl-6"/>
      </object_component>
      <object_component id="oc-357">
         <name>.data:mass_hist_buf</name>
         <load_address>0x2748</load_address>
         <run_address>0x2748</run_address>
         <size>0x40</size>
         <input_file_ref idref="fl-6"/>
      </object_component>
      <object_component id="oc-369">
         <name>.data:opt_data_time_buf</name>
         <load_address>0x2842</load_address>
         <run_address>0x2842</run_address>
         <size>0x10</size>
         <input_file_ref idref="fl-6"/>
      </object_component>
      <object_component id="oc-366">
         <name>.data:opt_data_low_buf</name>
         <load_address>0x2832</load_address>
         <run_address>0x2832</run_address>
         <size>0x10</size>
         <input_file_ref idref="fl-6"/>
      </object_component>
      <object_component id="oc-166">
         <name>.data</name>
         <load_address>0x2808</load_address>
         <run_address>0x2808</run_address>
         <size>0x16</size>
         <input_file_ref idref="fl-8"/>
      </object_component>
      <object_component id="oc-1cf">
         <name>.debug_info</name>
         <load_address>0x0</load_address>
         <run_address>0x0</run_address>
         <size>0x159</size>
         <input_file_ref idref="fl-2"/>
      </object_component>
      <object_component id="oc-27e">
         <name>.debug_info</name>
         <load_address>0x159</load_address>
         <run_address>0x159</run_address>
         <size>0x149</size>
         <input_file_ref idref="fl-2"/>
      </object_component>
      <object_component id="oc-150">
         <name>.debug_info</name>
         <load_address>0x2a2</load_address>
         <run_address>0x2a2</run_address>
         <size>0x84</size>
         <input_file_ref idref="fl-2"/>
      </object_component>
      <object_component id="oc-24c">
         <name>.debug_info</name>
         <load_address>0x326</load_address>
         <run_address>0x326</run_address>
         <size>0x258</size>
         <input_file_ref idref="fl-3"/>
      </object_component>
      <object_component id="oc-187">
         <name>.debug_info</name>
         <load_address>0x57e</load_address>
         <run_address>0x57e</run_address>
         <size>0xff</size>
         <input_file_ref idref="fl-3"/>
      </object_component>
      <object_component id="oc-1d5">
         <name>.debug_info</name>
         <load_address>0x67d</load_address>
         <run_address>0x67d</run_address>
         <size>0x141</size>
         <input_file_ref idref="fl-3"/>
      </object_component>
      <object_component id="oc-18a">
         <name>.debug_info</name>
         <load_address>0x7be</load_address>
         <run_address>0x7be</run_address>
         <size>0x151</size>
         <input_file_ref idref="fl-3"/>
      </object_component>
      <object_component id="oc-3e8">
         <name>.debug_info</name>
         <load_address>0x90f</load_address>
         <run_address>0x90f</run_address>
         <size>0x14f</size>
         <input_file_ref idref="fl-3"/>
      </object_component>
      <object_component id="oc-2aa">
         <name>.debug_info</name>
         <load_address>0xa5e</load_address>
         <run_address>0xa5e</run_address>
         <size>0x19b</size>
         <input_file_ref idref="fl-3"/>
      </object_component>
      <object_component id="oc-2b8">
         <name>.debug_info</name>
         <load_address>0xbf9</load_address>
         <run_address>0xbf9</run_address>
         <size>0x1cc</size>
         <input_file_ref idref="fl-3"/>
      </object_component>
      <object_component id="oc-29e">
         <name>.debug_info</name>
         <load_address>0xdc5</load_address>
         <run_address>0xdc5</run_address>
         <size>0x15b</size>
         <input_file_ref idref="fl-3"/>
      </object_component>
      <object_component id="oc-2a4">
         <name>.debug_info</name>
         <load_address>0xf20</load_address>
         <run_address>0xf20</run_address>
         <size>0x162</size>
         <input_file_ref idref="fl-3"/>
      </object_component>
      <object_component id="oc-3cb">
         <name>.debug_info</name>
         <load_address>0x1082</load_address>
         <run_address>0x1082</run_address>
         <size>0xab</size>
         <input_file_ref idref="fl-3"/>
      </object_component>
      <object_component id="oc-17d">
         <name>.debug_info</name>
         <load_address>0x112d</load_address>
         <run_address>0x112d</run_address>
         <size>0x87</size>
         <input_file_ref idref="fl-3"/>
      </object_component>
      <object_component id="oc-223">
         <name>.debug_info</name>
         <load_address>0x11b4</load_address>
         <run_address>0x11b4</run_address>
         <size>0x2a0</size>
         <input_file_ref idref="fl-4"/>
      </object_component>
      <object_component id="oc-15d">
         <name>.debug_info</name>
         <load_address>0x1454</load_address>
         <run_address>0x1454</run_address>
         <size>0xf0</size>
         <input_file_ref idref="fl-4"/>
      </object_component>
      <object_component id="oc-1e1">
         <name>.debug_info</name>
         <load_address>0x1544</load_address>
         <run_address>0x1544</run_address>
         <size>0x136</size>
         <input_file_ref idref="fl-4"/>
      </object_component>
      <object_component id="oc-290">
         <name>.debug_info</name>
         <load_address>0x167a</load_address>
         <run_address>0x167a</run_address>
         <size>0x1d7</size>
         <input_file_ref idref="fl-4"/>
      </object_component>
      <object_component id="oc-28a">
         <name>.debug_info</name>
         <load_address>0x1851</load_address>
         <run_address>0x1851</run_address>
         <size>0x134</size>
         <input_file_ref idref="fl-4"/>
      </object_component>
      <object_component id="oc-296">
         <name>.debug_info</name>
         <load_address>0x1985</load_address>
         <run_address>0x1985</run_address>
         <size>0x138</size>
         <input_file_ref idref="fl-4"/>
      </object_component>
      <object_component id="oc-3b9">
         <name>.debug_info</name>
         <load_address>0x1abd</load_address>
         <run_address>0x1abd</run_address>
         <size>0xcd</size>
         <input_file_ref idref="fl-4"/>
      </object_component>
      <object_component id="oc-249">
         <name>.debug_info</name>
         <load_address>0x1b8a</load_address>
         <run_address>0x1b8a</run_address>
         <size>0x2aa</size>
         <input_file_ref idref="fl-5"/>
      </object_component>
      <object_component id="oc-183">
         <name>.debug_info</name>
         <load_address>0x1e34</load_address>
         <run_address>0x1e34</run_address>
         <size>0xfc</size>
         <input_file_ref idref="fl-5"/>
      </object_component>
      <object_component id="oc-3d0">
         <name>.debug_info</name>
         <load_address>0x1f30</load_address>
         <run_address>0x1f30</run_address>
         <size>0xcd</size>
         <input_file_ref idref="fl-5"/>
      </object_component>
      <object_component id="oc-239">
         <name>.debug_info</name>
         <load_address>0x1ffd</load_address>
         <run_address>0x1ffd</run_address>
         <size>0x12f0</size>
         <input_file_ref idref="fl-6"/>
      </object_component>
      <object_component id="oc-16b">
         <name>.debug_info</name>
         <load_address>0x32ed</load_address>
         <run_address>0x32ed</run_address>
         <size>0x7ce</size>
         <input_file_ref idref="fl-6"/>
      </object_component>
      <object_component id="oc-231">
         <name>.debug_info</name>
         <load_address>0x3abb</load_address>
         <run_address>0x3abb</run_address>
         <size>0xea</size>
         <input_file_ref idref="fl-6"/>
      </object_component>
      <object_component id="oc-255">
         <name>.debug_info</name>
         <load_address>0x3ba5</load_address>
         <run_address>0x3ba5</run_address>
         <size>0xe8</size>
         <input_file_ref idref="fl-6"/>
      </object_component>
      <object_component id="oc-17a">
         <name>.debug_info</name>
         <load_address>0x3c8d</load_address>
         <run_address>0x3c8d</run_address>
         <size>0x100</size>
         <input_file_ref idref="fl-6"/>
      </object_component>
      <object_component id="oc-2be">
         <name>.debug_info</name>
         <load_address>0x3d8d</load_address>
         <run_address>0x3d8d</run_address>
         <size>0xfc</size>
         <input_file_ref idref="fl-6"/>
      </object_component>
      <object_component id="oc-354">
         <name>.debug_info</name>
         <load_address>0x3e89</load_address>
         <run_address>0x3e89</run_address>
         <size>0x102</size>
         <input_file_ref idref="fl-6"/>
      </object_component>
      <object_component id="oc-2c7">
         <name>.debug_info</name>
         <load_address>0x3f8b</load_address>
         <run_address>0x3f8b</run_address>
         <size>0xf2</size>
         <input_file_ref idref="fl-6"/>
      </object_component>
      <object_component id="oc-358">
         <name>.debug_info</name>
         <load_address>0x407d</load_address>
         <run_address>0x407d</run_address>
         <size>0xf4</size>
         <input_file_ref idref="fl-6"/>
      </object_component>
      <object_component id="oc-36a">
         <name>.debug_info</name>
         <load_address>0x4171</load_address>
         <run_address>0x4171</run_address>
         <size>0xfc</size>
         <input_file_ref idref="fl-6"/>
      </object_component>
      <object_component id="oc-367">
         <name>.debug_info</name>
         <load_address>0x426d</load_address>
         <run_address>0x426d</run_address>
         <size>0xfa</size>
         <input_file_ref idref="fl-6"/>
      </object_component>
      <object_component id="oc-13b">
         <name>.debug_info</name>
         <load_address>0x4367</load_address>
         <run_address>0x4367</run_address>
         <size>0x280</size>
         <input_file_ref idref="fl-6"/>
      </object_component>
      <object_component id="oc-1f9">
         <name>.debug_info</name>
         <load_address>0x45e7</load_address>
         <run_address>0x45e7</run_address>
         <size>0x117</size>
         <input_file_ref idref="fl-6"/>
      </object_component>
      <object_component id="oc-1db">
         <name>.debug_info</name>
         <load_address>0x46fe</load_address>
         <run_address>0x46fe</run_address>
         <size>0x119</size>
         <input_file_ref idref="fl-6"/>
      </object_component>
      <object_component id="oc-202">
         <name>.debug_info</name>
         <load_address>0x4817</load_address>
         <run_address>0x4817</run_address>
         <size>0x168</size>
         <input_file_ref idref="fl-6"/>
      </object_component>
      <object_component id="oc-16d">
         <name>.debug_info</name>
         <load_address>0x497f</load_address>
         <run_address>0x497f</run_address>
         <size>0x406</size>
         <input_file_ref idref="fl-6"/>
      </object_component>
      <object_component id="oc-170">
         <name>.debug_info</name>
         <load_address>0x4d85</load_address>
         <run_address>0x4d85</run_address>
         <size>0x44e</size>
         <input_file_ref idref="fl-6"/>
      </object_component>
      <object_component id="oc-361">
         <name>.debug_info</name>
         <load_address>0x51d3</load_address>
         <run_address>0x51d3</run_address>
         <size>0x1ca</size>
         <input_file_ref idref="fl-6"/>
      </object_component>
      <object_component id="oc-35b">
         <name>.debug_info</name>
         <load_address>0x539d</load_address>
         <run_address>0x539d</run_address>
         <size>0x1f3</size>
         <input_file_ref idref="fl-6"/>
      </object_component>
      <object_component id="oc-173">
         <name>.debug_info</name>
         <load_address>0x5590</load_address>
         <run_address>0x5590</run_address>
         <size>0x1ee</size>
         <input_file_ref idref="fl-6"/>
      </object_component>
      <object_component id="oc-373">
         <name>.debug_info</name>
         <load_address>0x577e</load_address>
         <run_address>0x577e</run_address>
         <size>0x1c8</size>
         <input_file_ref idref="fl-6"/>
      </object_component>
      <object_component id="oc-36d">
         <name>.debug_info</name>
         <load_address>0x5946</load_address>
         <run_address>0x5946</run_address>
         <size>0x1f1</size>
         <input_file_ref idref="fl-6"/>
      </object_component>
      <object_component id="oc-1f3">
         <name>.debug_info</name>
         <load_address>0x5b37</load_address>
         <run_address>0x5b37</run_address>
         <size>0x1d7</size>
         <input_file_ref idref="fl-6"/>
      </object_component>
      <object_component id="oc-20e">
         <name>.debug_info</name>
         <load_address>0x5d0e</load_address>
         <run_address>0x5d0e</run_address>
         <size>0x17e</size>
         <input_file_ref idref="fl-6"/>
      </object_component>
      <object_component id="oc-214">
         <name>.debug_info</name>
         <load_address>0x5e8c</load_address>
         <run_address>0x5e8c</run_address>
         <size>0x2b6</size>
         <input_file_ref idref="fl-6"/>
      </object_component>
      <object_component id="oc-398">
         <name>.debug_info</name>
         <load_address>0x6142</load_address>
         <run_address>0x6142</run_address>
         <size>0x251</size>
         <input_file_ref idref="fl-6"/>
      </object_component>
      <object_component id="oc-392">
         <name>.debug_info</name>
         <load_address>0x6393</load_address>
         <run_address>0x6393</run_address>
         <size>0x23d</size>
         <input_file_ref idref="fl-6"/>
      </object_component>
      <object_component id="oc-386">
         <name>.debug_info</name>
         <load_address>0x65d0</load_address>
         <run_address>0x65d0</run_address>
         <size>0x249</size>
         <input_file_ref idref="fl-6"/>
      </object_component>
      <object_component id="oc-41e">
         <name>.debug_info</name>
         <load_address>0x6819</load_address>
         <run_address>0x6819</run_address>
         <size>0x1d9</size>
         <input_file_ref idref="fl-6"/>
      </object_component>
      <object_component id="oc-21a">
         <name>.debug_info</name>
         <load_address>0x69f2</load_address>
         <run_address>0x69f2</run_address>
         <size>0x30f</size>
         <input_file_ref idref="fl-6"/>
      </object_component>
      <object_component id="oc-2d0">
         <name>.debug_info</name>
         <load_address>0x6d01</load_address>
         <run_address>0x6d01</run_address>
         <size>0x153</size>
         <input_file_ref idref="fl-6"/>
      </object_component>
      <object_component id="oc-3b1">
         <name>.debug_info</name>
         <load_address>0x6e54</load_address>
         <run_address>0x6e54</run_address>
         <size>0x18a</size>
         <input_file_ref idref="fl-6"/>
      </object_component>
      <object_component id="oc-3ab">
         <name>.debug_info</name>
         <load_address>0x6fde</load_address>
         <run_address>0x6fde</run_address>
         <size>0x16c</size>
         <input_file_ref idref="fl-6"/>
      </object_component>
      <object_component id="oc-39f">
         <name>.debug_info</name>
         <load_address>0x714a</load_address>
         <run_address>0x714a</run_address>
         <size>0x16c</size>
         <input_file_ref idref="fl-6"/>
      </object_component>
      <object_component id="oc-3a5">
         <name>.debug_info</name>
         <load_address>0x72b6</load_address>
         <run_address>0x72b6</run_address>
         <size>0x12f</size>
         <input_file_ref idref="fl-6"/>
      </object_component>
      <object_component id="oc-176">
         <name>.debug_info</name>
         <load_address>0x73e5</load_address>
         <run_address>0x73e5</run_address>
         <size>0xfd6</size>
         <input_file_ref idref="fl-6"/>
      </object_component>
      <object_component id="oc-fd">
         <name>.debug_info</name>
         <load_address>0x83bb</load_address>
         <run_address>0x83bb</run_address>
         <size>0x14c</size>
         <input_file_ref idref="fl-6"/>
      </object_component>
      <object_component id="oc-109">
         <name>.debug_info</name>
         <load_address>0x8507</load_address>
         <run_address>0x8507</run_address>
         <size>0x161</size>
         <input_file_ref idref="fl-6"/>
      </object_component>
      <object_component id="oc-f7">
         <name>.debug_info</name>
         <load_address>0x8668</load_address>
         <run_address>0x8668</run_address>
         <size>0x144</size>
         <input_file_ref idref="fl-6"/>
      </object_component>
      <object_component id="oc-103">
         <name>.debug_info</name>
         <load_address>0x87ac</load_address>
         <run_address>0x87ac</run_address>
         <size>0x144</size>
         <input_file_ref idref="fl-6"/>
      </object_component>
      <object_component id="oc-f1">
         <name>.debug_info</name>
         <load_address>0x88f0</load_address>
         <run_address>0x88f0</run_address>
         <size>0x15a</size>
         <input_file_ref idref="fl-6"/>
      </object_component>
      <object_component id="oc-10f">
         <name>.debug_info</name>
         <load_address>0x8a4a</load_address>
         <run_address>0x8a4a</run_address>
         <size>0x174</size>
         <input_file_ref idref="fl-6"/>
      </object_component>
      <object_component id="oc-1c9">
         <name>.debug_info</name>
         <load_address>0x8bbe</load_address>
         <run_address>0x8bbe</run_address>
         <size>0x243</size>
         <input_file_ref idref="fl-6"/>
      </object_component>
      <object_component id="oc-23b">
         <name>.debug_info</name>
         <load_address>0x8e01</load_address>
         <run_address>0x8e01</run_address>
         <size>0x4f9</size>
         <input_file_ref idref="fl-6"/>
      </object_component>
      <object_component id="oc-3c4">
         <name>.debug_info</name>
         <load_address>0x92fa</load_address>
         <run_address>0x92fa</run_address>
         <size>0xcd</size>
         <input_file_ref idref="fl-6"/>
      </object_component>
      <object_component id="oc-1e7">
         <name>.debug_info</name>
         <load_address>0x93c7</load_address>
         <run_address>0x93c7</run_address>
         <size>0x125</size>
         <input_file_ref idref="fl-7"/>
      </object_component>
      <object_component id="oc-2e8">
         <name>.debug_info</name>
         <load_address>0x94ec</load_address>
         <run_address>0x94ec</run_address>
         <size>0x14f</size>
         <input_file_ref idref="fl-7"/>
      </object_component>
      <object_component id="oc-2e2">
         <name>.debug_info</name>
         <load_address>0x963b</load_address>
         <run_address>0x963b</run_address>
         <size>0x14f</size>
         <input_file_ref idref="fl-7"/>
      </object_component>
      <object_component id="oc-2dc">
         <name>.debug_info</name>
         <load_address>0x978a</load_address>
         <run_address>0x978a</run_address>
         <size>0x147</size>
         <input_file_ref idref="fl-7"/>
      </object_component>
      <object_component id="oc-2fa">
         <name>.debug_info</name>
         <load_address>0x98d1</load_address>
         <run_address>0x98d1</run_address>
         <size>0x14f</size>
         <input_file_ref idref="fl-7"/>
      </object_component>
      <object_component id="oc-2f4">
         <name>.debug_info</name>
         <load_address>0x9a20</load_address>
         <run_address>0x9a20</run_address>
         <size>0x14f</size>
         <input_file_ref idref="fl-7"/>
      </object_component>
      <object_component id="oc-2ee">
         <name>.debug_info</name>
         <load_address>0x9b6f</load_address>
         <run_address>0x9b6f</run_address>
         <size>0x147</size>
         <input_file_ref idref="fl-7"/>
      </object_component>
      <object_component id="oc-236">
         <name>.debug_info</name>
         <load_address>0x9cb6</load_address>
         <run_address>0x9cb6</run_address>
         <size>0x27a</size>
         <input_file_ref idref="fl-8"/>
      </object_component>
      <object_component id="oc-167">
         <name>.debug_info</name>
         <load_address>0x9f30</load_address>
         <run_address>0x9f30</run_address>
         <size>0x102</size>
         <input_file_ref idref="fl-8"/>
      </object_component>
      <object_component id="oc-1ed">
         <name>.debug_info</name>
         <load_address>0xa032</load_address>
         <run_address>0xa032</run_address>
         <size>0x18a</size>
         <input_file_ref idref="fl-8"/>
      </object_component>
      <object_component id="oc-38c">
         <name>.debug_info</name>
         <load_address>0xa1bc</load_address>
         <run_address>0xa1bc</run_address>
         <size>0x1a8</size>
         <input_file_ref idref="fl-8"/>
      </object_component>
      <object_component id="oc-380">
         <name>.debug_info</name>
         <load_address>0xa364</load_address>
         <run_address>0xa364</run_address>
         <size>0x16d</size>
         <input_file_ref idref="fl-8"/>
      </object_component>
      <object_component id="oc-37a">
         <name>.debug_info</name>
         <load_address>0xa4d1</load_address>
         <run_address>0xa4d1</run_address>
         <size>0x156</size>
         <input_file_ref idref="fl-8"/>
      </object_component>
      <object_component id="oc-3ef">
         <name>.debug_info</name>
         <load_address>0xa627</load_address>
         <run_address>0xa627</run_address>
         <size>0x3e0</size>
         <input_file_ref idref="fl-9"/>
      </object_component>
      <object_component id="oc-2d6">
         <name>.debug_info</name>
         <load_address>0xaa07</load_address>
         <run_address>0xaa07</run_address>
         <size>0x19e</size>
         <input_file_ref idref="fl-9"/>
      </object_component>
      <object_component id="oc-409">
         <name>.debug_info</name>
         <load_address>0xaba5</load_address>
         <run_address>0xaba5</run_address>
         <size>0x1d3</size>
         <input_file_ref idref="fl-9"/>
      </object_component>
      <object_component id="oc-2c1">
         <name>.debug_info</name>
         <load_address>0xad78</load_address>
         <run_address>0xad78</run_address>
         <size>0x22e</size>
         <input_file_ref idref="fl-9"/>
      </object_component>
      <object_component id="oc-348">
         <name>.debug_info</name>
         <load_address>0xafa6</load_address>
         <run_address>0xafa6</run_address>
         <size>0x14a</size>
         <input_file_ref idref="fl-9"/>
      </object_component>
      <object_component id="oc-342">
         <name>.debug_info</name>
         <load_address>0xb0f0</load_address>
         <run_address>0xb0f0</run_address>
         <size>0x14a</size>
         <input_file_ref idref="fl-9"/>
      </object_component>
      <object_component id="oc-33c">
         <name>.debug_info</name>
         <load_address>0xb23a</load_address>
         <run_address>0xb23a</run_address>
         <size>0x14a</size>
         <input_file_ref idref="fl-9"/>
      </object_component>
      <object_component id="oc-336">
         <name>.debug_info</name>
         <load_address>0xb384</load_address>
         <run_address>0xb384</run_address>
         <size>0x14a</size>
         <input_file_ref idref="fl-9"/>
      </object_component>
      <object_component id="oc-330">
         <name>.debug_info</name>
         <load_address>0xb4ce</load_address>
         <run_address>0xb4ce</run_address>
         <size>0x14a</size>
         <input_file_ref idref="fl-9"/>
      </object_component>
      <object_component id="oc-32a">
         <name>.debug_info</name>
         <load_address>0xb618</load_address>
         <run_address>0xb618</run_address>
         <size>0x14a</size>
         <input_file_ref idref="fl-9"/>
      </object_component>
      <object_component id="oc-324">
         <name>.debug_info</name>
         <load_address>0xb762</load_address>
         <run_address>0xb762</run_address>
         <size>0x14a</size>
         <input_file_ref idref="fl-9"/>
      </object_component>
      <object_component id="oc-31e">
         <name>.debug_info</name>
         <load_address>0xb8ac</load_address>
         <run_address>0xb8ac</run_address>
         <size>0x14a</size>
         <input_file_ref idref="fl-9"/>
      </object_component>
      <object_component id="oc-34e">
         <name>.debug_info</name>
         <load_address>0xb9f6</load_address>
         <run_address>0xb9f6</run_address>
         <size>0x11d</size>
         <input_file_ref idref="fl-9"/>
      </object_component>
      <object_component id="oc-1b1">
         <name>.debug_info</name>
         <load_address>0xbb13</load_address>
         <run_address>0xbb13</run_address>
         <size>0x11f</size>
         <input_file_ref idref="fl-9"/>
      </object_component>
      <object_component id="oc-24f">
         <name>.debug_info</name>
         <load_address>0xbc32</load_address>
         <run_address>0xbc32</run_address>
         <size>0x11d</size>
         <input_file_ref idref="fl-9"/>
      </object_component>
      <object_component id="oc-1b7">
         <name>.debug_info</name>
         <load_address>0xbd4f</load_address>
         <run_address>0xbd4f</run_address>
         <size>0x11f</size>
         <input_file_ref idref="fl-9"/>
      </object_component>
      <object_component id="oc-1bd">
         <name>.debug_info</name>
         <load_address>0xbe6e</load_address>
         <run_address>0xbe6e</run_address>
         <size>0x11d</size>
         <input_file_ref idref="fl-9"/>
      </object_component>
      <object_component id="oc-22b">
         <name>.debug_info</name>
         <load_address>0xbf8b</load_address>
         <run_address>0xbf8b</run_address>
         <size>0x11f</size>
         <input_file_ref idref="fl-9"/>
      </object_component>
      <object_component id="oc-225">
         <name>.debug_info</name>
         <load_address>0xc0aa</load_address>
         <run_address>0xc0aa</run_address>
         <size>0x11d</size>
         <input_file_ref idref="fl-9"/>
      </object_component>
      <object_component id="oc-1c3">
         <name>.debug_info</name>
         <load_address>0xc1c7</load_address>
         <run_address>0xc1c7</run_address>
         <size>0x11f</size>
         <input_file_ref idref="fl-9"/>
      </object_component>
      <object_component id="oc-160">
         <name>.debug_info</name>
         <load_address>0xc2e6</load_address>
         <run_address>0xc2e6</run_address>
         <size>0x191</size>
         <input_file_ref idref="fl-9"/>
      </object_component>
      <object_component id="oc-191">
         <name>.debug_info</name>
         <load_address>0xc477</load_address>
         <run_address>0xc477</run_address>
         <size>0x177</size>
         <input_file_ref idref="fl-9"/>
      </object_component>
      <object_component id="oc-402">
         <name>.debug_info</name>
         <load_address>0xc5ee</load_address>
         <run_address>0xc5ee</run_address>
         <size>0x11e</size>
         <input_file_ref idref="fl-9"/>
      </object_component>
      <object_component id="oc-312">
         <name>.debug_info</name>
         <load_address>0xc70c</load_address>
         <run_address>0xc70c</run_address>
         <size>0x200</size>
         <input_file_ref idref="fl-9"/>
      </object_component>
      <object_component id="oc-318">
         <name>.debug_info</name>
         <load_address>0xc90c</load_address>
         <run_address>0xc90c</run_address>
         <size>0x204</size>
         <input_file_ref idref="fl-9"/>
      </object_component>
      <object_component id="oc-30c">
         <name>.debug_info</name>
         <load_address>0xcb10</load_address>
         <run_address>0xcb10</run_address>
         <size>0x165</size>
         <input_file_ref idref="fl-9"/>
      </object_component>
      <object_component id="oc-306">
         <name>.debug_info</name>
         <load_address>0xcc75</load_address>
         <run_address>0xcc75</run_address>
         <size>0x154</size>
         <input_file_ref idref="fl-9"/>
      </object_component>
      <object_component id="oc-300">
         <name>.debug_info</name>
         <load_address>0xcdc9</load_address>
         <run_address>0xcdc9</run_address>
         <size>0x1ca</size>
         <input_file_ref idref="fl-9"/>
      </object_component>
      <object_component id="oc-2b2">
         <name>.debug_info</name>
         <load_address>0xcf93</load_address>
         <run_address>0xcf93</run_address>
         <size>0x166</size>
         <input_file_ref idref="fl-9"/>
      </object_component>
      <object_component id="oc-cf">
         <name>.debug_info</name>
         <load_address>0xd0f9</load_address>
         <run_address>0xd0f9</run_address>
         <size>0xd8</size>
         <input_file_ref idref="fl-3e"/>
      </object_component>
      <object_component id="oc-ab">
         <name>.debug_info</name>
         <load_address>0xd1d1</load_address>
         <run_address>0xd1d1</run_address>
         <size>0x179</size>
         <input_file_ref idref="fl-3f"/>
      </object_component>
      <object_component id="oc-dd">
         <name>.debug_info</name>
         <load_address>0xd34a</load_address>
         <run_address>0xd34a</run_address>
         <size>0x1b2</size>
         <input_file_ref idref="fl-40"/>
      </object_component>
      <object_component id="oc-6c">
         <name>.debug_info</name>
         <load_address>0xd4fc</load_address>
         <run_address>0xd4fc</run_address>
         <size>0x1ca</size>
         <input_file_ref idref="fl-40"/>
      </object_component>
      <object_component id="oc-d8">
         <name>.debug_info</name>
         <load_address>0xd6c6</load_address>
         <run_address>0xd6c6</run_address>
         <size>0x46</size>
         <input_file_ref idref="fl-40"/>
      </object_component>
      <object_component id="oc-e5">
         <name>.debug_info</name>
         <load_address>0xd70c</load_address>
         <run_address>0xd70c</run_address>
         <size>0x1b7</size>
         <input_file_ref idref="fl-41"/>
      </object_component>
      <object_component id="oc-df">
         <name>.debug_info</name>
         <load_address>0xd8c3</load_address>
         <run_address>0xd8c3</run_address>
         <size>0x2a3</size>
         <input_file_ref idref="fl-41"/>
      </object_component>
      <object_component id="oc-71">
         <name>.debug_info</name>
         <load_address>0xdb66</load_address>
         <run_address>0xdb66</run_address>
         <size>0x1a3</size>
         <input_file_ref idref="fl-41"/>
      </object_component>
      <object_component id="oc-e6">
         <name>.debug_info</name>
         <load_address>0xdd09</load_address>
         <run_address>0xdd09</run_address>
         <size>0x39</size>
         <input_file_ref idref="fl-41"/>
      </object_component>
      <object_component id="oc-8d">
         <name>.debug_info</name>
         <load_address>0xdd42</load_address>
         <run_address>0xdd42</run_address>
         <size>0x199</size>
         <input_file_ref idref="fl-42"/>
      </object_component>
      <object_component id="oc-115">
         <name>.debug_info</name>
         <load_address>0xdedb</load_address>
         <run_address>0xdedb</run_address>
         <size>0x46</size>
         <input_file_ref idref="fl-42"/>
      </object_component>
      <object_component id="oc-d3">
         <name>.debug_info</name>
         <load_address>0xdf21</load_address>
         <run_address>0xdf21</run_address>
         <size>0xf9</size>
         <input_file_ref idref="fl-43"/>
      </object_component>
      <object_component id="oc-143">
         <name>.debug_info</name>
         <load_address>0xe01a</load_address>
         <run_address>0xe01a</run_address>
         <size>0xfa</size>
         <input_file_ref idref="fl-44"/>
      </object_component>
      <object_component id="oc-ec">
         <name>.debug_info</name>
         <load_address>0xe114</load_address>
         <run_address>0xe114</run_address>
         <size>0xee</size>
         <input_file_ref idref="fl-55"/>
      </object_component>
      <object_component id="oc-2ca">
         <name>.debug_info</name>
         <load_address>0xe202</load_address>
         <run_address>0xe202</run_address>
         <size>0x10f</size>
         <input_file_ref idref="fl-5a"/>
      </object_component>
      <object_component id="oc-11b">
         <name>.debug_info</name>
         <load_address>0xe311</load_address>
         <run_address>0xe311</run_address>
         <size>0x12b</size>
         <input_file_ref idref="fl-5e"/>
      </object_component>
      <object_component id="oc-199">
         <name>.debug_info</name>
         <load_address>0xe43c</load_address>
         <run_address>0xe43c</run_address>
         <size>0x31e</size>
         <input_file_ref idref="fl-61"/>
      </object_component>
      <object_component id="oc-121">
         <name>.debug_info</name>
         <load_address>0xe75a</load_address>
         <run_address>0xe75a</run_address>
         <size>0x1de</size>
         <input_file_ref idref="fl-61"/>
      </object_component>
      <object_component id="oc-25a">
         <name>.debug_info</name>
         <load_address>0xe938</load_address>
         <run_address>0xe938</run_address>
         <size>0x39</size>
         <input_file_ref idref="fl-61"/>
      </object_component>
      <object_component id="oc-19a">
         <name>.debug_info</name>
         <load_address>0xe971</load_address>
         <run_address>0xe971</run_address>
         <size>0x2c</size>
         <input_file_ref idref="fl-61"/>
      </object_component>
      <object_component id="oc-4a4">
         <name>.debug_info</name>
         <load_address>0xe99d</load_address>
         <run_address>0xe99d</run_address>
         <size>0xc0</size>
      </object_component>
      <object_component id="oc-1d2">
         <name>.debug_line</name>
         <load_address>0x0</load_address>
         <run_address>0x0</run_address>
         <size>0x57</size>
         <input_file_ref idref="fl-2"/>
      </object_component>
      <object_component id="oc-281">
         <name>.debug_line</name>
         <load_address>0x57</load_address>
         <run_address>0x57</run_address>
         <size>0x58</size>
         <input_file_ref idref="fl-2"/>
      </object_component>
[...]
         <name>check_chim_full_rot</name>
         <value>0xa4ca</value>
         <object_component_ref idref="oc-39e"/>
      </symbol>
      <symbol id="sm-720">
         <name>debug_cmd_buf_ptr</name>
         <value>0x25f8</value>
         <object_component_ref idref="oc-16a"/>
      </symbol>
      <symbol id="sm-721">
         <name>is_entry_door_open</name>
         <value>0xade2</value>
         <object_component_ref idref="oc-3a4"/>
      </symbol>
      <symbol id="sm-722">
         <name>adc_seq2</name>
         <value>0x262e</value>
         <object_component_ref idref="oc-16a"/>
      </symbol>
      <symbol id="sm-723">
         <name>compact_motor_enable</name>
         <value>0x264c</value>
         <object_component_ref idref="oc-16a"/>
      </symbol>
      <symbol id="sm-724">
         <name>chimney_task</name>
         <value>0x9142</value>
         <object_component_ref idref="oc-219"/>
      </symbol>
      <symbol id="sm-725">
         <name>i2c_task</name>
         <value>0xa22a</value>
         <object_component_ref idref="oc-20d"/>
      </symbol>
      <symbol id="sm-726">
         <name>debug_task</name>
         <value>0x8000</value>
         <object_component_ref idref="oc-1fe"/>
      </symbol>
      <symbol id="sm-727">
         <name>monitor_data</name>
         <value>0x25fe</value>
         <object_component_ref idref="oc-16a"/>
      </symbol>
      <symbol id="sm-728">
         <name>mass_hist_buf</name>
         <value>0x2748</value>
         <object_component_ref idref="oc-357"/>
      </symbol>
      <symbol id="sm-729">
         <name>check_bin_resp</name>
         <value>0x9c44</value>
         <object_component_ref idref="oc-385"/>
      </symbol>
      <symbol id="sm-72a">
         <name>check_compact_resp</name>
         <value>0x9e54</value>
         <object_component_ref idref="oc-391"/>
      </symbol>
      <symbol id="sm-72b">
         <name>check_chimney_resp</name>
         <value>0x9cf8</value>
         <object_component_ref idref="oc-397"/>
      </symbol>
      <symbol id="sm-72c">
         <name>USCIA1_ISR</name>
         <value>0x9efa</value>
         <object_component_ref idref="oc-f6"/>
      </symbol>
      <symbol id="sm-72d">
         <name>check_chim_paddle_pos</name>
         <value>0xa462</value>
         <object_component_ref idref="oc-3b0"/>
      </symbol>
      <symbol id="sm-72e">
         <name>err_log_ptr</name>
         <value>0x25fb</value>
         <object_component_ref idref="oc-16a"/>
      </symbol>
      <symbol id="sm-72f">
         <name>monCurrState</name>
         <value>0x2628</value>
         <object_component_ref idref="oc-16a"/>
      </symbol>
      <symbol id="sm-730">
         <name>opt_data_low_buf</name>
         <value>0x2832</value>
         <object_component_ref idref="oc-366"/>
      </symbol>
      <symbol id="sm-731">
         <name>USCI_B1_ISR</name>
         <value>0xa31a</value>
         <object_component_ref idref="oc-f0"/>
      </symbol>
      <symbol id="sm-732">
         <name>ldc_data_buf</name>
         <value>0x2852</value>
         <object_component_ref idref="oc-2c6"/>
      </symbol>
      <symbol id="sm-733">
         <name>main</name>
         <value>0xa2a2</value>
         <object_component_ref idref="oc-13a"/>
      </symbol>
      <symbol id="sm-734">
         <name>USCIA0_ISR</name>
         <value>0xa1b2</value>
         <object_component_ref idref="oc-108"/>
      </symbol>
      <symbol id="sm-735">
         <name>USCIB0_ISR</name>
         <value>0x9f90</value>
         <object_component_ref idref="oc-102"/>
      </symbol>
      <symbol id="sm-736">
         <name>adc_setup</name>
         <value>0xaade</value>
         <object_component_ref idref="oc-1da"/>
      </symbol>
      <symbol id="sm-737">
         <name>reset_isr</name>
         <value>0x9820</value>
         <object_component_ref idref="oc-1c8"/>
      </symbol>
      <symbol id="sm-738">
         <name>bin_request</name>
         <value>0x2691</value>
         <object_component_ref idref="oc-16a"/>
      </symbol>
      <symbol id="sm-739">
         <name>mass_buf_ptr</name>
         <value>0x263c</value>
         <object_component_ref idref="oc-16a"/>
      </symbol>
      <symbol id="sm-73a">
         <name>motor_spi_task</name>
         <value>0x964c</value>
         <object_component_ref idref="oc-213"/>
      </symbol>
      <symbol id="sm-73b">
         <name>ldc_current_state</name>
         <value>0x2630</value>
         <object_component_ref idref="oc-16a"/>
      </symbol>
      <symbol id="sm-73c">
         <name>mass_task</name>
         <value>0x8e8a</value>
         <object_component_ref idref="oc-207"/>
      </symbol>
      <symbol id="sm-73d">
         <name>opt_run</name>
         <value>0x2642</value>
         <object_component_ref idref="oc-16a"/>
      </symbol>
      <symbol id="sm-73e">
         <name>last_insert_pos</name>
         <value>0x268c</value>
         <object_component_ref idref="oc-16a"/>
      </symbol>
      <symbol id="sm-73f">
         <name>opt_buf_ptr</name>
         <value>0x2644</value>
         <object_component_ref idref="oc-16a"/>
      </symbol>
      <symbol id="sm-740">
         <name>motor_enable_setup</name>
         <value>0xa7ee</value>
         <object_component_ref idref="oc-1f2"/>
      </symbol>
      <symbol id="sm-741">
         <name>opt_current_state</name>
         <value>0x2640</value>
         <object_component_ref idref="oc-16a"/>
      </symbol>
      <symbol id="sm-742">
         <name>mass_sensor_data_check_inside</name>
         <value>0xa52e</value>
         <object_component_ref idref="oc-360"/>
      </symbol>
      <symbol id="sm-743">
         <name>i2cCurrState</name>
         <value>0x264e</value>
         <object_component_ref idref="oc-16a"/>
      </symbol>
      <symbol id="sm-744">
         <name>opt_max_time</name>
         <value>0x2648</value>
         <object_component_ref idref="oc-16a"/>
      </symbol>
      <symbol id="sm-745">
         <name>mass_sensor_data_check_outside</name>
         <value>0xa38a</value>
         <object_component_ref idref="oc-35a"/>
      </symbol>
      <symbol id="sm-746">
         <name>bin_motor_enable</name>
         <value>0x264b</value>
         <object_component_ref idref="oc-16a"/>
      </symbol>
      <symbol id="sm-747">
         <name>check_chim_next_pos</name>
         <value>0xa022</value>
         <object_component_ref idref="oc-3aa"/>
      </symbol>
      <symbol id="sm-748">
         <name>err_log</name>
         <value>0x281e</value>
         <object_component_ref idref="oc-254"/>
      </symbol>
      <symbol id="sm-749">
         <name>adc_task</name>
         <value>0x9516</value>
         <object_component_ref idref="oc-201"/>
      </symbol>
      <symbol id="sm-74a">
         <name>adc_output_buffer</name>
         <value>0x26f2</value>
         <object_component_ref idref="oc-2bd"/>
      </symbol>
      <symbol id="sm-74b">
         <name>ldc_final_val</name>
         <value>0x2636</value>
         <object_component_ref idref="oc-16a"/>
      </symbol>
      <symbol id="sm-74c">
         <name>warn_log_ptr</name>
         <value>0x25f9</value>
         <object_component_ref idref="oc-16a"/>
      </symbol>
      <symbol id="sm-74d">
         <name>sort_motor_enable</name>
         <value>0x264d</value>
         <object_component_ref idref="oc-16a"/>
      </symbol>
      <symbol id="sm-74e">
         <name>unmi_isr</name>
         <value>0xa5f2</value>
         <object_component_ref idref="oc-10e"/>
      </symbol>
      <symbol id="sm-74f">
         <name>adc_ext_mux_ptr</name>
         <value>0x262d</value>
         <object_component_ref idref="oc-16a"/>
      </symbol>
      <symbol id="sm-750">
         <name>opt_data_time_buf</name>
         <value>0x2842</value>
         <object_component_ref idref="oc-369"/>
      </symbol>
      <symbol id="sm-751">
         <name>mass_run</name>
         <value>0x263a</value>
         <object_component_ref idref="oc-16a"/>
      </symbol>
      <symbol id="sm-752">
         <name>sysState</name>
         <value>0x2688</value>
         <object_component_ref idref="oc-16a"/>
      </symbol>
      <symbol id="sm-753">
         <name>chimneyCurrState</name>
         <value>0x268e</value>
         <object_component_ref idref="oc-16a"/>
      </symbol>
      <symbol id="sm-754">
         <name>last_paddle</name>
         <value>0x2690</value>
         <object_component_ref idref="oc-16a"/>
      </symbol>
      <symbol id="sm-755">
         <name>adc_internal_buffer</name>
         <value>0x269c</value>
         <object_component_ref idref="oc-179"/>
      </symbol>
      <symbol id="sm-756">
         <name>get_curr_chimney_pos</name>
         <value>0xad74</value>
         <object_component_ref idref="oc-2cf"/>
      </symbol>
      <symbol id="sm-792">
         <name>set_compact_speed</name>
         <value>0xadb6</value>
         <object_component_ref idref="oc-2e1"/>
      </symbol>
      <symbol id="sm-793">
         <name>motor_pwm_setup</name>
         <value>0xa750</value>
         <object_component_ref idref="oc-1e6"/>
      </symbol>
      <symbol id="sm-794">
         <name>set_compact_direction</name>
         <value>0xad4e</value>
         <object_component_ref idref="oc-2f3"/>
      </symbol>
      <symbol id="sm-795">
         <name>set_chimney_speed</name>
         <value>0xada6</value>
         <object_component_ref idref="oc-2e7"/>
      </symbol>
      <symbol id="sm-796">
         <name>set_bin_speed</name>
         <value>0xad86</value>
         <object_component_ref idref="oc-2db"/>
      </symbol>
      <symbol id="sm-797">
         <name>set_bin_direction</name>
         <value>0xad3a</value>
         <object_component_ref idref="oc-2ed"/>
      </symbol>
      <symbol id="sm-798">
         <name>set_chimney_direction</name>
         <value>0xad96</value>
         <object_component_ref idref="oc-2f9"/>
      </symbol>
      <symbol id="sm-7c1">
         <name>MOTOR_SPI_setup</name>
         <value>0xa6fc</value>
         <object_component_ref idref="oc-1ec"/>
      </symbol>
      <symbol id="sm-7c2">
         <name>init_motor_SPI_transac</name>
         <value>0xa64e</value>
         <object_component_ref idref="oc-38b"/>
      </symbol>
      <symbol id="sm-7c3">
         <name>MOTOR_SPI_data</name>
         <value>0x2808</value>
         <object_component_ref idref="oc-166"/>
      </symbol>
      <symbol id="sm-7c4">
         <name>get_motor_SPI_rx_data</name>
         <value>0xac92</value>
         <object_component_ref idref="oc-37f"/>
      </symbol>
      <symbol id="sm-7c5">
         <name>is_motor_spi_rx_ready</name>
         <value>0xae2e</value>
         <object_component_ref idref="oc-379"/>
      </symbol>
      <symbol id="sm-8b4">
         <name>led_P7_7_off</name>
         <value>0xae00</value>
         <object_component_ref idref="oc-22a"/>
      </symbol>
      <symbol id="sm-8b5">
         <name>led_P1_0_on</name>
         <value>0xae3a</value>
         <object_component_ref idref="oc-34d"/>
      </symbol>
      <symbol id="sm-8b6">
         <name>P5_get</name>
         <value>0xac0a</value>
         <object_component_ref idref="oc-32f"/>
      </symbol>
      <symbol id="sm-8b7">
         <name>error_dump</name>
         <value>0x973e</value>
         <object_component_ref idref="oc-311"/>
      </symbol>
      <symbol id="sm-8b8">
         <name>print_mon_analog_value</name>
         <value>0x9dac</value>
         <object_component_ref idref="oc-2ff"/>
      </symbol>
      <symbol id="sm-8b9">
         <name>P6_get</name>
         <value>0xac2c</value>
         <object_component_ref idref="oc-329"/>
      </symbol>
      <symbol id="sm-8ba">
         <name>P7_get</name>
         <value>0xac4e</value>
         <object_component_ref idref="oc-323"/>
      </symbol>
      <symbol id="sm-8bb">
         <name>warning_dump</name>
         <value>0x9902</value>
         <object_component_ref idref="oc-317"/>
      </symbol>
      <symbol id="sm-8bc">
         <name>P8_get</name>
         <value>0xac70</value>
         <object_component_ref idref="oc-31d"/>
      </symbol>
      <symbol id="sm-8bd">
         <name>led_P5_6_on</name>
         <value>0xadf8</value>
         <object_component_ref idref="oc-224"/>
      </symbol>
      <symbol id="sm-8be">
         <name>is_error</name>
         <value>0xae28</value>
         <object_component_ref idref="oc-401"/>
      </symbol>
      <symbol id="sm-8bf">
         <name>clear_errors</name>
         <value>0xaa40</value>
         <object_component_ref idref="oc-305"/>
      </symbol>
      <symbol id="sm-8c0">
         <name>strncmp</name>
         <value>0xab5e</value>
         <object_component_ref idref="oc-2b1"/>
      </symbol>
      <symbol id="sm-8c1">
         <name>hex2ascii_byte</name>
         <value>0xa6a6</value>
         <object_component_ref idref="oc-408"/>
      </symbol>
      <symbol id="sm-8c2">
         <name>issue_error</name>
         <value>0xaab0</value>
         <object_component_ref idref="oc-190"/>
      </symbol>
      <symbol id="sm-8c3">
         <name>led_P2_2_off</name>
         <value>0xae40</value>
         <object_component_ref idref="oc-1b6"/>
      </symbol>
      <symbol id="sm-8c4">
         <name>led_P7_7_on</name>
         <value>0xae08</value>
         <object_component_ref idref="oc-1bc"/>
      </symbol>
      <symbol id="sm-8c5">
         <name>clear_warnings</name>
         <value>0xa9c8</value>
         <object_component_ref idref="oc-30b"/>
      </symbol>
      <symbol id="sm-8c6">
         <name>P1_get</name>
         <value>0xab82</value>
         <object_component_ref idref="oc-347"/>
      </symbol>
      <symbol id="sm-8c7">
         <name>led_P2_2_on</name>
         <value>0xae46</value>
         <object_component_ref idref="oc-24e"/>
      </symbol>
      <symbol id="sm-8c8">
         <name>hex2ascii_int</name>
         <value>0x9b8c</value>
         <object_component_ref idref="oc-2c0"/>
      </symbol>
      <symbol id="sm-8c9">
         <name>led_P5_6_off</name>
         <value>0xadf0</value>
         <object_component_ref idref="oc-1c2"/>
      </symbol>
      <symbol id="sm-8ca">
         <name>issue_warning</name>
         <value>0xaa78</value>
         <object_component_ref idref="oc-15f"/>
      </symbol>
      <symbol id="sm-8cb">
         <name>led_P1_0_off</name>
         <value>0xae34</value>
         <object_component_ref idref="oc-1b0"/>
      </symbol>
      <symbol id="sm-8cc">
         <name>P2_get</name>
         <value>0xaba4</value>
         <object_component_ref idref="oc-341"/>
      </symbol>
      <symbol id="sm-8cd">
         <name>ascii2hex_byte</name>
         <value>0xa0b0</value>
         <object_component_ref idref="oc-2d5"/>
      </symbol>
      <symbol id="sm-8ce">
         <name>P3_get</name>
         <value>0xabc6</value>
         <object_component_ref idref="oc-33b"/>
      </symbol>
      <symbol id="sm-8cf">
         <name>P4_get</name>
         <value>0xabe8</value>
         <object_component_ref idref="oc-335"/>
      </symbol>
      <symbol id="sm-8d8">
         <name>_stack</name>
         <value>0x3b60</value>
         <object_component_ref idref="oc-ce"/>
      </symbol>
      <symbol id="sm-8d9">
         <name>_reset_vector</name>
         <value>0xfffe</value>
         <object_component_ref idref="oc-d1"/>
      </symbol>
      <symbol id="sm-8e4">
         <name>_c_int00_noargs_noexit</name>
         <value>0xacf0</value>
         <object_component_ref idref="oc-aa"/>
      </symbol>
      <symbol id="sm-8f5">
         <name>__TI_decompress_none</name>
         <value>0xaa04</value>
         <object_component_ref idref="oc-6a"/>
      </symbol>
      <symbol id="sm-919">
         <name>__TI_decompress_rle24</name>
         <value>0xadc6</value>
         <object_component_ref idref="oc-70"/>
      </symbol>
      <symbol id="sm-929">
         <name>__TI_zero_init</name>
         <value>0xa94c</value>
         <object_component_ref idref="oc-8c"/>
      </symbol>
      <symbol id="sm-934">
         <name>__memcpy_far</name>
         <value>0xa90c</value>
         <object_component_ref idref="oc-d2"/>
      </symbol>
      <symbol id="sm-93f">
         <name>C$$EXIT</name>
         <value>0xae50</value>
         <object_component_ref idref="oc-142"/>
      </symbol>
      <symbol id="sm-940">
         <name>abort</name>
         <value>0xae50</value>
         <object_component_ref idref="oc-142"/>
      </symbol>
      <symbol id="sm-943">
         <name>__TI_int41</name>
         <value>0xffd2</value>
         <object_component_ref idref="oc-76"/>
      </symbol>
      <symbol id="sm-946">
         <name>__TI_int42</name>
         <value>0xffd4</value>
         <object_component_ref idref="oc-77"/>
      </symbol>
      <symbol id="sm-949">
         <name>__TI_int43</name>
         <value>0xffd6</value>
         <object_component_ref idref="oc-78"/>
      </symbol>
      <symbol id="sm-94c">
         <name>__TI_int44</name>
         <value>0xffd8</value>
         <object_component_ref idref="oc-79"/>
      </symbol>
      <symbol id="sm-94f">
         <name>__TI_int47</name>
         <value>0xffde</value>
         <object_component_ref idref="oc-7c"/>
      </symbol>
      <symbol id="sm-952">
         <name>__TI_int48</name>
         <value>0xffe0</value>
         <object_component_ref idref="oc-7d"/>
      </symbol>
      <symbol id="sm-955">
         <name>__TI_int49</name>
         <value>0xffe2</value>
         <object_component_ref idref="oc-7e"/>
      </symbol>
      <symbol id="sm-958">
         <name>__TI_int50</name>
         <value>0xffe4</value>
         <object_component_ref idref="oc-7f"/>
      </symbol>
      <symbol id="sm-95b">
         <name>__TI_int51</name>
         <value>0xffe6</value>
         <object_component_ref idref="oc-80"/>
      </symbol>
      <symbol id="sm-95e">
         <name>__TI_int52</name>
         <value>0xffe8</value>
         <object_component_ref idref="oc-81"/>
      </symbol>
      <symbol id="sm-961">
         <name>__TI_int53</name>
         <value>0xffea</value>
         <object_component_ref idref="oc-82"/>
      </symbol>
      <symbol id="sm-964">
         <name>__TI_int57</name>
         <value>0xfff2</value>
         <object_component_ref idref="oc-86"/>
      </symbol>
      <symbol id="sm-967">
         <name>__TI_int58</name>
         <value>0xfff4</value>
         <object_component_ref idref="oc-87"/>
      </symbol>
      <symbol id="sm-96a">
         <name>__TI_int59</name>
         <value>0xfff6</value>
         <object_component_ref idref="oc-88"/>
      </symbol>
      <symbol id="sm-96d">
         <name>__TI_int60</name>
         <value>0xfff8</value>
         <object_component_ref idref="oc-89"/>
      </symbol>
      <symbol id="sm-970">
         <name>__TI_int62</name>
         <value>0xfffc</value>
         <object_component_ref idref="oc-8b"/>
      </symbol>
      <symbol id="sm-978">
         <name>__TI_ISR_TRAP</name>
         <value>0xae10</value>
         <object_component_ref idref="oc-eb"/>
      </symbol>
      <symbol id="sm-990">
         <name>__mspabi_mpyi_f5hw</name>
         <value>0xad24</value>
         <object_component_ref idref="oc-2c9"/>
      </symbol>
      <symbol id="sm-9c0">
         <name>_system_pre_init</name>
         <value>0xae4c</value>
         <object_component_ref idref="oc-11a"/>
      </symbol>
      <symbol id="sm-9de">
         <name>_auto_init_hold_wdt</name>
         <value>0xa132</value>
         <object_component_ref idref="oc-120"/>
      </symbol>
      <symbol id="sm-9e0">
         <name>__TI_INITARRAY_Base</name>
         <value>0x0</value>
      </symbol>
      <symbol id="sm-9e1">
         <name>__TI_INITARRAY_Limit</name>
         <value>0x0</value>
      </symbol>
   </symbol_table>
   <title>Link successful</title>
</link_info>
