<?xml version="1.0"?>
<link_info>
   <banner>MSP430 Linker PC v4.4.3</banner>
   <copyright>Copyright (c) 2003-2015 Texas Instruments Incorporated</copyright>
   <link_time>0x570dcbfb</link_time>
   <link_errors>0x0</link_errors>
   <output_file>MainController_v1a.out</output_file>
   <entry_point>
      <name>_c_int00_noargs_noexit</name>
      <address>0xa91a</address>
   </entry_point>
   <input_file_list>
      <input_file id="fl-2">
         <path>.\</path>
         <kind>object</kind>
         <file>clock_f5.obj</file>
         <name>clock_f5.obj</name>
      </input_file>
      <input_file id="fl-3">
         <path>.\</path>
         <kind>object</kind>
         <file>dbg_uart_uscia0.obj</file>
         <name>dbg_uart_uscia0.obj</name>
      </input_file>
      <input_file id="fl-4">
         <path>.\</path>
         <kind>object</kind>
         <file>i2c_uscib1.obj</file>
         <name>i2c_uscib1.obj</name>
      </input_file>
      <input_file id="fl-5">
         <path>.\</path>
         <kind>object</kind>
         <file>ldc_spi_uscib0.obj</file>
         <name>ldc_spi_uscib0.obj</name>
      </input_file>
      <input_file id="fl-6">
         <path>.\</path>
         <kind>object</kind>
         <file>main.obj</file>
         <name>main.obj</name>
      </input_file>
      <input_file id="fl-7">
         <path>.\</path>
         <kind>object</kind>
         <file>motor.obj</file>
         <name>motor.obj</name>
      </input_file>
      <input_file id="fl-8">
         <path>.\</path>
         <kind>object</kind>
         <file>motor_spi_uscia1.obj</file>
         <name>motor_spi_uscia1.obj</name>
      </input_file>
      <input_file id="fl-9">
         <path>.\</path>
         <kind>object</kind>
         <file>utils.obj</file>
         <name>utils.obj</name>
      </input_file>
      <input_file id="fl-3e">
         <path>C:\ti\ccsv6\tools\compiler\ti-cgt-msp430_4.4.3\lib\</path>
         <kind>archive</kind>
         <file>rts430x_lc_sd_eabi.lib</file>
         <name>boot.obj</name>
      </input_file>
      <input_file id="fl-3f">
         <path>C:\ti\ccsv6\tools\compiler\ti-cgt-msp430_4.4.3\lib\</path>
         <kind>archive</kind>
         <file>rts430x_lc_sd_eabi.lib</file>
         <name>boot_special.obj</name>
      </input_file>
      <input_file id="fl-40">
         <path>C:\ti\ccsv6\tools\compiler\ti-cgt-msp430_4.4.3\lib\</path>
         <kind>archive</kind>
         <file>rts430x_lc_sd_eabi.lib</file>
         <name>copy_decompress_none.obj</name>
      </input_file>
      <input_file id="fl-41">
         <path>C:\ti\ccsv6\tools\compiler\ti-cgt-msp430_4.4.3\lib\</path>
         <kind>archive</kind>
         <file>rts430x_lc_sd_eabi.lib</file>
         <name>copy_decompress_rle.obj</name>
      </input_file>
      <input_file id="fl-42">
         <path>C:\ti\ccsv6\tools\compiler\ti-cgt-msp430_4.4.3\lib\</path>
         <kind>archive</kind>
         <file>rts430x_lc_sd_eabi.lib</file>
         <name>copy_zero_init.obj</name>
      </input_file>
      <input_file id="fl-43">
         <path>C:\ti\ccsv6\tools\compiler\ti-cgt-msp430_4.4.3\lib\</path>
         <kind>archive</kind>
         <file>rts430x_lc_sd_eabi.lib</file>
         <name>cpy_util.obj</name>
      </input_file>
      <input_file id="fl-44">
         <path>C:\ti\ccsv6\tools\compiler\ti-cgt-msp430_4.4.3\lib\</path>
         <kind>archive</kind>
         <file>rts430x_lc_sd_eabi.lib</file>
         <name>exit.obj</name>
      </input_file>
      <input_file id="fl-45">
         <path>C:\ti\ccsv6\tools\compiler\ti-cgt-msp430_4.4.3\lib\</path>
         <kind>archive</kind>
         <file>rts430x_lc_sd_eabi.lib</file>
         <name>int41.obj</name>
      </input_file>
      <input_file id="fl-46">
         <path>C:\ti\ccsv6\tools\compiler\ti-cgt-msp430_4.4.3\lib\</path>
         <kind>archive</kind>
         <file>rts430x_lc_sd_eabi.lib</file>
         <name>int42.obj</name>
      </input_file>
      <input_file id="fl-47">
         <path>C:\ti\ccsv6\tools\compiler\ti-cgt-msp430_4.4.3\lib\</path>
         <kind>archive</kind>
         <file>rts430x_lc_sd_eabi.lib</file>
         <name>int43.obj</name>
      </input_file>
      <input_file id="fl-48">
         <path>C:\ti\ccsv6\tools\compiler\ti-cgt-msp430_4.4.3\lib\</path>
         <kind>archive</kind>
         <file>rts430x_lc_sd_eabi.lib</file>
         <name>int44.obj</name>
      </input_file>
      <input_file id="fl-49">
         <path>C:\ti\ccsv6\tools\compiler\ti-cgt-msp430_4.4.3\lib\</path>
         <kind>archive</kind>
         <file>rts430x_lc_sd_eabi.lib</file>
         <name>int47.obj</name>
      </input_file>
      <input_file id="fl-4a">
         <path>C:\ti\ccsv6\tools\compiler\ti-cgt-msp430_4.4.3\lib\</path>
         <kind>archive</kind>
         <file>rts430x_lc_sd_eabi.lib</file>
         <name>int48.obj</name>
      </input_file>
      <input_file id="fl-4b">
         <path>C:\ti\ccsv6\tools\compiler\ti-cgt-msp430_4.4.3\lib\</path>
         <kind>archive</kind>
         <file>rts430x_lc_sd_eabi.lib</file>
         <name>int49.obj</name>
      </input_file>
      <input_file id="fl-4c">
         <path>C:\ti\ccsv6\tools\compiler\ti-cgt-msp430_4.4.3\lib\</path>
         <kind>archive</kind>
         <file>rts430x_lc_sd_eabi.lib</file>
         <name>int50.obj</name>
      </input_file>
      <input_file id="fl-4d">
         <path>C:\ti\ccsv6\tools\compiler\ti-cgt-msp430_4.4.3\lib\</path>
         <kind>archive</kind>
         <file>rts430x_lc_sd_eabi.lib</file>
         <name>int51.obj</name>
      </input_file>
      <input_file id="fl-4e">
         <path>C:\ti\ccsv6\tools\compiler\ti-cgt-msp430_4.4.3\lib\</path>
         <kind>archive</kind>
         <file>rts430x_lc_sd_eabi.lib</file>
         <name>int52.obj</name>
      </input_file>
      <input_file id="fl-4f">
         <path>C:\ti\ccsv6\tools\compiler\ti-cgt-msp430_4.4.3\lib\</path>
         <kind>archive</kind>
         <file>rts430x_lc_sd_eabi.lib</file>
         <name>int53.obj</name>
      </input_file>
      <input_file id="fl-50">
         <path>C:\ti\ccsv6\tools\compiler\ti-cgt-msp430_4.4.3\lib\</path>
         <kind>archive</kind>
         <file>rts430x_lc_sd_eabi.lib</file>
         <name>int57.obj</name>
      </input_file>
      <input_file id="fl-51">
         <path>C:\ti\ccsv6\tools\compiler\ti-cgt-msp430_4.4.3\lib\</path>
         <kind>archive</kind>
         <file>rts430x_lc_sd_eabi.lib</file>
         <name>int58.obj</name>
      </input_file>
      <input_file id="fl-52">
         <path>C:\ti\ccsv6\tools\compiler\ti-cgt-msp430_4.4.3\lib\</path>
         <kind>archive</kind>
         <file>rts430x_lc_sd_eabi.lib</file>
         <name>int59.obj</name>
      </input_file>
      <input_file id="fl-53">
         <path>C:\ti\ccsv6\tools\compiler\ti-cgt-msp430_4.4.3\lib\</path>
         <kind>archive</kind>
         <file>rts430x_lc_sd_eabi.lib</file>
         <name>int60.obj</name>
      </input_file>
      <input_file id="fl-54">
         <path>C:\ti\ccsv6\tools\compiler\ti-cgt-msp430_4.4.3\lib\</path>
         <kind>archive</kind>
         <file>rts430x_lc_sd_eabi.lib</file>
         <name>int62.obj</name>
      </input_file>
      <input_file id="fl-55">
         <path>C:\ti\ccsv6\tools\compiler\ti-cgt-msp430_4.4.3\lib\</path>
         <kind>archive</kind>
         <file>rts430x_lc_sd_eabi.lib</file>
         <name>isr_trap.obj</name>
      </input_file>
      <input_file id="fl-56">
         <path>C:\ti\ccsv6\tools\compiler\ti-cgt-msp430_4.4.3\lib\</path>
         <kind>archive</kind>
         <file>rts430x_lc_sd_eabi.lib</file>
         <name>memset.obj</name>
      </input_file>
      <input_file id="fl-57">
         <path>C:\ti\ccsv6\tools\compiler\ti-cgt-msp430_4.4.3\lib\</path>
         <kind>archive</kind>
         <file>rts430x_lc_sd_eabi.lib</file>
         <name>mpu_init.obj</name>
      </input_file>
      <input_file id="fl-58">
         <path>C:\ti\ccsv6\tools\compiler\ti-cgt-msp430_4.4.3\lib\</path>
         <kind>archive</kind>
         <file>rts430x_lc_sd_eabi.lib</file>
         <name>mult16.obj</name>
      </input_file>
      <input_file id="fl-59">
         <path>C:\ti\ccsv6\tools\compiler\ti-cgt-msp430_4.4.3\lib\</path>
         <kind>archive</kind>
         <file>rts430x_lc_sd_eabi.lib</file>
         <name>mult1632_f5hw.obj</name>
      </input_file>
      <input_file id="fl-5a">
         <path>C:\ti\ccsv6\tools\compiler\ti-cgt-msp430_4.4.3\lib\</path>
         <kind>archive</kind>
         <file>rts430x_lc_sd_eabi.lib</file>
         <name>mult16_f5hw.obj</name>
      </input_file>
      <input_file id="fl-5b">
         <path>C:\ti\ccsv6\tools\compiler\ti-cgt-msp430_4.4.3\lib\</path>
         <kind>archive</kind>
         <file>rts430x_lc_sd_eabi.lib</file>
         <name>mult3264_f5hw.obj</name>
      </input_file>
      <input_file id="fl-5c">
         <path>C:\ti\ccsv6\tools\compiler\ti-cgt-msp430_4.4.3\lib\</path>
         <kind>archive</kind>
         <file>rts430x_lc_sd_eabi.lib</file>
         <name>mult32_f5hw.obj</name>
      </input_file>
      <input_file id="fl-5d">
         <path>C:\ti\ccsv6\tools\compiler\ti-cgt-msp430_4.4.3\lib\</path>
         <kind>archive</kind>
         <file>rts430x_lc_sd_eabi.lib</file>
         <name>mult64_f5hw.obj</name>
      </input_file>
      <input_file id="fl-5e">
         <path>C:\ti\ccsv6\tools\compiler\ti-cgt-msp430_4.4.3\lib\</path>
         <kind>archive</kind>
         <file>rts430x_lc_sd_eabi.lib</file>
         <name>pre_init.obj</name>
      </input_file>
      <input_file id="fl-5f">
         <path>C:\ti\ccsv6\tools\compiler\ti-cgt-msp430_4.4.3\lib\</path>
         <kind>archive</kind>
         <file>rts430x_lc_sd_eabi.lib</file>
         <name>_lock.obj</name>
      </input_file>
      <input_file id="fl-60">
         <path>C:\ti\ccsv6\tools\compiler\ti-cgt-msp430_4.4.3\lib\</path>
         <kind>archive</kind>
         <file>rts430x_lc_sd_eabi.lib</file>
         <name>args_main.obj</name>
      </input_file>
      <input_file id="fl-61">
         <path>C:\ti\ccsv6\tools\compiler\ti-cgt-msp430_4.4.3\lib\</path>
         <kind>archive</kind>
         <file>rts430x_lc_sd_eabi.lib</file>
         <name>autoinit_wdt.obj</name>
      </input_file>
   </input_file_list>
   <object_component_list>
      <object_component id="oc-2b4">
         <name>.common:debug_cmd_buf</name>
         <uninitialized>true</uninitialized>
         <run_address>0x2b76</run_address>
         <size>0x20</size>
      </object_component>
      <object_component id="oc-2d3">
         <name>.common:mass_data_buf</name>
         <uninitialized>true</uninitialized>
         <run_address>0x2856</run_address>
         <size>0x320</size>
      </object_component>
      <object_component id="oc-ce">
         <name>.stack</name>
         <uninitialized>true</uninitialized>
         <run_address>0x3b60</run_address>
         <size>0x2</size>
         <input_file_ref idref="fl-3e"/>
      </object_component>
      <object_component id="oc-480">
         <name>.stack</name>
         <uninitialized>true</uninitialized>
         <run_address>0x3b60</run_address>
         <size>0x0</size>
      </object_component>
      <object_component id="oc-201">
         <name>.text:debug_task</name>
         <load_address>0x8000</load_address>
         <run_address>0x8000</run_address>
         <size>0xe8a</size>
         <input_file_ref idref="fl-6"/>
      </object_component>
      <object_component id="oc-21c">
         <name>.text:chimney_task</name>
         <load_address>0x8e8a</load_address>
         <run_address>0x8e8a</run_address>
         <size>0x22c</size>
         <input_file_ref idref="fl-6"/>
      </object_component>
      <object_component id="oc-20a">
         <name>.text:mass_task</name>
         <load_address>0x90b6</load_address>
         <run_address>0x90b6</run_address>
         <size>0x15a</size>
         <input_file_ref idref="fl-6"/>
      </object_component>
      <object_component id="oc-204">
         <name>.text:adc_task</name>
         <load_address>0x9210</load_address>
         <run_address>0x9210</run_address>
         <size>0x136</size>
         <input_file_ref idref="fl-6"/>
      </object_component>
      <object_component id="oc-20d">
         <name>.text:opt_task</name>
         <load_address>0x9346</load_address>
         <run_address>0x9346</run_address>
         <size>0x11a</size>
         <input_file_ref idref="fl-6"/>
      </object_component>
      <object_component id="oc-216">
         <name>.text:motor_spi_task</name>
         <load_address>0x9460</load_address>
         <run_address>0x9460</run_address>
         <size>0xf2</size>
         <input_file_ref idref="fl-6"/>
      </object_component>
      <object_component id="oc-316">
         <name>.text:error_dump</name>
         <load_address>0x9552</load_address>
         <run_address>0x9552</run_address>
         <size>0xe2</size>
         <input_file_ref idref="fl-9"/>
      </object_component>
      <object_component id="oc-1cb">
         <name>.text:reset_isr</name>
         <load_address>0x9634</load_address>
         <run_address>0x9634</run_address>
         <size>0xe2</size>
         <input_file_ref idref="fl-6"/>
      </object_component>
      <object_component id="oc-31c">
         <name>.text:warning_dump</name>
         <load_address>0x9716</load_address>
         <run_address>0x9716</run_address>
         <size>0xe2</size>
         <input_file_ref idref="fl-9"/>
      </object_component>
      <object_component id="oc-de">
         <name>.text:__TI_decompress_rle_core</name>
         <load_address>0x97f8</load_address>
         <run_address>0x97f8</run_address>
         <size>0xd6</size>
         <input_file_ref idref="fl-41"/>
      </object_component>
      <object_component id="oc-fc">
         <name>.text:_isr:ADC12_ISR</name>
         <load_address>0x98ce</load_address>
         <run_address>0x98ce</run_address>
         <size>0xd2</size>
         <input_file_ref idref="fl-6"/>
      </object_component>
      <object_component id="oc-2c5">
         <name>.text:hex2ascii_int</name>
         <load_address>0x99a0</load_address>
         <run_address>0x99a0</run_address>
         <size>0xb8</size>
         <input_file_ref idref="fl-9"/>
      </object_component>
      <object_component id="oc-372">
         <name>.text:check_bin_resp</name>
         <load_address>0x9a58</load_address>
         <run_address>0x9a58</run_address>
         <size>0xb4</size>
         <input_file_ref idref="fl-6"/>
      </object_component>
      <object_component id="oc-384">
         <name>.text:check_chimney_resp</name>
         <load_address>0x9b0c</load_address>
         <run_address>0x9b0c</run_address>
         <size>0xb4</size>
         <input_file_ref idref="fl-6"/>
      </object_component>
      <object_component id="oc-304">
         <name>.text:print_mon_analog_value</name>
         <load_address>0x9bc0</load_address>
         <run_address>0x9bc0</run_address>
         <size>0xa8</size>
         <input_file_ref idref="fl-9"/>
      </object_component>
      <object_component id="oc-37e">
         <name>.text:check_compact_resp</name>
         <load_address>0x9c68</load_address>
         <run_address>0x9c68</run_address>
         <size>0xa6</size>
         <input_file_ref idref="fl-6"/>
      </object_component>
      <object_component id="oc-f6">
         <name>.text:_isr:USCIA1_ISR</name>
         <load_address>0x9d0e</load_address>
         <run_address>0x9d0e</run_address>
         <size>0x96</size>
         <input_file_ref idref="fl-6"/>
      </object_component>
      <object_component id="oc-102">
         <name>.text:_isr:USCIB0_ISR</name>
         <load_address>0x9da4</load_address>
         <run_address>0x9da4</run_address>
         <size>0x92</size>
         <input_file_ref idref="fl-6"/>
      </object_component>
      <object_component id="oc-2da">
         <name>.text:ascii2hex_byte</name>
         <load_address>0x9e36</load_address>
         <run_address>0x9e36</run_address>
         <size>0x82</size>
         <input_file_ref idref="fl-9"/>
      </object_component>
      <object_component id="oc-120">
         <name>.text:_auto_init_hold_wdt</name>
         <load_address>0x9eb8</load_address>
         <run_address>0x9eb8</run_address>
         <size>0x80</size>
         <input_file_ref idref="fl-61"/>
      </object_component>
      <object_component id="oc-108">
         <name>.text:_isr:USCIA0_ISR</name>
         <load_address>0x9f38</load_address>
         <run_address>0x9f38</run_address>
         <size>0x78</size>
         <input_file_ref idref="fl-6"/>
      </object_component>
      <object_component id="oc-210">
         <name>.text:i2c_task</name>
         <load_address>0x9fb0</load_address>
         <run_address>0x9fb0</run_address>
         <size>0x78</size>
         <input_file_ref idref="fl-6"/>
      </object_component>
      <object_component id="oc-13a">
         <name>.text:main</name>
         <load_address>0xa028</load_address>
         <run_address>0xa028</run_address>
         <size>0x78</size>
         <input_file_ref idref="fl-6"/>
      </object_component>
      <object_component id="oc-39d">
         <name>.text:check_chim_next_pos</name>
         <load_address>0xa0a0</load_address>
         <run_address>0xa0a0</run_address>
         <size>0x76</size>
         <input_file_ref idref="fl-6"/>
      </object_component>
      <object_component id="oc-f0">
         <name>.text:_isr:USCI_B1_ISR</name>
         <load_address>0xa116</load_address>
         <run_address>0xa116</run_address>
         <size>0x70</size>
         <input_file_ref idref="fl-6"/>
      </object_component>
      <object_component id="oc-397">
         <name>.text:check_chim_paddle_pos</name>
         <load_address>0xa186</load_address>
         <run_address>0xa186</run_address>
         <size>0x62</size>
         <input_file_ref idref="fl-6"/>
      </object_component>
      <object_component id="oc-10e">
         <name>.text:_isr:unmi_isr</name>
         <load_address>0xa1e8</load_address>
         <run_address>0xa1e8</run_address>
         <size>0x5c</size>
         <input_file_ref idref="fl-6"/>
      </object_component>
      <object_component id="oc-378">
         <name>.text:init_motor_SPI_transac</name>
         <load_address>0xa244</load_address>
         <run_address>0xa244</run_address>
         <size>0x58</size>
         <input_file_ref idref="fl-8"/>
      </object_component>
      <object_component id="oc-3f1">
         <name>.text:hex2ascii_byte</name>
         <load_address>0xa29c</load_address>
         <run_address>0xa29c</run_address>
         <size>0x56</size>
         <input_file_ref idref="fl-9"/>
      </object_component>
      <object_component id="oc-1ef">
         <name>.text:MOTOR_SPI_setup</name>
         <load_address>0xa2f2</load_address>
         <run_address>0xa2f2</run_address>
         <size>0x54</size>
         <input_file_ref idref="fl-8"/>
      </object_component>
      <object_component id="oc-38b">
         <name>.text:check_chim_full_rot</name>
         <load_address>0xa346</load_address>
         <run_address>0xa346</run_address>
         <size>0x54</size>
         <input_file_ref idref="fl-6"/>
      </object_component>
      <object_component id="oc-1e9">
         <name>.text:motor_pwm_setup</name>
         <load_address>0xa39a</load_address>
         <run_address>0xa39a</run_address>
         <size>0x50</size>
         <input_file_ref idref="fl-7"/>
      </object_component>
      <object_component id="oc-282">
         <name>.text:SetVCoreUp</name>
         <load_address>0xa3ea</load_address>
         <run_address>0xa3ea</run_address>
         <size>0x4e</size>
         <input_file_ref idref="fl-2"/>
      </object_component>
      <object_component id="oc-1f5">
         <name>.text:motor_enable_setup</name>
         <load_address>0xa438</load_address>
         <run_address>0xa438</run_address>
         <size>0x4c</size>
         <input_file_ref idref="fl-6"/>
      </object_component>
      <object_component id="oc-1d1">
         <name>.text:setup_clock</name>
         <load_address>0xa484</load_address>
         <run_address>0xa484</run_address>
         <size>0x4c</size>
         <input_file_ref idref="fl-2"/>
      </object_component>
      <object_component id="oc-2bc">
         <name>.text:dbg_uart_send_string</name>
         <load_address>0xa4d0</load_address>
         <run_address>0xa4d0</run_address>
         <size>0x44</size>
         <input_file_ref idref="fl-3"/>
      </object_component>
      <object_component id="oc-1e3">
         <name>.text:i2c_uscib1_setup</name>
         <load_address>0xa514</load_address>
         <run_address>0xa514</run_address>
         <size>0x42</size>
         <input_file_ref idref="fl-4"/>
      </object_component>
      <object_component id="oc-d2">
         <name>.text:__memcpy_far</name>
         <load_address>0xa556</load_address>
         <run_address>0xa556</run_address>
         <size>0x40</size>
         <input_file_ref idref="fl-43"/>
      </object_component>
      <object_component id="oc-8c">
         <name>.text:decompress:ZI:__TI_zero_init</name>
         <load_address>0xa596</load_address>
         <run_address>0xa596</run_address>
         <size>0x3e</size>
         <input_file_ref idref="fl-42"/>
      </object_component>
      <object_component id="oc-294">
         <name>.text:init_I2C_transac</name>
         <load_address>0xa5d4</load_address>
         <run_address>0xa5d4</run_address>
         <size>0x3e</size>
         <input_file_ref idref="fl-4"/>
      </object_component>
      <object_component id="oc-310">
         <name>.text:clear_warnings</name>
         <load_address>0xa612</load_address>
         <run_address>0xa612</run_address>
         <size>0x3c</size>
         <input_file_ref idref="fl-9"/>
      </object_component>
      <object_component id="oc-6a">
         <name>.text:decompress:none:__TI_decompress_none</name>
         <load_address>0xa64e</load_address>
         <run_address>0xa64e</run_address>
         <size>0x3c</size>
         <input_file_ref idref="fl-40"/>
      </object_component>
      <object_component id="oc-30a">
         <name>.text:clear_errors</name>
         <load_address>0xa68a</load_address>
         <run_address>0xa68a</run_address>
         <size>0x38</size>
         <input_file_ref idref="fl-9"/>
      </object_component>
      <object_component id="oc-15f">
         <name>.text:issue_warning</name>
         <load_address>0xa6c2</load_address>
         <run_address>0xa6c2</run_address>
         <size>0x38</size>
         <input_file_ref idref="fl-9"/>
      </object_component>
      <object_component id="oc-193">
         <name>.text:issue_error</name>
         <load_address>0xa6fa</load_address>
         <run_address>0xa6fa</run_address>
         <size>0x2e</size>
         <input_file_ref idref="fl-9"/>
      </object_component>
      <object_component id="oc-1dd">
         <name>.text:adc_setup</name>
         <load_address>0xa728</load_address>
         <run_address>0xa728</run_address>
         <size>0x2c</size>
         <input_file_ref idref="fl-6"/>
      </object_component>
      <object_component id="oc-2ae">
         <name>.text:dbg_uart_send_byte</name>
         <load_address>0xa754</load_address>
         <run_address>0xa754</run_address>
         <size>0x2c</size>
         <input_file_ref idref="fl-3"/>
      </object_component>
      <object_component id="oc-1d7">
         <name>.text:setup_dbg_uart</name>
         <load_address>0xa780</load_address>
         <run_address>0xa780</run_address>
         <size>0x28</size>
         <input_file_ref idref="fl-3"/>
      </object_component>
      <object_component id="oc-2b6">
         <name>.text:strncmp</name>
         <load_address>0xa7a8</load_address>
         <run_address>0xa7a8</run_address>
         <size>0x24</size>
         <input_file_ref idref="fl-9"/>
      </object_component>
      <object_component id="oc-34c">
         <name>.text:P1_get</name>
         <load_address>0xa7cc</load_address>
         <run_address>0xa7cc</run_address>
         <size>0x22</size>
         <input_file_ref idref="fl-9"/>
      </object_component>
      <object_component id="oc-346">
         <name>.text:P2_get</name>
         <load_address>0xa7ee</load_address>
         <run_address>0xa7ee</run_address>
         <size>0x22</size>
         <input_file_ref idref="fl-9"/>
      </object_component>
      <object_component id="oc-340">
         <name>.text:P3_get</name>
         <load_address>0xa810</load_address>
         <run_address>0xa810</run_address>
         <size>0x22</size>
         <input_file_ref idref="fl-9"/>
      </object_component>
      <object_component id="oc-33a">
         <name>.text:P4_get</name>
         <load_address>0xa832</load_address>
         <run_address>0xa832</run_address>
         <size>0x22</size>
         <input_file_ref idref="fl-9"/>
      </object_component>
      <object_component id="oc-334">
         <name>.text:P5_get</name>
         <load_address>0xa854</load_address>
         <run_address>0xa854</run_address>
         <size>0x22</size>
         <input_file_ref idref="fl-9"/>
      </object_component>
      <object_component id="oc-32e">
         <name>.text:P6_get</name>
         <load_address>0xa876</load_address>
         <run_address>0xa876</run_address>
         <size>0x22</size>
         <input_file_ref idref="fl-9"/>
      </object_component>
      <object_component id="oc-328">
         <name>.text:P7_get</name>
         <load_address>0xa898</load_address>
         <run_address>0xa898</run_address>
         <size>0x22</size>
         <input_file_ref idref="fl-9"/>
      </object_component>
      <object_component id="oc-322">
         <name>.text:P8_get</name>
         <load_address>0xa8ba</load_address>
         <run_address>0xa8ba</run_address>
         <size>0x22</size>
         <input_file_ref idref="fl-9"/>
      </object_component>
      <object_component id="oc-36c">
         <name>.text:get_motor_SPI_rx_data</name>
         <load_address>0xa8dc</load_address>
         <run_address>0xa8dc</run_address>
         <size>0x20</size>
         <input_file_ref idref="fl-8"/>
      </object_component>
      <object_component id="oc-1fb">
         <name>.text:sys_task</name>
         <load_address>0xa8fc</load_address>
         <run_address>0xa8fc</run_address>
         <size>0x1e</size>
         <input_file_ref idref="fl-6"/>
      </object_component>
      <object_component id="oc-aa">
         <name>.text:_isr:_c_int00_noargs_noexit</name>
         <load_address>0xa91a</load_address>
         <run_address>0xa91a</run_address>
         <size>0x1a</size>
         <input_file_ref idref="fl-3f"/>
      </object_component>
      <object_component id="oc-2a8">
         <name>.text:dbg_uart_get_byte</name>
         <load_address>0xa934</load_address>
         <run_address>0xa934</run_address>
         <size>0x1a</size>
         <input_file_ref idref="fl-3"/>
      </object_component>
      <object_component id="oc-2ce">
         <name>.text</name>
         <load_address>0xa94e</load_address>
         <run_address>0xa94e</run_address>
         <size>0x16</size>
         <input_file_ref idref="fl-5a"/>
      </object_component>
      <object_component id="oc-2f2">
         <name>.text:set_bin_direction</name>
         <load_address>0xa964</load_address>
         <run_address>0xa964</run_address>
         <size>0x14</size>
         <input_file_ref idref="fl-7"/>
      </object_component>
      <object_component id="oc-2f8">
         <name>.text:set_compact_direction</name>
         <load_address>0xa978</load_address>
         <run_address>0xa978</run_address>
         <size>0x14</size>
         <input_file_ref idref="fl-7"/>
      </object_component>
      <object_component id="oc-28e">
         <name>.text:end_I2C_transac</name>
         <load_address>0xa98c</load_address>
         <run_address>0xa98c</run_address>
         <size>0x12</size>
         <input_file_ref idref="fl-4"/>
      </object_component>
      <object_component id="oc-2d4">
         <name>.text:get_curr_chimney_pos</name>
         <load_address>0xa99e</load_address>
         <run_address>0xa99e</run_address>
         <size>0x12</size>
         <input_file_ref idref="fl-6"/>
      </object_component>
      <object_component id="oc-2e0">
         <name>.text:set_bin_speed</name>
         <load_address>0xa9b0</load_address>
         <run_address>0xa9b0</run_address>
         <size>0x10</size>
         <input_file_ref idref="fl-7"/>
      </object_component>
      <object_component id="oc-2fe">
         <name>.text:set_chimney_direction</name>
         <load_address>0xa9c0</load_address>
         <run_address>0xa9c0</run_address>
         <size>0x10</size>
         <input_file_ref idref="fl-7"/>
      </object_component>
      <object_component id="oc-2ec">
         <name>.text:set_chimney_speed</name>
         <load_address>0xa9d0</load_address>
         <run_address>0xa9d0</run_address>
         <size>0x10</size>
         <input_file_ref idref="fl-7"/>
      </object_component>
      <object_component id="oc-2e6">
         <name>.text:set_compact_speed</name>
         <load_address>0xa9e0</load_address>
         <run_address>0xa9e0</run_address>
         <size>0x10</size>
         <input_file_ref idref="fl-7"/>
      </object_component>
      <object_component id="oc-70">
         <name>.text:decompress:rle24:__TI_decompress_rle24</name>
         <load_address>0xa9f0</load_address>
         <run_address>0xa9f0</run_address>
         <size>0xe</size>
         <input_file_ref idref="fl-41"/>
      </object_component>
      <object_component id="oc-2a2">
         <name>.text:is_dbg_uart_rx_data_ready</name>
         <load_address>0xa9fe</load_address>
         <run_address>0xa9fe</run_address>
         <size>0xe</size>
         <input_file_ref idref="fl-3"/>
      </object_component>
      <object_component id="oc-391">
         <name>.text:is_entry_door_open</name>
         <load_address>0xaa0c</load_address>
         <run_address>0xaa0c</run_address>
         <size>0xe</size>
         <input_file_ref idref="fl-6"/>
      </object_component>
      <object_component id="oc-1c5">
         <name>.text:led_P5_6_off</name>
         <load_address>0xaa1a</load_address>
         <run_address>0xaa1a</run_address>
         <size>0x8</size>
         <input_file_ref idref="fl-9"/>
      </object_component>
      <object_component id="oc-227">
         <name>.text:led_P5_6_on</name>
         <load_address>0xaa22</load_address>
         <run_address>0xaa22</run_address>
         <size>0x8</size>
         <input_file_ref idref="fl-9"/>
      </object_component>
      <object_component id="oc-22d">
         <name>.text:led_P7_7_off</name>
         <load_address>0xaa2a</load_address>
         <run_address>0xaa2a</run_address>
         <size>0x8</size>
         <input_file_ref idref="fl-9"/>
      </object_component>
      <object_component id="oc-1bf">
         <name>.text:led_P7_7_on</name>
         <load_address>0xaa32</load_address>
         <run_address>0xaa32</run_address>
         <size>0x8</size>
         <input_file_ref idref="fl-9"/>
      </object_component>
      <object_component id="oc-eb">
         <name>.text:_isr:__TI_ISR_TRAP</name>
         <load_address>0xaa3a</load_address>
         <run_address>0xaa3a</run_address>
         <size>0x6</size>
         <input_file_ref idref="fl-55"/>
      </object_component>
      <object_component id="oc-18c">
         <name>.text:disable_dbg_uart_txint</name>
         <load_address>0xaa40</load_address>
         <run_address>0xaa40</run_address>
         <size>0x6</size>
         <input_file_ref idref="fl-3"/>
      </object_component>
      <object_component id="oc-3d0">
         <name>.text:enable_dbg_uart_txint</name>
         <load_address>0xaa46</load_address>
         <run_address>0xaa46</run_address>
         <size>0x6</size>
         <input_file_ref idref="fl-3"/>
      </object_component>
      <object_component id="oc-29a">
         <name>.text:is_I2C_rx_ready</name>
         <load_address>0xaa4c</load_address>
         <run_address>0xaa4c</run_address>
         <size>0x6</size>
         <input_file_ref idref="fl-4"/>
      </object_component>
      <object_component id="oc-3ea">
         <name>.text:is_error</name>
         <load_address>0xaa52</load_address>
         <run_address>0xaa52</run_address>
         <size>0x6</size>
         <input_file_ref idref="fl-9"/>
      </object_component>
      <object_component id="oc-366">
         <name>.text:is_motor_spi_rx_ready</name>
         <load_address>0xaa58</load_address>
         <run_address>0xaa58</run_address>
         <size>0x6</size>
         <input_file_ref idref="fl-8"/>
      </object_component>
      <object_component id="oc-1b3">
         <name>.text:led_P1_0_off</name>
         <load_address>0xaa5e</load_address>
         <run_address>0xaa5e</run_address>
         <size>0x6</size>
         <input_file_ref idref="fl-9"/>
      </object_component>
      <object_component id="oc-352">
         <name>.text:led_P1_0_on</name>
         <load_address>0xaa64</load_address>
         <run_address>0xaa64</run_address>
         <size>0x6</size>
         <input_file_ref idref="fl-9"/>
      </object_component>
      <object_component id="oc-1b9">
         <name>.text:led_P2_2_off</name>
         <load_address>0xaa6a</load_address>
         <run_address>0xaa6a</run_address>
         <size>0x6</size>
         <input_file_ref idref="fl-9"/>
      </object_component>
      <object_component id="oc-253">
         <name>.text:led_P2_2_on</name>
         <load_address>0xaa70</load_address>
         <run_address>0xaa70</run_address>
         <size>0x6</size>
         <input_file_ref idref="fl-9"/>
      </object_component>
      <object_component id="oc-11a">
         <name>.text:_system_pre_init</name>
         <load_address>0xaa76</load_address>
         <run_address>0xaa76</run_address>
         <size>0x4</size>
         <input_file_ref idref="fl-5e"/>
      </object_component>
      <object_component id="oc-142">
         <name>.text:abort</name>
         <load_address>0xaa7a</load_address>
         <run_address>0xaa7a</run_address>
         <size>0x4</size>
         <input_file_ref idref="fl-44"/>
      </object_component>
      <object_component id="oc-47f">
         <name>.cinit..data.load</name>
         <load_address>0xac70</load_address>
         <run_address>0xac70</run_address>
         <size>0x11</size>
      </object_component>
      <object_component id="oc-47c">
         <name>__TI_handler_table</name>
         <load_address>0xac82</load_address>
         <run_address>0xac82</run_address>
         <size>0xc</size>
      </object_component>
      <object_component id="oc-47e">
         <name>.cinit..bss.load</name>
         <load_address>0xac8e</load_address>
         <run_address>0xac8e</run_address>
         <size>0x6</size>
      </object_component>
      <object_component id="oc-47d">
         <name>__TI_cinit_table</name>
         <load_address>0xac94</load_address>
         <run_address>0xac94</run_address>
         <size>0x10</size>
      </object_component>
      <object_component id="oc-2b5">
         <name>.const:.string</name>
         <load_address>0xaa7e</load_address>
         <run_address>0xaa7e</run_address>
         <size>0x1f2</size>
         <input_file_ref idref="fl-6"/>
      </object_component>
      <object_component id="oc-76">
         <name>.int41</name>
         <load_address>0xffd2</load_address>
         <run_address>0xffd2</run_address>
         <size>0x2</size>
         <input_file_ref idref="fl-45"/>
      </object_component>
      <object_component id="oc-77">
         <name>.int42</name>
         <load_address>0xffd4</load_address>
         <run_address>0xffd4</run_address>
         <size>0x2</size>
         <input_file_ref idref="fl-46"/>
      </object_component>
      <object_component id="oc-78">
         <name>.int43</name>
         <load_address>0xffd6</load_address>
         <run_address>0xffd6</run_address>
         <size>0x2</size>
         <input_file_ref idref="fl-47"/>
      </object_component>
      <object_component id="oc-79">
         <name>.int44</name>
         <load_address>0xffd8</load_address>
         <run_address>0xffd8</run_address>
         <size>0x2</size>
         <input_file_ref idref="fl-48"/>
      </object_component>
      <object_component id="oc-7a">
         <name>.int45</name>
         <load_address>0xffda</load_address>
         <run_address>0xffda</run_address>
         <size>0x2</size>
         <input_file_ref idref="fl-6"/>
      </object_component>
      <object_component id="oc-7b">
         <name>.int46</name>
         <load_address>0xffdc</load_address>
         <run_address>0xffdc</run_address>
         <size>0x2</size>
         <input_file_ref idref="fl-6"/>
      </object_component>
      <object_component id="oc-7c">
         <name>.int47</name>
         <load_address>0xffde</load_address>
         <run_address>0xffde</run_address>
         <size>0x2</size>
         <input_file_ref idref="fl-49"/>
      </object_component>
      <object_component id="oc-7d">
         <name>.int48</name>
         <load_address>0xffe0</load_address>
         <run_address>0xffe0</run_address>
         <size>0x2</size>
         <input_file_ref idref="fl-4a"/>
      </object_component>
      <object_component id="oc-7e">
         <name>.int49</name>
         <load_address>0xffe2</load_address>
         <run_address>0xffe2</run_address>
         <size>0x2</size>
         <input_file_ref idref="fl-4b"/>
      </object_component>
      <object_component id="oc-7f">
         <name>.int50</name>
         <load_address>0xffe4</load_address>
         <run_address>0xffe4</run_address>
         <size>0x2</size>
         <input_file_ref idref="fl-4c"/>
      </object_component>
      <object_component id="oc-80">
         <name>.int51</name>
         <load_address>0xffe6</load_address>
         <run_address>0xffe6</run_address>
         <size>0x2</size>
         <input_file_ref idref="fl-4d"/>
      </object_component>
      <object_component id="oc-81">
         <name>.int52</name>
         <load_address>0xffe8</load_address>
         <run_address>0xffe8</run_address>
         <size>0x2</size>
         <input_file_ref idref="fl-4e"/>
      </object_component>
      <object_component id="oc-82">
         <name>.int53</name>
         <load_address>0xffea</load_address>
         <run_address>0xffea</run_address>
         <size>0x2</size>
         <input_file_ref idref="fl-4f"/>
      </object_component>
      <object_component id="oc-83">
         <name>.int54</name>
         <load_address>0xffec</load_address>
         <run_address>0xffec</run_address>
         <size>0x2</size>
         <input_file_ref idref="fl-6"/>
      </object_component>
      <object_component id="oc-84">
         <name>.int55</name>
         <load_address>0xffee</load_address>
         <run_address>0xffee</run_address>
         <size>0x2</size>
         <input_file_ref idref="fl-6"/>
      </object_component>
      <object_component id="oc-85">
         <name>.int56</name>
         <load_address>0xfff0</load_address>
         <run_address>0xfff0</run_address>
         <size>0x2</size>
         <input_file_ref idref="fl-6"/>
      </object_component>
      <object_component id="oc-86">
         <name>.int57</name>
         <load_address>0xfff2</load_address>
         <run_address>0xfff2</run_address>
         <size>0x2</size>
         <input_file_ref idref="fl-50"/>
      </object_component>
      <object_component id="oc-87">
         <name>.int58</name>
         <load_address>0xfff4</load_address>
         <run_address>0xfff4</run_address>
         <size>0x2</size>
         <input_file_ref idref="fl-51"/>
      </object_component>
      <object_component id="oc-88">
         <name>.int59</name>
         <load_address>0xfff6</load_address>
         <run_address>0xfff6</run_address>
         <size>0x2</size>
         <input_file_ref idref="fl-52"/>
      </object_component>
      <object_component id="oc-89">
         <name>.int60</name>
         <load_address>0xfff8</load_address>
         <run_address>0xfff8</run_address>
         <size>0x2</size>
         <input_file_ref idref="fl-53"/>
      </object_component>
      <object_component id="oc-8a">
         <name>.int61</name>
         <load_address>0xfffa</load_address>
         <run_address>0xfffa</run_address>
         <size>0x2</size>
         <input_file_ref idref="fl-6"/>
      </object_component>
      <object_component id="oc-8b">
         <name>.int62</name>
         <load_address>0xfffc</load_address>
         <run_address>0xfffc</run_address>
         <size>0x2</size>
         <input_file_ref idref="fl-54"/>
      </object_component>
      <object_component id="oc-d1">
         <name>.reset</name>
         <load_address>0xfffe</load_address>
         <run_address>0xfffe</run_address>
         <size>0x2</size>
         <input_file_ref idref="fl-3e"/>
      </object_component>
      <object_component id="oc-189">
         <name>.data</name>
         <load_address>0x2400</load_address>
         <run_address>0x2400</run_address>
         <size>0x1f8</size>
         <input_file_ref idref="fl-3"/>
      </object_component>
      <object_component id="oc-15c">
         <name>.data</name>
         <load_address>0x27b1</load_address>
         <run_address>0x27b1</run_address>
         <size>0x26</size>
         <input_file_ref idref="fl-4"/>
      </object_component>
      <object_component id="oc-185">
         <name>.data</name>
         <load_address>0x27f0</load_address>
         <run_address>0x27f0</run_address>
         <size>0x16</size>
         <input_file_ref idref="fl-5"/>
      </object_component>
      <object_component id="oc-16a">
         <name>.data</name>
         <load_address>0x25f8</load_address>
         <run_address>0x25f8</run_address>
         <size>0xa2</size>
         <input_file_ref idref="fl-6"/>
      </object_component>
      <object_component id="oc-233">
         <name>.data:warn_log</name>
         <load_address>0x27d8</load_address>
         <run_address>0x27d8</run_address>
         <size>0x18</size>
         <input_file_ref idref="fl-6"/>
      </object_component>
      <object_component id="oc-259">
         <name>.data:err_log</name>
         <load_address>0x281c</load_address>
         <run_address>0x281c</run_address>
         <size>0x14</size>
         <input_file_ref idref="fl-6"/>
      </object_component>
      <object_component id="oc-17c">
         <name>.data:adc_internal_buffer</name>
         <load_address>0x269a</load_address>
         <run_address>0x269a</run_address>
         <size>0x56</size>
         <input_file_ref idref="fl-6"/>
      </object_component>
      <object_component id="oc-2c2">
         <name>.data:adc_output_buffer</name>
         <load_address>0x26f0</load_address>
         <run_address>0x26f0</run_address>
         <size>0x56</size>
         <input_file_ref idref="fl-6"/>
      </object_component>
      <object_component id="oc-358">
         <name>.data:adc_data_ready_flags</name>
         <load_address>0x2786</load_address>
         <run_address>0x2786</run_address>
         <size>0x2b</size>
         <input_file_ref idref="fl-6"/>
      </object_component>
      <object_component id="oc-2cb">
         <name>.data:ldc_data_buf</name>
         <load_address>0x2850</load_address>
         <run_address>0x2850</run_address>
         <size>0x6</size>
         <input_file_ref idref="fl-6"/>
      </object_component>
      <object_component id="oc-35c">
         <name>.data:mass_hist_buf</name>
         <load_address>0x2746</load_address>
         <run_address>0x2746</run_address>
         <size>0x40</size>
         <input_file_ref idref="fl-6"/>
      </object_component>
      <object_component id="oc-362">
         <name>.data:opt_data_time_buf</name>
         <load_address>0x2840</load_address>
         <run_address>0x2840</run_address>
         <size>0x10</size>
         <input_file_ref idref="fl-6"/>
      </object_component>
      <object_component id="oc-35f">
         <name>.data:opt_data_low_buf</name>
         <load_address>0x2830</load_address>
         <run_address>0x2830</run_address>
         <size>0x10</size>
         <input_file_ref idref="fl-6"/>
      </object_component>
      <object_component id="oc-166">
         <name>.data</name>
         <load_address>0x2806</load_address>
         <run_address>0x2806</run_address>
         <size>0x16</size>
         <input_file_ref idref="fl-8"/>
      </object_component>
      <object_component id="oc-1d2">
         <name>.debug_info</name>
         <load_address>0x0</load_address>
         <run_address>0x0</run_address>
         <size>0x159</size>
         <input_file_ref idref="fl-2"/>
      </object_component>
      <object_component id="oc-283">
         <name>.debug_info</name>
         <load_address>0x159</load_address>
         <run_address>0x159</run_address>
         <size>0x149</size>
         <input_file_ref idref="fl-2"/>
      </object_component>
      <object_component id="oc-150">
         <name>.debug_info</name>
         <load_address>0x2a2</load_address>
         <run_address>0x2a2</run_address>
         <size>0x84</size>
         <input_file_ref idref="fl-2"/>
      </object_component>
      <object_component id="oc-251">
         <name>.debug_info</name>
         <load_address>0x326</load_address>
         <run_address>0x326</run_address>
         <size>0x258</size>
         <input_file_ref idref="fl-3"/>
      </object_component>
      <object_component id="oc-18a">
         <name>.debug_info</name>
         <load_address>0x57e</load_address>
         <run_address>0x57e</run_address>
         <size>0xff</size>
         <input_file_ref idref="fl-3"/>
      </object_component>
      <object_component id="oc-1d8">
         <name>.debug_info</name>
         <load_address>0x67d</load_address>
         <run_address>0x67d</run_address>
         <size>0x141</size>
         <input_file_ref idref="fl-3"/>
      </object_component>
      <object_component id="oc-18d">
         <name>.debug_info</name>
         <load_address>0x7be</load_address>
         <run_address>0x7be</run_address>
         <size>0x151</size>
         <input_file_ref idref="fl-3"/>
      </object_component>
      <object_component id="oc-3d1">
         <name>.debug_info</name>
         <load_address>0x90f</load_address>
         <run_address>0x90f</run_address>
         <size>0x14f</size>
         <input_file_ref idref="fl-3"/>
      </object_component>
      <object_component id="oc-2af">
         <name>.debug_info</name>
         <load_address>0xa5e</load_address>
         <run_address>0xa5e</run_address>
         <size>0x19b</size>
         <input_file_ref idref="fl-3"/>
      </object_component>
      <object_component id="oc-2bd">
         <name>.debug_info</name>
         <load_address>0xbf9</load_address>
         <run_address>0xbf9</run_address>
         <size>0x1cc</size>
         <input_file_ref idref="fl-3"/>
      </object_component>
      <object_component id="oc-2a3">
         <name>.debug_info</name>
         <load_address>0xdc5</load_address>
         <run_address>0xdc5</run_address>
         <size>0x15b</size>
         <input_file_ref idref="fl-3"/>
      </object_component>
      <object_component id="oc-2a9">
         <name>.debug_info</name>
         <load_address>0xf20</load_address>
         <run_address>0xf20</run_address>
         <size>0x162</size>
         <input_file_ref idref="fl-3"/>
      </object_component>
      <object_component id="oc-3b4">
         <name>.debug_info</name>
         <load_address>0x1082</load_address>
         <run_address>0x1082</run_address>
         <size>0xab</size>
         <input_file_ref idref="fl-3"/>
      </object_component>
      <object_component id="oc-180">
         <name>.debug_info</name>
         <load_address>0x112d</load_address>
         <run_address>0x112d</run_address>
         <size>0x87</size>
         <input_file_ref idref="fl-3"/>
      </object_component>
      <object_component id="oc-226">
         <name>.debug_info</name>
         <load_address>0x11b4</load_address>
         <run_address>0x11b4</run_address>
         <size>0x2a0</size>
         <input_file_ref idref="fl-4"/>
      </object_component>
      <object_component id="oc-15d">
         <name>.debug_info</name>
         <load_address>0x1454</load_address>
         <run_address>0x1454</run_address>
         <size>0xf0</size>
         <input_file_ref idref="fl-4"/>
      </object_component>
      <object_component id="oc-1e4">
         <name>.debug_info</name>
         <load_address>0x1544</load_address>
         <run_address>0x1544</run_address>
         <size>0x136</size>
         <input_file_ref idref="fl-4"/>
      </object_component>
      <object_component id="oc-295">
         <name>.debug_info</name>
         <load_address>0x167a</load_address>
         <run_address>0x167a</run_address>
         <size>0x1d7</size>
         <input_file_ref idref="fl-4"/>
      </object_component>
      <object_component id="oc-28f">
         <name>.debug_info</name>
         <load_address>0x1851</load_address>
         <run_address>0x1851</run_address>
         <size>0x134</size>
         <input_file_ref idref="fl-4"/>
      </object_component>
      <object_component id="oc-29b">
         <name>.debug_info</name>
         <load_address>0x1985</load_address>
         <run_address>0x1985</run_address>
         <size>0x138</size>
         <input_file_ref idref="fl-4"/>
      </object_component>
      <object_component id="oc-3a2">
         <name>.debug_info</name>
         <load_address>0x1abd</load_address>
         <run_address>0x1abd</run_address>
         <size>0xcd</size>
         <input_file_ref idref="fl-4"/>
      </object_component>
      <object_component id="oc-24e">
         <name>.debug_info</name>
         <load_address>0x1b8a</load_address>
         <run_address>0x1b8a</run_address>
         <size>0x2aa</size>
         <input_file_ref idref="fl-5"/>
      </object_component>
      <object_component id="oc-186">
         <name>.debug_info</name>
         <load_address>0x1e34</load_address>
         <run_address>0x1e34</run_address>
         <size>0xfc</size>
         <input_file_ref idref="fl-5"/>
      </object_component>
      <object_component id="oc-3b9">
         <name>.debug_info</name>
         <load_address>0x1f30</load_address>
         <run_address>0x1f30</run_address>
         <size>0xcd</size>
         <input_file_ref idref="fl-5"/>
      </object_component>
      <object_component id="oc-23c">
         <name>.debug_info</name>
         <load_address>0x1ffd</load_address>
         <run_address>0x1ffd</run_address>
         <size>0x12f0</size>
         <input_file_ref idref="fl-6"/>
      </object_component>
      <object_component id="oc-16b">
         <name>.debug_info</name>
         <load_address>0x32ed</load_address>
         <run_address>0x32ed</run_address>
         <size>0x7a2</size>
         <input_file_ref idref="fl-6"/>
      </object_component>
      <object_component id="oc-234">
         <name>.debug_info</name>
         <load_address>0x3a8f</load_address>
         <run_address>0x3a8f</run_address>
         <size>0xea</size>
         <input_file_ref idref="fl-6"/>
      </object_component>
      <object_component id="oc-25a">
         <name>.debug_info</name>
         <load_address>0x3b79</load_address>
         <run_address>0x3b79</run_address>
         <size>0xe8</size>
         <input_file_ref idref="fl-6"/>
      </object_component>
      <object_component id="oc-17d">
         <name>.debug_info</name>
         <load_address>0x3c61</load_address>
         <run_address>0x3c61</run_address>
         <size>0x100</size>
         <input_file_ref idref="fl-6"/>
      </object_component>
      <object_component id="oc-2c3">
         <name>.debug_info</name>
         <load_address>0x3d61</load_address>
         <run_address>0x3d61</run_address>
         <size>0xfc</size>
         <input_file_ref idref="fl-6"/>
      </object_component>
      <object_component id="oc-359">
         <name>.debug_info</name>
         <load_address>0x3e5d</load_address>
         <run_address>0x3e5d</run_address>
         <size>0x102</size>
         <input_file_ref idref="fl-6"/>
      </object_component>
      <object_component id="oc-2cc">
         <name>.debug_info</name>
         <load_address>0x3f5f</load_address>
         <run_address>0x3f5f</run_address>
         <size>0xf2</size>
         <input_file_ref idref="fl-6"/>
      </object_component>
      <object_component id="oc-35d">
         <name>.debug_info</name>
         <load_address>0x4051</load_address>
         <run_address>0x4051</run_address>
         <size>0xf4</size>
         <input_file_ref idref="fl-6"/>
      </object_component>
      <object_component id="oc-363">
         <name>.debug_info</name>
         <load_address>0x4145</load_address>
         <run_address>0x4145</run_address>
         <size>0xfc</size>
         <input_file_ref idref="fl-6"/>
      </object_component>
      <object_component id="oc-360">
         <name>.debug_info</name>
         <load_address>0x4241</load_address>
         <run_address>0x4241</run_address>
         <size>0xfa</size>
         <input_file_ref idref="fl-6"/>
      </object_component>
      <object_component id="oc-13b">
         <name>.debug_info</name>
         <load_address>0x433b</load_address>
         <run_address>0x433b</run_address>
         <size>0x280</size>
         <input_file_ref idref="fl-6"/>
      </object_component>
      <object_component id="oc-1fc">
         <name>.debug_info</name>
         <load_address>0x45bb</load_address>
         <run_address>0x45bb</run_address>
         <size>0x117</size>
         <input_file_ref idref="fl-6"/>
      </object_component>
      <object_component id="oc-1de">
         <name>.debug_info</name>
         <load_address>0x46d2</load_address>
         <run_address>0x46d2</run_address>
         <size>0x119</size>
         <input_file_ref idref="fl-6"/>
      </object_component>
      <object_component id="oc-205">
         <name>.debug_info</name>
         <load_address>0x47eb</load_address>
         <run_address>0x47eb</run_address>
         <size>0x168</size>
         <input_file_ref idref="fl-6"/>
      </object_component>
      <object_component id="oc-16d">
         <name>.debug_info</name>
         <load_address>0x4953</load_address>
         <run_address>0x4953</run_address>
         <size>0x406</size>
         <input_file_ref idref="fl-6"/>
      </object_component>
      <object_component id="oc-170">
         <name>.debug_info</name>
         <load_address>0x4d59</load_address>
         <run_address>0x4d59</run_address>
         <size>0x21e</size>
         <input_file_ref idref="fl-6"/>
      </object_component>
      <object_component id="oc-173">
         <name>.debug_info</name>
         <load_address>0x4f77</load_address>
         <run_address>0x4f77</run_address>
         <size>0x157</size>
         <input_file_ref idref="fl-6"/>
      </object_component>
      <object_component id="oc-1f6">
         <name>.debug_info</name>
         <load_address>0x50ce</load_address>
         <run_address>0x50ce</run_address>
         <size>0x1d7</size>
         <input_file_ref idref="fl-6"/>
      </object_component>
      <object_component id="oc-211">
         <name>.debug_info</name>
         <load_address>0x52a5</load_address>
         <run_address>0x52a5</run_address>
         <size>0x17e</size>
         <input_file_ref idref="fl-6"/>
      </object_component>
      <object_component id="oc-217">
         <name>.debug_info</name>
         <load_address>0x5423</load_address>
         <run_address>0x5423</run_address>
         <size>0x2b6</size>
         <input_file_ref idref="fl-6"/>
      </object_component>
      <object_component id="oc-385">
         <name>.debug_info</name>
         <load_address>0x56d9</load_address>
         <run_address>0x56d9</run_address>
         <size>0x251</size>
         <input_file_ref idref="fl-6"/>
      </object_component>
      <object_component id="oc-37f">
         <name>.debug_info</name>
         <load_address>0x592a</load_address>
         <run_address>0x592a</run_address>
         <size>0x23d</size>
         <input_file_ref idref="fl-6"/>
      </object_component>
      <object_component id="oc-373">
         <name>.debug_info</name>
         <load_address>0x5b67</load_address>
         <run_address>0x5b67</run_address>
         <size>0x249</size>
         <input_file_ref idref="fl-6"/>
      </object_component>
      <object_component id="oc-21d">
         <name>.debug_info</name>
         <load_address>0x5db0</load_address>
         <run_address>0x5db0</run_address>
         <size>0x2e4</size>
         <input_file_ref idref="fl-6"/>
      </object_component>
      <object_component id="oc-2d5">
         <name>.debug_info</name>
         <load_address>0x6094</load_address>
         <run_address>0x6094</run_address>
         <size>0x153</size>
         <input_file_ref idref="fl-6"/>
      </object_component>
      <object_component id="oc-398">
         <name>.debug_info</name>
         <load_address>0x61e7</load_address>
         <run_address>0x61e7</run_address>
         <size>0x172</size>
         <input_file_ref idref="fl-6"/>
      </object_component>
      <object_component id="oc-176">
         <name>.debug_info</name>
         <load_address>0x6359</load_address>
         <run_address>0x6359</run_address>
         <size>0x190</size>
         <input_file_ref idref="fl-6"/>
      </object_component>
      <object_component id="oc-38c">
         <name>.debug_info</name>
         <load_address>0x64e9</load_address>
         <run_address>0x64e9</run_address>
         <size>0x16b</size>
         <input_file_ref idref="fl-6"/>
      </object_component>
      <object_component id="oc-392">
         <name>.debug_info</name>
         <load_address>0x6654</load_address>
         <run_address>0x6654</run_address>
         <size>0x12f</size>
         <input_file_ref idref="fl-6"/>
      </object_component>
      <object_component id="oc-179">
         <name>.debug_info</name>
         <load_address>0x6783</load_address>
         <run_address>0x6783</run_address>
         <size>0xfd6</size>
         <input_file_ref idref="fl-6"/>
      </object_component>
      <object_component id="oc-fd">
         <name>.debug_info</name>
         <load_address>0x7759</load_address>
         <run_address>0x7759</run_address>
         <size>0x14c</size>
         <input_file_ref idref="fl-6"/>
      </object_component>
      <object_component id="oc-109">
         <name>.debug_info</name>
         <load_address>0x78a5</load_address>
         <run_address>0x78a5</run_address>
         <size>0x161</size>
         <input_file_ref idref="fl-6"/>
      </object_component>
      <object_component id="oc-f7">
         <name>.debug_info</name>
         <load_address>0x7a06</load_address>
         <run_address>0x7a06</run_address>
         <size>0x144</size>
         <input_file_ref idref="fl-6"/>
      </object_component>
      <object_component id="oc-103">
         <name>.debug_info</name>
         <load_address>0x7b4a</load_address>
         <run_address>0x7b4a</run_address>
         <size>0x144</size>
         <input_file_ref idref="fl-6"/>
      </object_component>
      <object_component id="oc-f1">
         <name>.debug_info</name>
         <load_address>0x7c8e</load_address>
         <run_address>0x7c8e</run_address>
         <size>0x15a</size>
         <input_file_ref idref="fl-6"/>
      </object_component>
      <object_component id="oc-10f">
         <name>.debug_info</name>
         <load_address>0x7de8</load_address>
         <run_address>0x7de8</run_address>
         <size>0x174</size>
         <input_file_ref idref="fl-6"/>
      </object_component>
      <object_component id="oc-1cc">
         <name>.debug_info</name>
         <load_address>0x7f5c</load_address>
         <run_address>0x7f5c</run_address>
         <size>0x243</size>
         <input_file_ref idref="fl-6"/>
      </object_component>
      <object_component id="oc-23e">
         <name>.debug_info</name>
         <load_address>0x819f</load_address>
         <run_address>0x819f</run_address>
         <size>0x4f9</size>
         <input_file_ref idref="fl-6"/>
      </object_component>
      <object_component id="oc-3ad">
         <name>.debug_info</name>
         <load_address>0x8698</load_address>
         <run_address>0x8698</run_address>
         <size>0xcd</size>
         <input_file_ref idref="fl-6"/>
      </object_component>
      <object_component id="oc-1ea">
         <name>.debug_info</name>
         <load_address>0x8765</load_address>
         <run_address>0x8765</run_address>
         <size>0x125</size>
         <input_file_ref idref="fl-7"/>
      </object_component>
      <object_component id="oc-2ed">
         <name>.debug_info</name>
         <load_address>0x888a</load_address>
         <run_address>0x888a</run_address>
         <size>0x14f</size>
         <input_file_ref idref="fl-7"/>
      </object_component>
      <object_component id="oc-2e7">
         <name>.debug_info</name>
         <load_address>0x89d9</load_address>
         <run_address>0x89d9</run_address>
         <size>0x14f</size>
         <input_file_ref idref="fl-7"/>
      </object_component>
      <object_component id="oc-2e1">
         <name>.debug_info</name>
         <load_address>0x8b28</load_address>
         <run_address>0x8b28</run_address>
         <size>0x147</size>
         <input_file_ref idref="fl-7"/>
      </object_component>
      <object_component id="oc-2ff">
         <name>.debug_info</name>
         <load_address>0x8c6f</load_address>
         <run_address>0x8c6f</run_address>
         <size>0x14f</size>
         <input_file_ref idref="fl-7"/>
      </object_component>
      <object_component id="oc-2f9">
         <name>.debug_info</name>
         <load_address>0x8dbe</load_address>
         <run_address>0x8dbe</run_address>
         <size>0x14f</size>
         <input_file_ref idref="fl-7"/>
      </object_component>
      <object_component id="oc-2f3">
         <name>.debug_info</name>
         <load_address>0x8f0d</load_address>
         <run_address>0x8f0d</run_address>
         <size>0x147</size>
         <input_file_ref idref="fl-7"/>
      </object_component>
      <object_component id="oc-239">
         <name>.debug_info</name>
         <load_address>0x9054</load_address>
         <run_address>0x9054</run_address>
         <size>0x27a</size>
         <input_file_ref idref="fl-8"/>
      </object_component>
      <object_component id="oc-167">
         <name>.debug_info</name>
         <load_address>0x92ce</load_address>
         <run_address>0x92ce</run_address>
         <size>0x102</size>
         <input_file_ref idref="fl-8"/>
      </object_component>
      <object_component id="oc-1f0">
         <name>.debug_info</name>
         <load_address>0x93d0</load_address>
         <run_address>0x93d0</run_address>
         <size>0x18a</size>
         <input_file_ref idref="fl-8"/>
      </object_component>
      <object_component id="oc-379">
         <name>.debug_info</name>
         <load_address>0x955a</load_address>
         <run_address>0x955a</run_address>
         <size>0x1a8</size>
         <input_file_ref idref="fl-8"/>
      </object_component>
      <object_component id="oc-36d">
         <name>.debug_info</name>
         <load_address>0x9702</load_address>
         <run_address>0x9702</run_address>
         <size>0x16d</size>
         <input_file_ref idref="fl-8"/>
      </object_component>
      <object_component id="oc-367">
         <name>.debug_info</name>
         <load_address>0x986f</load_address>
         <run_address>0x986f</run_address>
         <size>0x156</size>
         <input_file_ref idref="fl-8"/>
      </object_component>
      <object_component id="oc-3d8">
         <name>.debug_info</name>
         <load_address>0x99c5</load_address>
         <run_address>0x99c5</run_address>
         <size>0x3e0</size>
         <input_file_ref idref="fl-9"/>
      </object_component>
      <object_component id="oc-2db">
         <name>.debug_info</name>
         <load_address>0x9da5</load_address>
         <run_address>0x9da5</run_address>
         <size>0x19e</size>
         <input_file_ref idref="fl-9"/>
      </object_component>
      <object_component id="oc-3f2">
         <name>.debug_info</name>
         <load_address>0x9f43</load_address>
         <run_address>0x9f43</run_address>
         <size>0x1d3</size>
         <input_file_ref idref="fl-9"/>
      </object_component>
      <object_component id="oc-2c6">
         <name>.debug_info</name>
         <load_address>0xa116</load_address>
         <run_address>0xa116</run_address>
         <size>0x22e</size>
         <input_file_ref idref="fl-9"/>
      </object_component>
      <object_component id="oc-34d">
         <name>.debug_info</name>
         <load_address>0xa344</load_address>
         <run_address>0xa344</run_address>
         <size>0x14a</size>
         <input_file_ref idref="fl-9"/>
      </object_component>
      <object_component id="oc-347">
         <name>.debug_info</name>
         <load_address>0xa48e</load_address>
         <run_address>0xa48e</run_address>
         <size>0x14a</size>
         <input_file_ref idref="fl-9"/>
      </object_component>
      <object_component id="oc-341">
         <name>.debug_info</name>
         <load_address>0xa5d8</load_address>
         <run_address>0xa5d8</run_address>
         <size>0x14a</size>
         <input_file_ref idref="fl-9"/>
      </object_component>
      <object_component id="oc-33b">
         <name>.debug_info</name>
         <load_address>0xa722</load_address>
         <run_address>0xa722</run_address>
         <size>0x14a</size>
         <input_file_ref idref="fl-9"/>
      </object_component>
      <object_component id="oc-335">
         <name>.debug_info</name>
         <load_address>0xa86c</load_address>
         <run_address>0xa86c</run_address>
         <size>0x14a</size>
         <input_file_ref idref="fl-9"/>
      </object_component>
      <object_component id="oc-32f">
         <name>.debug_info</name>
         <load_address>0xa9b6</load_address>
         <run_address>0xa9b6</run_address>
         <size>0x14a</size>
         <input_file_ref idref="fl-9"/>
      </object_component>
      <object_component id="oc-329">
         <name>.debug_info</name>
         <load_address>0xab00</load_address>
         <run_address>0xab00</run_address>
         <size>0x14a</size>
         <input_file_ref idref="fl-9"/>
      </object_component>
      <object_component id="oc-323">
         <name>.debug_info</name>
         <load_address>0xac4a</load_address>
         <run_address>0xac4a</run_address>
         <size>0x14a</size>
         <input_file_ref idref="fl-9"/>
      </object_component>
      <object_component id="oc-353">
         <name>.debug_info</name>
         <load_address>0xad94</load_address>
         <run_address>0xad94</run_address>
         <size>0x11d</size>
         <input_file_ref idref="fl-9"/>
      </object_component>
      <object_component id="oc-1b4">
         <name>.debug_info</name>
         <load_address>0xaeb1</load_address>
         <run_address>0xaeb1</run_address>
         <size>0x11f</size>
         <input_file_ref idref="fl-9"/>
      </object_component>
      <object_component id="oc-254">
         <name>.debug_info</name>
         <load_address>0xafd0</load_address>
         <run_address>0xafd0</run_address>
         <size>0x11d</size>
         <input_file_ref idref="fl-9"/>
      </object_component>
      <object_component id="oc-1ba">
         <name>.debug_info</name>
         <load_address>0xb0ed</load_address>
         <run_address>0xb0ed</run_address>
         <size>0x11f</size>
         <input_file_ref idref="fl-9"/>
      </object_component>
      <object_component id="oc-1c0">
         <name>.debug_info</name>
         <load_address>0xb20c</load_address>
         <run_address>0xb20c</run_address>
         <size>0x11d</size>
         <input_file_ref idref="fl-9"/>
      </object_component>
      <object_component id="oc-22e">
         <name>.debug_info</name>
         <load_address>0xb329</load_address>
         <run_address>0xb329</run_address>
         <size>0x11f</size>
         <input_file_ref idref="fl-9"/>
      </object_component>
      <object_component id="oc-228">
         <name>.debug_info</name>
         <load_address>0xb448</load_address>
         <run_address>0xb448</run_address>
         <size>0x11d</size>
         <input_file_ref idref="fl-9"/>
      </object_component>
      <object_component id="oc-1c6">
         <name>.debug_info</name>
         <load_address>0xb565</load_address>
         <run_address>0xb565</run_address>
         <size>0x11f</size>
         <input_file_ref idref="fl-9"/>
      </object_component>
      <object_component id="oc-160">
         <name>.debug_info</name>
         <load_address>0xb684</load_address>
         <run_address>0xb684</run_address>
         <size>0x191</size>
         <input_file_ref idref="fl-9"/>
      </object_component>
      <object_component id="oc-194">
         <name>.debug_info</name>
         <load_address>0xb815</load_address>
         <run_address>0xb815</run_address>
         <size>0x177</size>
         <input_file_ref idref="fl-9"/>
      </object_component>
      <object_component id="oc-3eb">
         <name>.debug_info</name>
         <load_address>0xb98c</load_address>
         <run_address>0xb98c</run_address>
         <size>0x11e</size>
         <input_file_ref idref="fl-9"/>
      </object_component>
      <object_component id="oc-317">
         <name>.debug_info</name>
         <load_address>0xbaaa</load_address>
         <run_address>0xbaaa</run_address>
         <size>0x200</size>
         <input_file_ref idref="fl-9"/>
      </object_component>
      <object_component id="oc-31d">
         <name>.debug_info</name>
         <load_address>0xbcaa</load_address>
         <run_address>0xbcaa</run_address>
         <size>0x204</size>
         <input_file_ref idref="fl-9"/>
      </object_component>
      <object_component id="oc-311">
         <name>.debug_info</name>
         <load_address>0xbeae</load_address>
         <run_address>0xbeae</run_address>
         <size>0x165</size>
         <input_file_ref idref="fl-9"/>
      </object_component>
      <object_component id="oc-30b">
         <name>.debug_info</name>
         <load_address>0xc013</load_address>
         <run_address>0xc013</run_address>
         <size>0x154</size>
         <input_file_ref idref="fl-9"/>
      </object_component>
      <object_component id="oc-305">
         <name>.debug_info</name>
         <load_address>0xc167</load_address>
         <run_address>0xc167</run_address>
         <size>0x1ca</size>
         <input_file_ref idref="fl-9"/>
      </object_component>
      <object_component id="oc-2b7">
         <name>.debug_info</name>
         <load_address>0xc331</load_address>
         <run_address>0xc331</run_address>
         <size>0x166</size>
         <input_file_ref idref="fl-9"/>
      </object_component>
      <object_component id="oc-cf">
         <name>.debug_info</name>
         <load_address>0xc497</load_address>
         <run_address>0xc497</run_address>
         <size>0xd8</size>
         <input_file_ref idref="fl-3e"/>
      </object_component>
      <object_component id="oc-ac">
         <name>.debug_info</name>
         <load_address>0xc56f</load_address>
         <run_address>0xc56f</run_address>
         <size>0x179</size>
         <input_file_ref idref="fl-3f"/>
      </object_component>
      <object_component id="oc-dd">
         <name>.debug_info</name>
         <load_address>0xc6e8</load_address>
         <run_address>0xc6e8</run_address>
         <size>0x1b2</size>
         <input_file_ref idref="fl-40"/>
      </object_component>
      <object_component id="oc-6b">
         <name>.debug_info</name>
         <load_address>0xc89a</load_address>
         <run_address>0xc89a</run_address>
         <size>0x1ca</size>
         <input_file_ref idref="fl-40"/>
      </object_component>
      <object_component id="oc-d8">
         <name>.debug_info</name>
         <load_address>0xca64</load_address>
         <run_address>0xca64</run_address>
         <size>0x46</size>
         <input_file_ref idref="fl-40"/>
      </object_component>
      <object_component id="oc-e5">
         <name>.debug_info</name>
         <load_address>0xcaaa</load_address>
         <run_address>0xcaaa</run_address>
         <size>0x1b7</size>
         <input_file_ref idref="fl-41"/>
      </object_component>
      <object_component id="oc-e0">
         <name>.debug_info</name>
         <load_address>0xcc61</load_address>
         <run_address>0xcc61</run_address>
         <size>0x2a3</size>
         <input_file_ref idref="fl-41"/>
      </object_component>
      <object_component id="oc-74">
         <name>.debug_info</name>
         <load_address>0xcf04</load_address>
         <run_address>0xcf04</run_address>
         <size>0x1a3</size>
         <input_file_ref idref="fl-41"/>
      </object_component>
      <object_component id="oc-e6">
         <name>.debug_info</name>
         <load_address>0xd0a7</load_address>
         <run_address>0xd0a7</run_address>
         <size>0x39</size>
         <input_file_ref idref="fl-41"/>
      </object_component>
      <object_component id="oc-8d">
         <name>.debug_info</name>
         <load_address>0xd0e0</load_address>
         <run_address>0xd0e0</run_address>
         <size>0x199</size>
         <input_file_ref idref="fl-42"/>
      </object_component>
      <object_component id="oc-115">
         <name>.debug_info</name>
         <load_address>0xd279</load_address>
         <run_address>0xd279</run_address>
         <size>0x46</size>
         <input_file_ref idref="fl-42"/>
      </object_component>
      <object_component id="oc-d3">
         <name>.debug_info</name>
         <load_address>0xd2bf</load_address>
         <run_address>0xd2bf</run_address>
         <size>0xf9</size>
         <input_file_ref idref="fl-43"/>
      </object_component>
      <object_component id="oc-143">
         <name>.debug_info</name>
         <load_address>0xd3b8</load_address>
         <run_address>0xd3b8</run_address>
         <size>0xfa</size>
         <input_file_ref idref="fl-44"/>
      </object_component>
      <object_component id="oc-ec">
         <name>.debug_info</name>
         <load_address>0xd4b2</load_address>
         <run_address>0xd4b2</run_address>
         <size>0xee</size>
         <input_file_ref idref="fl-55"/>
      </object_component>
      <object_component id="oc-2cf">
         <name>.debug_info</name>
         <load_address>0xd5a0</load_address>
         <run_address>0xd5a0</run_address>
         <size>0x10f</size>
         <input_file_ref idref="fl-5a"/>
      </object_component>
      <object_component id="oc-11b">
         <name>.debug_info</name>
         <load_address>0xd6af</load_address>
         <run_address>0xd6af</run_address>
         <size>0x12b</size>
         <input_file_ref idref="fl-5e"/>
      </object_component>
      <object_component id="oc-19c">
         <name>.debug_info</name>
         <load_address>0xd7da</load_address>
         <run_address>0xd7da</run_address>
         <size>0x31e</size>
         <input_file_ref idref="fl-61"/>
      </object_component>
      <object_component id="oc-121">
         <name>.debug_info</name>
         <load_address>0xdaf8</load_address>
         <run_address>0xdaf8</run_address>
         <size>0x1de</size>
         <input_file_ref idref="fl-61"/>
      </object_component>
      <object_component id="oc-25f">
         <name>.debug_info</name>
         <load_address>0xdcd6</load_address>
         <run_address>0xdcd6</run_address>
         <size>0x39</size>
         <input_file_ref idref="fl-61"/>
      </object_component>
      <object_component id="oc-19d">
         <name>.debug_info</name>
         <load_address>0xdd0f</load_address>
         <run_address>0xdd0f</run_address>
         <size>0x2c</size>
         <input_file_ref idref="fl-61"/>
      </object_component>
      <object_component id="oc-481">
         <name>.debug_info</name>
         <load_address>0xdd3b</load_address>
         <run_address>0xdd3b</run_address>
         <size>0xc0</size>
      </object_component>
      <object_component id="oc-1d5">
         <name>.debug_line</name>
         <load_address>0x0</load_address>
         <run_address>0x0</run_address>
         <size>0x57</size>
         <input_file_ref idref="fl-2"/>
      </object_component>
      <object_component id="oc-286">
         <name>.debug_line</name>
         <load_address>0x57</load_address>
         <run_address>0x57</run_address>
         <size>0x58</size>
         <input_file_ref idref="fl-2"/>
      </object_component>
      <object_component id="oc-153">
         <name>.debug_line</name>
         <load_address>0xaf</load_address>
         <run_address>0xaf</run_address>
         <size>0x20</size>
         <input_file_ref idref="fl-2"/>
      </object_component>
      <object_component id="oc-3c1">
         <name>.debug_line</name>
         <load_address>0xcf</load_address>
         <run_address>0xcf</run_address>
         <size>0x63</size>
         <input_file_ref idref="fl-3"/>
      </object_component>
      <object_component id="oc-250">
         <name>.debug_line</name>
         <load_address>0x132</load_address>
         <run_address>0x132</run_address>
         <size>0x38</size>
         <input_file_ref idref="fl-3"/>
      </object_component>
      <object_component id="oc-1db">
         <name>.debug_line</name>
         <load_address>0x16a</load_address>
         <run_address>0x16a</run_address>
         <size>0x52</size>
         <input_file_ref idref="fl-3"/>
      </object_component>
      <object_component id="oc-190">
         <name>.debug_line</name>
         <load_address>0x1bc</load_address>
         <run_address>0x1bc</run_address>
         <size>0x4b</size>
         <input_file_ref idref="fl-3"/>
      </object_component>
      <object_component id="oc-3d4">
         <name>.debug_line</name>
         <load_address>0x207</load_address>
         <run_address>0x207</run_address>
         <size>0x4b</size>
         <input_file_ref idref="fl-3"/>
      </object_component>
      <object_component id="oc-2b2">
         <name>.debug_line</name>
         <load_address>0x252</load_address>
         <run_address>0x252</run_address>
         <size>0x5b</size>
         <input_file_ref idref="fl-3"/>
      </object_component>
      <object_component id="oc-2c0">
         <name>.debug_line</name>
         <load_address>0x2ad</load_address>
         <run_address>0x2ad</run_address>
         <size>0x65</size>
         <input_file_ref idref="fl-3"/>
      </object_component>
      <object_component id="oc-2a6">
         <name>.debug_line</name>
         <load_address>0x312</load_address>
         <run_address>0x312</run_address>
         <size>0x4e</size>
         <input_file_ref idref="fl-3"/>
      </object_component>
      <object_component id="oc-2ac">
         <name>.debug_line</name>
         <load_address>0x360</load_address>
         <run_address>0x360</run_address>
         <size>0x58</size>
         <input_file_ref idref="fl-3"/>
      </object_component>
      <object_component id="oc-3b7">
         <name>.debug_line</name>
         <load_address>0x3b8</load_address>
         <run_address>0x3b8</run_address>
[...]
      </symbol>
      <symbol id="sm-6c1">
         <name>__TI_int55</name>
         <value>0xffee</value>
         <object_component_ref idref="oc-84"/>
      </symbol>
      <symbol id="sm-6c2">
         <name>adc_current_state</name>
         <value>0x262a</value>
         <object_component_ref idref="oc-16a"/>
      </symbol>
      <symbol id="sm-6c3">
         <name>ADC12_ISR</name>
         <value>0x98ce</value>
         <object_component_ref idref="oc-fc"/>
      </symbol>
      <symbol id="sm-6c4">
         <name>check_chim_full_rot</name>
         <value>0xa346</value>
         <object_component_ref idref="oc-38b"/>
      </symbol>
      <symbol id="sm-6c5">
         <name>debug_cmd_buf_ptr</name>
         <value>0x25f8</value>
         <object_component_ref idref="oc-16a"/>
      </symbol>
      <symbol id="sm-6c6">
         <name>is_entry_door_open</name>
         <value>0xaa0c</value>
         <object_component_ref idref="oc-391"/>
      </symbol>
      <symbol id="sm-6c7">
         <name>adc_seq2</name>
         <value>0x262e</value>
         <object_component_ref idref="oc-16a"/>
      </symbol>
      <symbol id="sm-6c8">
         <name>compact_motor_enable</name>
         <value>0x264c</value>
         <object_component_ref idref="oc-16a"/>
      </symbol>
      <symbol id="sm-6c9">
         <name>chimney_task</name>
         <value>0x8e8a</value>
         <object_component_ref idref="oc-21c"/>
      </symbol>
      <symbol id="sm-6ca">
         <name>i2c_task</name>
         <value>0x9fb0</value>
         <object_component_ref idref="oc-210"/>
      </symbol>
      <symbol id="sm-6cb">
         <name>debug_task</name>
         <value>0x8000</value>
         <object_component_ref idref="oc-201"/>
      </symbol>
      <symbol id="sm-6cc">
         <name>monitor_data</name>
         <value>0x25fe</value>
         <object_component_ref idref="oc-16a"/>
      </symbol>
      <symbol id="sm-6cd">
         <name>mass_hist_buf</name>
         <value>0x2746</value>
         <object_component_ref idref="oc-35c"/>
      </symbol>
      <symbol id="sm-6ce">
         <name>check_bin_resp</name>
         <value>0x9a58</value>
         <object_component_ref idref="oc-372"/>
      </symbol>
      <symbol id="sm-6cf">
         <name>check_compact_resp</name>
         <value>0x9c68</value>
         <object_component_ref idref="oc-37e"/>
      </symbol>
      <symbol id="sm-6d0">
         <name>check_chimney_resp</name>
         <value>0x9b0c</value>
         <object_component_ref idref="oc-384"/>
      </symbol>
      <symbol id="sm-6d1">
         <name>USCIA1_ISR</name>
         <value>0x9d0e</value>
         <object_component_ref idref="oc-f6"/>
      </symbol>
      <symbol id="sm-6d2">
         <name>check_chim_paddle_pos</name>
         <value>0xa186</value>
         <object_component_ref idref="oc-397"/>
      </symbol>
      <symbol id="sm-6d3">
         <name>err_log_ptr</name>
         <value>0x25fb</value>
         <object_component_ref idref="oc-16a"/>
      </symbol>
      <symbol id="sm-6d4">
         <name>monCurrState</name>
         <value>0x2628</value>
         <object_component_ref idref="oc-16a"/>
      </symbol>
      <symbol id="sm-6d5">
         <name>opt_data_low_buf</name>
         <value>0x2830</value>
         <object_component_ref idref="oc-35f"/>
      </symbol>
      <symbol id="sm-6d6">
         <name>USCI_B1_ISR</name>
         <value>0xa116</value>
         <object_component_ref idref="oc-f0"/>
      </symbol>
      <symbol id="sm-6d7">
         <name>ldc_data_buf</name>
         <value>0x2850</value>
         <object_component_ref idref="oc-2cb"/>
      </symbol>
      <symbol id="sm-6d8">
         <name>main</name>
         <value>0xa028</value>
         <object_component_ref idref="oc-13a"/>
      </symbol>
      <symbol id="sm-6d9">
         <name>USCIA0_ISR</name>
         <value>0x9f38</value>
         <object_component_ref idref="oc-108"/>
      </symbol>
      <symbol id="sm-6da">
         <name>USCIB0_ISR</name>
         <value>0x9da4</value>
         <object_component_ref idref="oc-102"/>
      </symbol>
      <symbol id="sm-6db">
         <name>adc_setup</name>
         <value>0xa728</value>
         <object_component_ref idref="oc-1dd"/>
      </symbol>
      <symbol id="sm-6dc">
         <name>reset_isr</name>
         <value>0x9634</value>
         <object_component_ref idref="oc-1cb"/>
      </symbol>
      <symbol id="sm-6dd">
         <name>bin_request</name>
         <value>0x2690</value>
         <object_component_ref idref="oc-16a"/>
      </symbol>
      <symbol id="sm-6de">
         <name>mass_buf_ptr</name>
         <value>0x263c</value>
         <object_component_ref idref="oc-16a"/>
      </symbol>
      <symbol id="sm-6df">
         <name>motor_spi_task</name>
         <value>0x9460</value>
         <object_component_ref idref="oc-216"/>
      </symbol>
      <symbol id="sm-6e0">
         <name>ldc_current_state</name>
         <value>0x2630</value>
         <object_component_ref idref="oc-16a"/>
      </symbol>
      <symbol id="sm-6e1">
         <name>mass_task</name>
         <value>0x90b6</value>
         <object_component_ref idref="oc-20a"/>
      </symbol>
      <symbol id="sm-6e2">
         <name>opt_run</name>
         <value>0x2642</value>
         <object_component_ref idref="oc-16a"/>
      </symbol>
      <symbol id="sm-6e3">
         <name>last_insert_pos</name>
         <value>0x268c</value>
         <object_component_ref idref="oc-16a"/>
      </symbol>
      <symbol id="sm-6e4">
         <name>opt_buf_ptr</name>
         <value>0x2644</value>
         <object_component_ref idref="oc-16a"/>
      </symbol>
      <symbol id="sm-6e5">
         <name>motor_enable_setup</name>
         <value>0xa438</value>
         <object_component_ref idref="oc-1f5"/>
      </symbol>
      <symbol id="sm-6e6">
         <name>opt_current_state</name>
         <value>0x2640</value>
         <object_component_ref idref="oc-16a"/>
      </symbol>
      <symbol id="sm-6e7">
         <name>i2cCurrState</name>
         <value>0x264e</value>
         <object_component_ref idref="oc-16a"/>
      </symbol>
      <symbol id="sm-6e8">
         <name>opt_max_time</name>
         <value>0x2648</value>
         <object_component_ref idref="oc-16a"/>
      </symbol>
      <symbol id="sm-6e9">
         <name>bin_motor_enable</name>
         <value>0x264b</value>
         <object_component_ref idref="oc-16a"/>
      </symbol>
      <symbol id="sm-6ea">
         <name>check_chim_next_pos</name>
         <value>0xa0a0</value>
         <object_component_ref idref="oc-39d"/>
      </symbol>
      <symbol id="sm-6eb">
         <name>err_log</name>
         <value>0x281c</value>
         <object_component_ref idref="oc-259"/>
      </symbol>
      <symbol id="sm-6ec">
         <name>adc_task</name>
         <value>0x9210</value>
         <object_component_ref idref="oc-204"/>
      </symbol>
      <symbol id="sm-6ed">
         <name>adc_output_buffer</name>
         <value>0x26f0</value>
         <object_component_ref idref="oc-2c2"/>
      </symbol>
      <symbol id="sm-6ee">
         <name>ldc_final_val</name>
         <value>0x2636</value>
         <object_component_ref idref="oc-16a"/>
      </symbol>
      <symbol id="sm-6ef">
         <name>warn_log_ptr</name>
         <value>0x25f9</value>
         <object_component_ref idref="oc-16a"/>
      </symbol>
      <symbol id="sm-6f0">
         <name>sort_motor_enable</name>
         <value>0x264d</value>
         <object_component_ref idref="oc-16a"/>
      </symbol>
      <symbol id="sm-6f1">
         <name>unmi_isr</name>
         <value>0xa1e8</value>
         <object_component_ref idref="oc-10e"/>
      </symbol>
      <symbol id="sm-6f2">
         <name>adc_ext_mux_ptr</name>
         <value>0x262d</value>
         <object_component_ref idref="oc-16a"/>
      </symbol>
      <symbol id="sm-6f3">
         <name>opt_data_time_buf</name>
         <value>0x2840</value>
         <object_component_ref idref="oc-362"/>
      </symbol>
      <symbol id="sm-6f4">
         <name>mass_run</name>
         <value>0x263a</value>
         <object_component_ref idref="oc-16a"/>
      </symbol>
      <symbol id="sm-6f5">
         <name>sysState</name>
         <value>0x2688</value>
         <object_component_ref idref="oc-16a"/>
      </symbol>
      <symbol id="sm-6f6">
         <name>chimneyCurrState</name>
         <value>0x268e</value>
         <object_component_ref idref="oc-16a"/>
      </symbol>
      <symbol id="sm-6f7">
         <name>adc_internal_buffer</name>
         <value>0x269a</value>
         <object_component_ref idref="oc-17c"/>
      </symbol>
      <symbol id="sm-6f8">
         <name>get_curr_chimney_pos</name>
         <value>0xa99e</value>
         <object_component_ref idref="oc-2d4"/>
      </symbol>
      <symbol id="sm-734">
         <name>set_compact_speed</name>
         <value>0xa9e0</value>
         <object_component_ref idref="oc-2e6"/>
      </symbol>
      <symbol id="sm-735">
         <name>motor_pwm_setup</name>
         <value>0xa39a</value>
         <object_component_ref idref="oc-1e9"/>
      </symbol>
      <symbol id="sm-736">
         <name>set_compact_direction</name>
         <value>0xa978</value>
         <object_component_ref idref="oc-2f8"/>
      </symbol>
      <symbol id="sm-737">
         <name>set_chimney_speed</name>
         <value>0xa9d0</value>
         <object_component_ref idref="oc-2ec"/>
      </symbol>
      <symbol id="sm-738">
         <name>set_bin_speed</name>
         <value>0xa9b0</value>
         <object_component_ref idref="oc-2e0"/>
      </symbol>
      <symbol id="sm-739">
         <name>set_bin_direction</name>
         <value>0xa964</value>
         <object_component_ref idref="oc-2f2"/>
      </symbol>
      <symbol id="sm-73a">
         <name>set_chimney_direction</name>
         <value>0xa9c0</value>
         <object_component_ref idref="oc-2fe"/>
      </symbol>
      <symbol id="sm-763">
         <name>MOTOR_SPI_setup</name>
         <value>0xa2f2</value>
         <object_component_ref idref="oc-1ef"/>
      </symbol>
      <symbol id="sm-764">
         <name>init_motor_SPI_transac</name>
         <value>0xa244</value>
         <object_component_ref idref="oc-378"/>
      </symbol>
      <symbol id="sm-765">
         <name>MOTOR_SPI_data</name>
         <value>0x2806</value>
         <object_component_ref idref="oc-166"/>
      </symbol>
      <symbol id="sm-766">
         <name>get_motor_SPI_rx_data</name>
         <value>0xa8dc</value>
         <object_component_ref idref="oc-36c"/>
      </symbol>
      <symbol id="sm-767">
         <name>is_motor_spi_rx_ready</name>
         <value>0xaa58</value>
         <object_component_ref idref="oc-366"/>
      </symbol>
      <symbol id="sm-856">
         <name>led_P7_7_off</name>
         <value>0xaa2a</value>
         <object_component_ref idref="oc-22d"/>
      </symbol>
      <symbol id="sm-857">
         <name>led_P1_0_on</name>
         <value>0xaa64</value>
         <object_component_ref idref="oc-352"/>
      </symbol>
      <symbol id="sm-858">
         <name>P5_get</name>
         <value>0xa854</value>
         <object_component_ref idref="oc-334"/>
      </symbol>
      <symbol id="sm-859">
         <name>error_dump</name>
         <value>0x9552</value>
         <object_component_ref idref="oc-316"/>
      </symbol>
      <symbol id="sm-85a">
         <name>print_mon_analog_value</name>
         <value>0x9bc0</value>
         <object_component_ref idref="oc-304"/>
      </symbol>
      <symbol id="sm-85b">
         <name>P6_get</name>
         <value>0xa876</value>
         <object_component_ref idref="oc-32e"/>
      </symbol>
      <symbol id="sm-85c">
         <name>P7_get</name>
         <value>0xa898</value>
         <object_component_ref idref="oc-328"/>
      </symbol>
      <symbol id="sm-85d">
         <name>warning_dump</name>
         <value>0x9716</value>
         <object_component_ref idref="oc-31c"/>
      </symbol>
      <symbol id="sm-85e">
         <name>P8_get</name>
         <value>0xa8ba</value>
         <object_component_ref idref="oc-322"/>
      </symbol>
      <symbol id="sm-85f">
         <name>led_P5_6_on</name>
         <value>0xaa22</value>
         <object_component_ref idref="oc-227"/>
      </symbol>
      <symbol id="sm-860">
         <name>is_error</name>
         <value>0xaa52</value>
         <object_component_ref idref="oc-3ea"/>
      </symbol>
      <symbol id="sm-861">
         <name>clear_errors</name>
         <value>0xa68a</value>
         <object_component_ref idref="oc-30a"/>
      </symbol>
      <symbol id="sm-862">
         <name>strncmp</name>
         <value>0xa7a8</value>
         <object_component_ref idref="oc-2b6"/>
      </symbol>
      <symbol id="sm-863">
         <name>hex2ascii_byte</name>
         <value>0xa29c</value>
         <object_component_ref idref="oc-3f1"/>
      </symbol>
      <symbol id="sm-864">
         <name>issue_error</name>
         <value>0xa6fa</value>
         <object_component_ref idref="oc-193"/>
      </symbol>
      <symbol id="sm-865">
         <name>led_P2_2_off</name>
         <value>0xaa6a</value>
         <object_component_ref idref="oc-1b9"/>
      </symbol>
      <symbol id="sm-866">
         <name>led_P7_7_on</name>
         <value>0xaa32</value>
         <object_component_ref idref="oc-1bf"/>
      </symbol>
      <symbol id="sm-867">
         <name>clear_warnings</name>
         <value>0xa612</value>
         <object_component_ref idref="oc-310"/>
      </symbol>
      <symbol id="sm-868">
         <name>P1_get</name>
         <value>0xa7cc</value>
         <object_component_ref idref="oc-34c"/>
      </symbol>
      <symbol id="sm-869">
         <name>led_P2_2_on</name>
         <value>0xaa70</value>
         <object_component_ref idref="oc-253"/>
      </symbol>
      <symbol id="sm-86a">
         <name>hex2ascii_int</name>
         <value>0x99a0</value>
         <object_component_ref idref="oc-2c5"/>
      </symbol>
      <symbol id="sm-86b">
         <name>led_P5_6_off</name>
         <value>0xaa1a</value>
         <object_component_ref idref="oc-1c5"/>
      </symbol>
      <symbol id="sm-86c">
         <name>issue_warning</name>
         <value>0xa6c2</value>
         <object_component_ref idref="oc-15f"/>
      </symbol>
      <symbol id="sm-86d">
         <name>led_P1_0_off</name>
         <value>0xaa5e</value>
         <object_component_ref idref="oc-1b3"/>
      </symbol>
      <symbol id="sm-86e">
         <name>P2_get</name>
         <value>0xa7ee</value>
         <object_component_ref idref="oc-346"/>
      </symbol>
      <symbol id="sm-86f">
         <name>ascii2hex_byte</name>
         <value>0x9e36</value>
         <object_component_ref idref="oc-2da"/>
      </symbol>
      <symbol id="sm-870">
         <name>P3_get</name>
         <value>0xa810</value>
         <object_component_ref idref="oc-340"/>
      </symbol>
      <symbol id="sm-871">
         <name>P4_get</name>
         <value>0xa832</value>
         <object_component_ref idref="oc-33a"/>
      </symbol>
      <symbol id="sm-87a">
         <name>_stack</name>
         <value>0x3b60</value>
         <object_component_ref idref="oc-ce"/>
      </symbol>
      <symbol id="sm-87b">
         <name>_reset_vector</name>
         <value>0xfffe</value>
         <object_component_ref idref="oc-d1"/>
      </symbol>
      <symbol id="sm-886">
         <name>_c_int00_noargs_noexit</name>
         <value>0xa91a</value>
         <object_component_ref idref="oc-aa"/>
      </symbol>
      <symbol id="sm-897">
         <name>__TI_decompress_none</name>
         <value>0xa64e</value>
         <object_component_ref idref="oc-6a"/>
      </symbol>
      <symbol id="sm-8bb">
         <name>__TI_decompress_rle24</name>
         <value>0xa9f0</value>
         <object_component_ref idref="oc-70"/>
      </symbol>
      <symbol id="sm-8cb">
         <name>__TI_zero_init</name>
         <value>0xa596</value>
         <object_component_ref idref="oc-8c"/>
      </symbol>
      <symbol id="sm-8d6">
         <name>__memcpy_far</name>
         <value>0xa556</value>
         <object_component_ref idref="oc-d2"/>
      </symbol>
      <symbol id="sm-8e1">
         <name>C$$EXIT</name>
         <value>0xaa7a</value>
         <object_component_ref idref="oc-142"/>
      </symbol>
      <symbol id="sm-8e2">
         <name>abort</name>
         <value>0xaa7a</value>
         <object_component_ref idref="oc-142"/>
      </symbol>
      <symbol id="sm-8e5">
         <name>__TI_int41</name>
         <value>0xffd2</value>
         <object_component_ref idref="oc-76"/>
      </symbol>
      <symbol id="sm-8e8">
         <name>__TI_int42</name>
         <value>0xffd4</value>
         <object_component_ref idref="oc-77"/>
      </symbol>
      <symbol id="sm-8eb">
         <name>__TI_int43</name>
         <value>0xffd6</value>
         <object_component_ref idref="oc-78"/>
      </symbol>
      <symbol id="sm-8ee">
         <name>__TI_int44</name>
         <value>0xffd8</value>
         <object_component_ref idref="oc-79"/>
      </symbol>
      <symbol id="sm-8f1">
         <name>__TI_int47</name>
         <value>0xffde</value>
         <object_component_ref idref="oc-7c"/>
      </symbol>
      <symbol id="sm-8f4">
         <name>__TI_int48</name>
         <value>0xffe0</value>
         <object_component_ref idref="oc-7d"/>
      </symbol>
      <symbol id="sm-8f7">
         <name>__TI_int49</name>
         <value>0xffe2</value>
         <object_component_ref idref="oc-7e"/>
      </symbol>
      <symbol id="sm-8fa">
         <name>__TI_int50</name>
         <value>0xffe4</value>
         <object_component_ref idref="oc-7f"/>
      </symbol>
      <symbol id="sm-8fd">
         <name>__TI_int51</name>
         <value>0xffe6</value>
         <object_component_ref idref="oc-80"/>
      </symbol>
      <symbol id="sm-900">
         <name>__TI_int52</name>
         <value>0xffe8</value>
         <object_component_ref idref="oc-81"/>
      </symbol>
      <symbol id="sm-903">
         <name>__TI_int53</name>
         <value>0xffea</value>
         <object_component_ref idref="oc-82"/>
      </symbol>
      <symbol id="sm-906">
         <name>__TI_int57</name>
         <value>0xfff2</value>
         <object_component_ref idref="oc-86"/>
      </symbol>
      <symbol id="sm-909">
         <name>__TI_int58</name>
         <value>0xfff4</value>
         <object_component_ref idref="oc-87"/>
      </symbol>
      <symbol id="sm-90c">
         <name>__TI_int59</name>
         <value>0xfff6</value>
         <object_component_ref idref="oc-88"/>
      </symbol>
      <symbol id="sm-90f">
         <name>__TI_int60</name>
         <value>0xfff8</value>
         <object_component_ref idref="oc-89"/>
      </symbol>
      <symbol id="sm-912">
         <name>__TI_int62</name>
         <value>0xfffc</value>
         <object_component_ref idref="oc-8b"/>
      </symbol>
      <symbol id="sm-91a">
         <name>__TI_ISR_TRAP</name>
         <value>0xaa3a</value>
         <object_component_ref idref="oc-eb"/>
      </symbol>
      <symbol id="sm-932">
         <name>__mspabi_mpyi_f5hw</name>
         <value>0xa94e</value>
         <object_component_ref idref="oc-2ce"/>
      </symbol>
      <symbol id="sm-962">
         <name>_system_pre_init</name>
         <value>0xaa76</value>
         <object_component_ref idref="oc-11a"/>
      </symbol>
      <symbol id="sm-980">
         <name>_auto_init_hold_wdt</name>
         <value>0x9eb8</value>
         <object_component_ref idref="oc-120"/>
      </symbol>
      <symbol id="sm-982">
         <name>__TI_INITARRAY_Base</name>
         <value>0x0</value>
      </symbol>
      <symbol id="sm-983">
         <name>__TI_INITARRAY_Limit</name>
         <value>0x0</value>
      </symbol>
   </symbol_table>
   <title>Link successful</title>
</link_info>
